
===== GAME 237 (20250831_125505_609864) =====

===== AUCTION =====
Pass (locked): Player 0 (min_allowed=16)
  bidding analysis:
    present_suits: H, D, C
    current_high=0  min_allowed=16  raise_delta=1
    overall: avg=0.00  p30=0.00  std=0.00
    failed_checks:
      D: p30 0.00 < 15; conf_mean 0.00 < 15
      C: p30 0.00 < 15; conf_mean 0.00 < 15
    reason: Pass: No suit meets thresholds. Best suit H has p30=0.00, conf_mean=0.00 below min_allowed=16 (current_high=0, raise_delta=+1). Failed checks for best suit: n/a.
Pass (locked): Player 1 (min_allowed=16)
  bidding analysis:
    present_suits: C, S
    current_high=0  min_allowed=16  raise_delta=1
    overall: avg=17.19  p30=14.00  std=5.63
    failed_checks:
      S: p30 14.00 < 15; conf_mean 14.37 < 15
    reason: Pass: No suit meets thresholds. Best suit S has p30=14.00, conf_mean=14.37 below min_allowed=16 (current_high=0, raise_delta=+1). Failed checks for best suit: p30 14.00 < 15, conf_mean 14.37 < 15.
Pass (locked): Player 2 (min_allowed=16)
  bidding analysis:
    present_suits: H, C
    current_high=0  min_allowed=16  raise_delta=1
    overall: avg=14.19  p30=10.00  std=5.43
    suit_stats:
      H: pts=[13, 8, 20, 20, 12, 13 ...]  avg=14.19  p30=10.00  std=5.43
      C: pts=[]
    failed_checks:
      H: p30 10.00 < 15; conf_mean 11.47 < 15
      C: p30 0.00 < 15; conf_mean 0.00 < 15
    reason: Pass: No suit meets thresholds. Best suit H has p30=10.00, conf_mean=11.47 below min_allowed=16 (current_high=0, raise_delta=+1). Failed checks for best suit: p30 10.00 < 15, conf_mean 11.47 < 15.
Pass (locked): Player 3 (min_allowed=16)
  bidding analysis:
    present_suits: H, D, C
    current_high=0  min_allowed=16  raise_delta=1
    overall: avg=17.12  p30=14.00  std=6.45
    failed_checks:
      D: p30 0.00 < 15; conf_mean 0.00 < 15
      C: p30 14.00 < 15; conf_mean 13.90 < 15
    reason: Pass: No suit meets thresholds. Best suit C has p30=14.00, conf_mean=13.90 below min_allowed=16 (current_high=0, raise_delta=+1). Failed checks for best suit: p30 14.00 < 15, conf_mean 13.90 < 15.
Forced bid: All players passed. Player 0 takes minimum bid 16.

AUCTION WINNER: Player 0 with bid 16; chooses trump H 
Details={'chosen': 'H', 'estimates': {'D': 0.0, 'C': 0.0, 'H': 18.166666666666668}}
Player 0 hand :  ['9D', 'KD', 'JC', '8S', '7D', 'QS', '9H']
Player 1 hand :  ['7S', '10S', '8C', 'AC', 'KH', 'AD', 'JD', 'AS']
Player 2 hand :  ['7H', '8H', '10C', '10H', 'KC', '9C', '7C', 'QH']
Player 3 hand :  ['10D', 'QC', 'JH', '8D', '9S', 'KS', 'QD', 'JS']
Player 0 (auction 4 cards): ['9D', 'KD', 'AH', 'JC']
Player 1 (auction 4 cards): ['7S', '10S', '8C', 'AC']
Player 2 (auction 4 cards): ['7H', '8H', '10C', '10H']
Player 3 (auction 4 cards): ['10D', 'QC', 'JH', '8D']
Auction winner (bidder): Player 0 with bid 16
Bidder sets concealed trump suit: H
Phase: concealed, bidder concealed card: AH

Player 0 plays 9D
Player 1 plays AD
-- Phase 2 begins: Trump revealed as H by Player 2 on trick 1 --
Player 2 plays 7H
Player 3 plays 10D
Player 2 won the hand: 4 points

Player 2 plays 8H
Player 3 plays JH
Player 0 plays 9H
Player 1 plays KH
Player 3 won the hand: 5 points

Player 3 plays QC
Player 0 plays JC
Player 1 plays 8C
Player 2 plays 10C
Player 0 won the hand: 4 points

Player 0 plays KD
Player 1 plays JD
Player 2 plays 10H
Player 3 plays 8D
Player 2 won the hand: 4 points

Player 2 plays KC
Player 3 plays 9S
Player 0 plays 8S
Player 1 plays AC
Player 1 won the hand: 3 points

Player 1 plays 7S
Player 2 plays 9C
Player 3 plays KS
Player 0 plays QS
Player 3 won the hand: 2 points

Player 3 plays QD
Player 0 plays 7D
Player 1 plays 10S
Player 2 plays 7C
Player 3 won the hand: 1 points

Player 3 plays JS
Player 0 plays AH
Player 1 plays AS
Player 2 plays QH
Player 0 won the hand: 5 points

Game 237 final points: Team A=17, Team B=11
Series cumulative game score so far: Team A=-48, Team B=-36
Log saved to: c:\Users\laksh\Desktop\Projects\28bot\logs\game28\mcts_games\game_237_20250831_125505_609864.log
