
===== GAME 101 (20250830_120508_274621) =====

===== AUCTION =====
Pass (locked): Player 0 (min_allowed=16)
  bidding analysis:
    present_suits: D, C, S
    current_high=0  min_allowed=16  raise_delta=1
    overall: avg=0.00  p30=0.00  std=0.00
    failed_checks:
      D: p30 0.00 < 15; conf_mean 0.00 < 15
      C: p30 0.00 < 15; conf_mean 0.00 < 15
    reason: Pass: No suit meets thresholds. Best suit D has p30=0.00, conf_mean=0.00 below min_allowed=16 (current_high=0, raise_delta=+1). Failed checks for best suit: p30 0.00 < 15, conf_mean 0.00 < 15.
Pass (locked): Player 1 (min_allowed=16)
  bidding analysis:
    present_suits: H, D, C
    current_high=0  min_allowed=16  raise_delta=1
    overall: avg=0.00  p30=0.00  std=0.00
    failed_checks:
      H: p30 0.00 < 15; conf_mean 0.00 < 15
      C: p30 0.00 < 15; conf_mean 0.00 < 15
    reason: Pass: No suit meets thresholds. Best suit H has p30=0.00, conf_mean=0.00 below min_allowed=16 (current_high=0, raise_delta=+1). Failed checks for best suit: p30 0.00 < 15, conf_mean 0.00 < 15.
Pass (locked): Player 2 (min_allowed=16)
  bidding analysis:
    present_suits: H, D, C, S
    current_high=0  min_allowed=16  raise_delta=1
    overall: avg=12.00  p30=12.00  std=0.00
    failed_checks:
      H: p30 12.00 < 15; conf_mean 12.00 < 15
      D: p30 8.00 < 15; conf_mean 8.00 < 15
      C: p30 10.00 < 15; conf_mean 10.00 < 15
      S: p30 10.00 < 15; conf_mean 10.00 < 15
    reason: Pass: No suit meets thresholds. Best suit H has p30=12.00, conf_mean=12.00 below min_allowed=16 (current_high=0, raise_delta=+1). Failed checks for best suit: p30 12.00 < 15, conf_mean 12.00 < 15.
Pass (locked): Player 3 (min_allowed=16)
  bidding analysis:
    present_suits: D, S
    current_high=0  min_allowed=16  raise_delta=1
    overall: avg=11.00  p30=11.00  std=0.00
    suit_stats:
      D: pts=[10, 22, 9, 19, 6, 22 ...]  avg=13.81  p30=9.00  std=7.45
      S: pts=[11]  avg=11.00  p30=11.00  std=0.00
    failed_checks:
      D: p30 9.00 < 15; conf_mean 10.09 < 15
      S: p30 11.00 < 15; conf_mean 11.00 < 15
    reason: Pass: No suit meets thresholds. Best suit S has p30=11.00, conf_mean=11.00 below min_allowed=16 (current_high=0, raise_delta=+1). Failed checks for best suit: p30 11.00 < 15, conf_mean 11.00 < 15.
Forced bid: All players passed. Player 0 takes minimum bid 16.

AUCTION WINNER: Player 0 with bid 16; chooses trump S 
Details={'chosen': 'S', 'estimates': {'D': 0.0, 'C': 0.0, 'S': 17.666666666666668}}
Player 0 hand :  ['AC', '7D', 'JC', '9S', '7C', 'AH', 'QD']
Player 1 hand :  ['JH', '9D', '10C', 'KD', 'KH', '8H', 'QC', '9H']
Player 2 hand :  ['QH', 'AD', 'AS', 'KC', '7H', 'QS', '10H', '7S']
Player 3 hand :  ['8D', 'JD', 'KS', '8S', '8C', '10D', '9C', 'JS']
Player 0 (auction 4 cards): ['AC', '7D', '10S', 'JC']
Player 1 (auction 4 cards): ['JH', '9D', '10C', 'KD']
Player 2 (auction 4 cards): ['QH', 'AD', 'AS', 'KC']
Player 3 (auction 4 cards): ['8D', 'JD', 'KS', '8S']
Auction winner (bidder): Player 0 with bid 16
Bidder sets concealed trump suit: S
Phase: concealed, bidder concealed card: 10S

Player 0 plays AC
Player 1 plays 10C
Player 2 plays KC
Player 3 plays 8C
Player 0 won the hand: 2 points

Player 0 plays 7D
Player 1 plays 9D
Player 2 plays AD
Player 3 plays 8D
Player 1 won the hand: 3 points

Player 1 plays JH
Player 2 plays QH
Player 3 plays JD
Player 0 plays AH
Player 1 won the hand: 7 points

Player 1 plays KD
-- Phase 2 begins: Trump revealed as S by Player 2 on trick 4 --
Player 2 plays AS
Player 3 plays 10D
Player 0 plays QD
Player 2 won the hand: 2 points

Player 2 plays 7H
Player 3 plays KS
Player 0 plays JC
Player 1 plays KH
Player 3 won the hand: 3 points

Player 3 plays 8S
Player 0 plays 9S
Player 1 plays 8H
Player 2 plays QS
Player 0 won the hand: 2 points

Player 0 plays 7C
Player 1 plays QC
Player 2 plays 10H
Player 3 plays 9C
Player 3 won the hand: 3 points

Player 3 plays JS
Player 0 plays 10S
Player 1 plays 9H
Player 2 plays 7S
Player 3 won the hand: 6 points

Game 101 final points: Team A=6, Team B=22
Series cumulative game score so far: Team A=-21, Team B=-22
Log saved to: c:\Users\laksh\Desktop\Projects\28bot\logs\game28\mcts_games\game_101_20250830_120508_274621.log
