
===== GAME 227 (20250831_122031_308414) =====

===== AUCTION =====
Pass (locked): Player 0 (min_allowed=16)
  bidding analysis:
    present_suits: D, C, S
    current_high=0  min_allowed=16  raise_delta=1
    overall: avg=14.19  p30=12.00  std=5.58
    failed_checks:
      C: p30 0.00 < 15; conf_mean 0.00 < 15
      S: p30 12.00 < 15; conf_mean 11.40 < 15
    reason: Pass: No suit meets thresholds. Best suit S has p30=12.00, conf_mean=11.40 below min_allowed=16 (current_high=0, raise_delta=+1). Failed checks for best suit: p30 12.00 < 15, conf_mean 11.40 < 15.
Pass (locked): Player 1 (min_allowed=16)
  bidding analysis:
    present_suits: D, C, S
    current_high=0  min_allowed=16  raise_delta=1
    overall: avg=13.12  p30=9.00  std=4.72
    suit_stats:
      D: pts=[14, 10, 17, 8, 5, 9 ...]  avg=13.12  p30=9.00  std=4.72
      C: pts=[]
      S: pts=[]
    failed_checks:
      D: p30 9.00 < 15; conf_mean 10.77 < 15
      C: p30 0.00 < 15; conf_mean 0.00 < 15
      S: p30 0.00 < 15; conf_mean 0.00 < 15
    reason: Pass: No suit meets thresholds. Best suit D has p30=9.00, conf_mean=10.77 below min_allowed=16 (current_high=0, raise_delta=+1). Failed checks for best suit: p30 9.00 < 15, conf_mean 10.77 < 15.
Pass (locked): Player 2 (min_allowed=16)
  bidding analysis:
    present_suits: H, C
    current_high=0  min_allowed=16  raise_delta=1
    overall: avg=0.00  p30=0.00  std=0.00
    failed_checks:
      C: p30 0.00 < 15; conf_mean 0.00 < 15
    reason: Pass: No suit meets thresholds. Best suit H has p30=0.00, conf_mean=0.00 below min_allowed=16 (current_high=0, raise_delta=+1). Failed checks for best suit: n/a.
Pass (locked): Player 3 (min_allowed=16)
  bidding analysis:
    present_suits: H, S
    current_high=0  min_allowed=16  raise_delta=1
    overall: avg=11.38  p30=12.00  std=5.45
    failed_checks:
      S: p30 12.00 < 15; conf_mean 8.65 < 15
    reason: Pass: No suit meets thresholds. Best suit S has p30=12.00, conf_mean=8.65 below min_allowed=16 (current_high=0, raise_delta=+1). Failed checks for best suit: p30 12.00 < 15, conf_mean 8.65 < 15.
Forced bid: All players passed. Player 0 takes minimum bid 16.

AUCTION WINNER: Player 0 with bid 16; chooses trump S 
Details={'chosen': 'S', 'estimates': {'C': 0.0, 'S': 14.1875, 'D': 9.333333333333334}}
Player 0 hand :  ['QD', 'KC', '8C', 'QC', '10D', '7D', '8D']
Player 1 hand :  ['9D', '7C', 'AD', 'QS', 'JS', '7S', '7H', 'AC']
Player 2 hand :  ['JC', 'AH', '9C', '10C', '10H', 'KD', '9H', 'QH']
Player 3 hand :  ['KS', '8S', 'KH', '8H', 'JD', 'JH', '9S', '10S']
Player 0 (auction 4 cards): ['AS', 'QD', 'KC', '8C']
Player 1 (auction 4 cards): ['9D', '7C', 'AD', 'QS']
Player 2 (auction 4 cards): ['JC', 'AH', '9C', '10C']
Player 3 (auction 4 cards): ['KS', '8S', 'KH', '8H']
Auction winner (bidder): Player 0 with bid 16
Bidder sets concealed trump suit: S
Phase: concealed, bidder concealed card: AS

Player 0 plays QD
Player 1 plays 9D
Player 2 plays KD
Player 3 plays JD
Player 3 won the hand: 5 points

Player 3 plays KS
Player 0 plays KC
Player 1 plays QS
Player 2 plays JC
Player 3 won the hand: 3 points

Player 3 plays 8S
Player 0 plays 8C
Player 1 plays JS
Player 2 plays AH
Player 1 won the hand: 4 points

Player 1 plays 7C
Player 2 plays 9C
Player 3 plays KH
Player 0 plays QC
Player 2 won the hand: 2 points

Player 2 plays 10C
Player 3 plays 8H
Player 0 plays 10D
Player 1 plays AC
Player 1 won the hand: 3 points

Player 1 plays AD
Player 2 plays 10H
Player 3 plays JH
Player 0 plays 7D
Player 1 won the hand: 5 points

Player 1 plays 7S
Player 2 plays 9H
Player 3 plays 9S
Player 0 plays 8D
Player 3 won the hand: 4 points

Player 3 plays 10S
Error during gameplay: Current player 0 has no cards but other players do
No cards available, ending game
Game 227 final points: Team A=2, Team B=24
Series cumulative game score so far: Team A=-43, Team B=-35
Log saved to: c:\Users\laksh\Desktop\Projects\28bot\logs\game28\mcts_games\game_227_20250831_122031_308414.log
