
===== GAME 114 (20250830_141641_951940) =====

===== AUCTION =====
Pass (locked): Player 0 (min_allowed=16)
  bidding analysis:
    present_suits: H, D, C
    current_high=0  min_allowed=16  raise_delta=1
    overall: avg=0.00  p30=0.00  std=0.00
    failed_checks:
      H: p30 0.00 < 15; conf_mean 0.00 < 15
      C: p30 0.00 < 15; conf_mean 0.00 < 15
    reason: Pass: No suit meets thresholds. Best suit H has p30=0.00, conf_mean=0.00 below min_allowed=16 (current_high=0, raise_delta=+1). Failed checks for best suit: p30 0.00 < 15, conf_mean 0.00 < 15.
Pass (locked): Player 1 (min_allowed=16)
  bidding analysis:
    present_suits: H, D, C
    current_high=0  min_allowed=16  raise_delta=1
    overall: avg=12.50  p30=10.00  std=4.56
    failed_checks:
      H: p30 10.00 < 15; conf_mean 10.22 < 15
      D: p30 0.00 < 15; conf_mean 0.00 < 15
    reason: Pass: No suit meets thresholds. Best suit H has p30=10.00, conf_mean=10.22 below min_allowed=16 (current_high=0, raise_delta=+1). Failed checks for best suit: p30 10.00 < 15, conf_mean 10.22 < 15.
Bid: Player 2 proposes 17 (min_allowed=16)
  bidding analysis:
    present_suits: C, S
    current_high=0  min_allowed=16  raise_delta=1
    chosen_suit: S
    proposed_bid: 17
    overall: avg=17.00  p30=17.00  std=0.00
    suit_stats:
      C: pts=[2, 18, 16, 11, 17, 14 ...]  avg=16.00  p30=14.00  std=5.06
      S: pts=[17]  avg=17.00  p30=17.00  std=0.00
    reason: Bid: Suit S meets thresholds (p30=17.00, conf_mean=17.00 >= min_allowed=16); conservative mapping max(p30, avg-1) -> 17. (current_high=0, raise_delta=+1)
Pass (locked): Player 3 (min_allowed=18)
  bidding analysis:
    present_suits: H, D, C
    current_high=17  min_allowed=18  raise_delta=1
    overall: avg=6.25  p30=0.00  std=6.50
    failed_checks:
      H: p30 0.00 < 17; conf_mean 0.00 < 17
      C: p30 0.00 < 17; conf_mean 3.00 < 17
    reason: Pass: No suit meets thresholds. Best suit C has p30=0.00, conf_mean=3.00 below min_allowed=18 (current_high=17, raise_delta=+1). Failed checks for best suit: p30 0.00 < 17, conf_mean 3.00 < 17.

AUCTION WINNER: Player 2 with bid 17; chooses trump S 
Details={'chosen': 'S', 'estimates': {'S': 22.0, 'C': 20.0}}
Player 0 hand :  ['9D', '7C', '8H', 'AC', '9C', 'QD', '9H', '9S']
Player 1 hand :  ['QC', 'KH', '10H', '7D', '7S', 'KC', 'JH', 'AS']
Player 2 hand :  ['JC', '10S', '8C', '7H', 'JS', 'QH', 'QS']
Player 3 hand :  ['AH', '10C', 'KD', 'AD', '8S', 'JD', '8D', '10D']
Player 0 (auction 4 cards): ['9D', '7C', '8H', 'AC']
Player 1 (auction 4 cards): ['QC', 'KH', '10H', '7D']
Player 2 (auction 4 cards): ['JC', 'KS', '10S', '8C']
Player 3 (auction 4 cards): ['AH', '10C', 'KD', 'AD']
Auction winner (bidder): Player 2 with bid 17
Bidder sets concealed trump suit: S
Phase: concealed, bidder concealed card: KS

Player 0 plays 9D
Player 1 plays 7D
Player 2 plays JC
Player 3 plays KD
Player 0 won the hand: 5 points

Player 0 plays 7C
Player 1 plays QC
Player 2 plays 8C
Player 3 plays 10C
Player 3 won the hand: 1 points

Player 3 plays AH
Player 0 plays 8H
Player 1 plays KH
Player 2 plays 7H
Player 3 won the hand: 1 points

Player 3 plays AD
Player 0 plays QD
Player 1 plays 10H
-- Phase 2 begins: Trump revealed as S by Player 2 on trick 4 --
Player 2 plays 10S
Player 2 won the hand: 3 points

Player 2 plays JS
Player 3 plays 8S
Player 0 plays 9S
Player 1 plays 7S
Player 2 won the hand: 5 points

Player 2 plays QH
Player 3 plays JD
Player 0 plays 9H
Player 1 plays JH
Player 1 won the hand: 8 points

Player 1 plays KC
Player 2 plays QS
Player 3 plays 8D
Player 0 plays AC
Player 2 won the hand: 1 points

Player 2 plays KS
Player 3 plays 10D
Player 0 plays 9C
Player 1 plays AS
Player 1 won the hand: 4 points

Game 114 final points: Team A=14, Team B=14
Series cumulative game score so far: Team A=-23, Team B=-23
Log saved to: c:\Users\laksh\Desktop\Projects\28bot\logs\game28\mcts_games\game_114_20250830_141641_951940.log
