
===== GAME 123 (20250830_155805_052791) =====

===== AUCTION =====
Bid: Player 0 proposes 16 (min_allowed=16)
  bidding analysis:
    present_suits: H, D, S
    current_high=0  min_allowed=16  raise_delta=1
    chosen_suit: H
    proposed_bid: 16
    overall: avg=16.25  p30=16.00  std=2.17
    reason: Bid (precomputed): Suit H meets thresholds (p30=16.00, conf_mean=15.17 >= min_allowed=16); conservative mapping max(p30, avg-1) -> 16. (current_high=0, raise_delta=+1)
Bid: Player 1 proposes 17 (min_allowed=17)
  bidding analysis:
    present_suits: H, C
    current_high=16  min_allowed=17  raise_delta=1
    chosen_suit: H
    proposed_bid: 17
    overall: avg=18.69  p30=17.00  std=3.74
    suit_stats:
      H: pts=[24, 16, 17, 17, 22, 14 ...]  avg=18.69  p30=17.00  std=3.74
      C: pts=[]
    reason: Bid: Suit H meets thresholds (p30=17.00, conf_mean=16.82 >= min_allowed=17); conservative mapping max(p30, avg-1) -> 17. (current_high=16, raise_delta=+1)
Pass (locked): Player 2 (min_allowed=18)
  bidding analysis:
    present_suits: D, C, S
    current_high=17  min_allowed=18  raise_delta=1
    overall: avg=10.25  p30=9.00  std=5.56
    failed_checks:
      D: p30 0.00 < 17; conf_mean 0.00 < 17
      S: p30 9.00 < 17; conf_mean 7.47 < 17
    reason: Pass: No suit meets thresholds. Best suit S has p30=9.00, conf_mean=7.47 below min_allowed=18 (current_high=17, raise_delta=+1). Failed checks for best suit: p30 9.00 < 17, conf_mean 7.47 < 17.
Pass (locked): Player 3 (min_allowed=18)
  bidding analysis:
    present_suits: H, C, S
    current_high=17  min_allowed=18  raise_delta=1
    overall: avg=14.19  p30=11.00  std=5.63
    suit_stats:
      S: pts=[19, 11, 3, 21, 24, 11 ...]  avg=14.19  p30=11.00  std=5.63
      H: pts=[]
      C: pts=[]
    failed_checks:
      H: p30 0.00 < 17; conf_mean 0.00 < 17
      C: p30 0.00 < 17; conf_mean 0.00 < 17
      S: p30 11.00 < 17; conf_mean 11.37 < 17
    reason: Pass: No suit meets thresholds. Best suit S has p30=11.00, conf_mean=11.37 below min_allowed=18 (current_high=17, raise_delta=+1). Failed checks for best suit: p30 11.00 < 17, conf_mean 11.37 < 17.
Pass (locked): Player 0 (min_allowed=18)
  bidding analysis:
    present_suits: H, D, S
    current_high=17  min_allowed=18  raise_delta=1
    overall: avg=16.25  p30=16.00  std=2.17
    failed_checks:
      H: p30 16.00 < 17; conf_mean 15.17 < 17
      D: p30 0.00 < 17; conf_mean 0.00 < 17
    reason: Pass: No suit meets thresholds. Best suit H has p30=16.00, conf_mean=15.17 below min_allowed=18 (current_high=17, raise_delta=+1). Failed checks for best suit: p30 16.00 < 17, conf_mean 15.17 < 17.

AUCTION WINNER: Player 1 with bid 17; chooses trump H 
Details={'chosen': 'H', 'estimates': {'C': 12.0, 'H': 27.0}}
Player 0 hand :  ['AH', '7H', '10D', 'KS', 'QC', 'AS', 'KH', '8D']
Player 1 hand :  ['8H', '8C', '9H', '7C', 'JS', '9D', '10H']
Player 2 hand :  ['10S', 'KD', '7D', '10C', 'JD', 'QD', 'QS', '9C']
Player 3 hand :  ['7S', 'QH', '8S', 'AC', 'AD', 'JC', 'KC', '9S']
Player 0 (auction 4 cards): ['AH', '7H', '10D', 'KS']
Player 1 (auction 4 cards): ['8H', 'JH', '8C', '9H']
Player 2 (auction 4 cards): ['10S', 'KD', '7D', '10C']
Player 3 (auction 4 cards): ['7S', 'QH', '8S', 'AC']
Auction winner (bidder): Player 1 with bid 17
Bidder sets concealed trump suit: H
Phase: concealed, bidder concealed card: JH

Player 0 plays AH
Player 1 plays 8H
Player 2 plays 10S
Player 3 plays QH
Player 0 won the hand: 2 points

Player 0 plays 7H
Player 1 plays 9H
Player 2 plays KD
Player 3 plays 7S
Player 1 won the hand: 2 points

Player 1 plays 8C
Player 2 plays 10C
Player 3 plays AC
Player 0 plays QC
Player 3 won the hand: 2 points

Player 3 plays 8S
Player 0 plays KS
Player 1 plays JS
Player 2 plays QS
Player 1 won the hand: 3 points

Player 1 plays 7C
Player 2 plays 9C
Player 3 plays JC
Player 0 plays 10D
Player 3 won the hand: 6 points

Player 3 plays AD
Player 0 plays 8D
Player 1 plays 9D
Player 2 plays 7D
Player 1 won the hand: 3 points

Player 1 plays 10H
Player 2 plays JD
Player 3 plays KC
Player 0 plays KH
Player 1 won the hand: 4 points

Error during gameplay: Current player 1 has no cards but other players do
No cards available, ending game
Game 123 final points: Team A=2, Team B=20
Series cumulative game score so far: Team A=-24, Team B=-26
Log saved to: c:\Users\laksh\Desktop\Projects\28bot\logs\game28\mcts_games\game_123_20250830_155805_052791.log
