
===== GAME 101 (20250825_184225_091824) =====

===== AUCTION =====
Pass (locked): Player 0 (min_allowed=16)
  bidding analysis:
    present_suits: H, D, C
    current_high=0  min_allowed=16  raise_delta=1
    overall: avg=14.38  p30=10.00  std=5.95
    suit_stats:
      C: pts=[6, 16, 11, 20, 8, 16 ...]  avg=14.38  p30=10.00  std=5.95
      H: pts=[]
      D: pts=[]
    failed_checks:
      H: p30 0.00 < 15; conf_mean 0.00 < 15
      D: p30 0.00 < 15; conf_mean 0.00 < 15
      C: p30 10.00 < 15; conf_mean 11.40 < 15
    reason: Pass: No suit meets thresholds. Best suit C has p30=10.00, conf_mean=11.40 below min_allowed=16 (current_high=0, raise_delta=+1). Failed checks for best suit: p30 10.00 < 15, conf_mean 11.40 < 15.
Pass (locked): Player 1 (min_allowed=16)
  bidding analysis:
    present_suits: H, D, C
    current_high=0  min_allowed=16  raise_delta=1
    overall: avg=13.88  p30=10.00  std=5.62
    suit_stats:
      D: pts=[17, 10, 5, 7, 11, 16 ...]  avg=13.88  p30=10.00  std=5.62
      H: pts=[]
      C: pts=[]
    failed_checks:
      H: p30 0.00 < 15; conf_mean 0.00 < 15
      D: p30 10.00 < 15; conf_mean 11.06 < 15
      C: p30 0.00 < 15; conf_mean 0.00 < 15
    reason: Pass: No suit meets thresholds. Best suit D has p30=10.00, conf_mean=11.06 below min_allowed=16 (current_high=0, raise_delta=+1). Failed checks for best suit: p30 10.00 < 15, conf_mean 11.06 < 15.
Bid: Player 2 proposes 19 (min_allowed=16)
  bidding analysis:
    present_suits: H, D, C, S
    current_high=0  min_allowed=16  raise_delta=1
    chosen_suit: S
    proposed_bid: 19
    overall: avg=19.00  p30=19.00  std=0.00
    reason: Bid (precomputed): Suit S meets thresholds (p30=19.00, conf_mean=19.00 >= min_allowed=16); conservative mapping max(p30, avg-1) -> 19. (current_high=0, raise_delta=+1)
Pass (locked): Player 3 (min_allowed=20)
  bidding analysis:
    present_suits: C, S
    current_high=19  min_allowed=20  raise_delta=1
    overall: avg=15.56  p30=14.00  std=4.69
    suit_stats:
      S: pts=[22, 15, 4, 16, 15, 19 ...]  avg=15.56  p30=14.00  std=4.69
      C: pts=[]
    failed_checks:
      C: p30 0.00 < 19; conf_mean 0.00 < 19
      S: p30 14.00 < 19; conf_mean 13.22 < 19
    reason: Pass: No suit meets thresholds. Best suit S has p30=14.00, conf_mean=13.22 below min_allowed=20 (current_high=19, raise_delta=+1). Failed checks for best suit: p30 14.00 < 19, conf_mean 13.22 < 19.

AUCTION WINNER: Player 2 with bid 19; chooses trump S 
Details={'chosen': 'S', 'estimates': {'H': 9.0, 'D': 11.0, 'C': 11.0, 'S': 19.0}}
Player 0 hand :  ['QH', 'KC', 'JD', 'QC', 'KD', '10C', '8H', 'KS']
Player 1 hand :  ['AH', '9C', '8D', '9D', 'JC', 'JH', 'KH', 'QD']
Player 2 hand :  ['8C', '7H', 'AD', '8S', '10D', '7D', '9H']
Player 3 hand :  ['7S', '10S', '7C', 'QS', '10H', '9S', 'AC', 'JS']
Player 0 (auction 4 cards): ['QH', 'KC', 'JD', 'QC']
Player 1 (auction 4 cards): ['AH', '9C', '8D', '9D']
Player 2 (auction 4 cards): ['AS', '8C', '7H', 'AD']
Player 3 (auction 4 cards): ['7S', '10S', '7C', 'QS']
Auction winner (bidder): Player 2 with bid 19
Bidder sets concealed trump suit: S
Phase: concealed, bidder concealed card: AS

Player 0 plays QH
Player 1 plays AH
Player 2 plays 7H
Player 3 plays 10H
Player 1 won the hand: 2 points

Player 1 plays 9C
Player 2 plays 8C
Player 3 plays 7C
Player 0 plays KC
Player 1 won the hand: 2 points

Player 1 plays 8D
Player 2 plays AD
-- Phase 2 begins: Trump revealed as S by Player 3 on trick 3 --
Player 3 plays 7S
Player 0 plays JD
Player 3 won the hand: 4 points

Player 3 plays 10S
Player 0 plays KS
Player 1 plays 9D
Player 2 plays 8S
Player 3 won the hand: 3 points

Player 3 plays QS
Player 0 plays QC
Player 1 plays JC
Player 2 plays AS
Player 2 won the hand: 4 points

Player 2 plays 10D
Player 3 plays 9S
Player 0 plays KD
Player 1 plays QD
Player 3 won the hand: 3 points

Player 3 plays AC
Player 0 plays 10C
Player 1 plays JH
Player 2 plays 7D
Player 3 won the hand: 5 points

Player 3 plays JS
Player 0 plays 8H
Player 1 plays KH
Player 2 plays 9H
Player 3 won the hand: 5 points

Game 101 final points: Team A=4, Team B=24
Series cumulative game score so far: Team A=-19, Team B=-17
Log saved to: c:\Users\laksh\Desktop\Projects\28bot\logs\game28\mcts_games\game_101_20250825_184225_091824.log
