
===== GAME 249 (20250831_143725_349213) =====

===== AUCTION =====
Pass (locked): Player 0 (min_allowed=16)
  bidding analysis:
    present_suits: H, D, S
    current_high=0  min_allowed=16  raise_delta=1
    overall: avg=0.00  p30=0.00  std=0.00
    failed_checks:
      H: p30 0.00 < 15; conf_mean 0.00 < 15
      D: p30 0.00 < 15; conf_mean 0.00 < 15
    reason: Pass: No suit meets thresholds. Best suit H has p30=0.00, conf_mean=0.00 below min_allowed=16 (current_high=0, raise_delta=+1). Failed checks for best suit: p30 0.00 < 15, conf_mean 0.00 < 15.
Pass (locked): Player 1 (min_allowed=16)
  bidding analysis:
    present_suits: D, C, S
    current_high=0  min_allowed=16  raise_delta=1
    overall: avg=0.00  p30=0.00  std=0.00
    failed_checks:
      D: p30 0.00 < 15; conf_mean 0.00 < 15
      S: p30 0.00 < 15; conf_mean 0.00 < 15
    reason: Pass: No suit meets thresholds. Best suit D has p30=0.00, conf_mean=0.00 below min_allowed=16 (current_high=0, raise_delta=+1). Failed checks for best suit: p30 0.00 < 15, conf_mean 0.00 < 15.
Pass (locked): Player 2 (min_allowed=16)
  bidding analysis:
    present_suits: H, D, S
    current_high=0  min_allowed=16  raise_delta=1
    overall: avg=14.94  p30=11.00  std=5.54
    suit_stats:
      S: pts=[7, 11, 13, 19, 18, 19 ...]  avg=14.94  p30=11.00  std=5.54
      H: pts=[]
      D: pts=[]
    failed_checks:
      H: p30 0.00 < 15; conf_mean 0.00 < 15
      D: p30 0.00 < 15; conf_mean 0.00 < 15
      S: p30 11.00 < 15; conf_mean 12.17 < 15
    reason: Pass: No suit meets thresholds. Best suit S has p30=11.00, conf_mean=12.17 below min_allowed=16 (current_high=0, raise_delta=+1). Failed checks for best suit: p30 11.00 < 15, conf_mean 12.17 < 15.
Pass (locked): Player 3 (min_allowed=16)
  bidding analysis:
    present_suits: H, D, S
    current_high=0  min_allowed=16  raise_delta=1
    overall: avg=14.12  p30=11.00  std=4.91
    failed_checks:
      H: p30 0.00 < 15; conf_mean 0.00 < 15
      D: p30 11.00 < 15; conf_mean 11.67 < 15
      S: p30 0.00 < 15; conf_mean 0.00 < 15
    reason: Pass: No suit meets thresholds. Best suit D has p30=11.00, conf_mean=11.67 below min_allowed=16 (current_high=0, raise_delta=+1). Failed checks for best suit: p30 11.00 < 15, conf_mean 11.67 < 15.
Forced bid: All players passed. Player 0 takes minimum bid 16.

AUCTION WINNER: Player 0 with bid 16; chooses trump S 
Details={'chosen': 'S', 'estimates': {'H': 0.0, 'D': 0.0, 'S': 10.666666666666666}}
Player 0 hand :  ['QD', '7H', '8H', '9C', 'JC', 'AC', '10D']
Player 1 hand :  ['AD', 'JS', '7C', '8C', '7S', 'QC', '7D', 'AS']
Player 2 hand :  ['9H', 'KD', '9S', 'QS', '10H', 'KC', 'AH', 'JD']
Player 3 hand :  ['8D', 'QH', '8S', 'JH', 'KH', '10S', '9D', '10C']
Player 0 (auction 4 cards): ['KS', 'QD', '7H', '8H']
Player 1 (auction 4 cards): ['AD', 'JS', '7C', '8C']
Player 2 (auction 4 cards): ['9H', 'KD', '9S', 'QS']
Player 3 (auction 4 cards): ['8D', 'QH', '8S', 'JH']
Auction winner (bidder): Player 0 with bid 16
Bidder sets concealed trump suit: S
Phase: concealed, bidder concealed card: KS

Player 0 plays QD
Player 1 plays AD
Player 2 plays KD
Player 3 plays 8D
Player 1 won the hand: 1 points

Player 1 plays JS
Player 2 plays 9S
Player 3 plays 8S
Player 0 plays 7H
Player 1 won the hand: 5 points

Player 1 plays 7C
Player 2 plays KC
Player 3 plays 10C
Player 0 plays 9C
Player 0 won the hand: 3 points

Player 0 plays 8H
Player 1 plays 8C
Player 2 plays 9H
Player 3 plays QH
Player 2 won the hand: 2 points

Player 2 plays QS
Player 3 plays 10S
Player 0 plays JC
Player 1 plays 7S
Player 3 won the hand: 4 points

Player 3 plays JH
Player 0 plays AC
Player 1 plays QC
Player 2 plays 10H
Player 3 won the hand: 5 points

Player 3 plays KH
Player 0 plays 10D
Player 1 plays 7D
Player 2 plays AH
Player 2 won the hand: 2 points

Player 2 plays JD
Player 3 plays 9D
Error during gameplay: Current player 0 has no cards but other players do
No cards available, ending game
Game 249 final points: Team A=7, Team B=15
Series cumulative game score so far: Team A=-53, Team B=-37
Log saved to: c:\Users\laksh\Desktop\Projects\28bot\logs\game28\mcts_games\game_249_20250831_143725_349213.log
