
===== GAME 69 (20250830_064909_473816) =====

===== AUCTION =====
Bid: Player 0 proposes 17 (min_allowed=16)
  bidding analysis:
    present_suits: H, C, S
    current_high=0  min_allowed=16  raise_delta=1
    chosen_suit: S
    proposed_bid: 17
    overall: avg=18.31  p30=15.00  std=4.50
    suit_stats:
      S: pts=[24, 18, 26, 19, 23, 21 ...]  avg=18.31  p30=15.00  std=4.50
      H: pts=[]
      C: pts=[]
    reason: Bid: Suit S meets thresholds (p30=15.00, conf_mean=16.06 >= min_allowed=16); conservative mapping max(p30, avg-1) -> 17. (current_high=0, raise_delta=+1)
Pass (locked): Player 1 (min_allowed=18)
  bidding analysis:
    present_suits: H, D, C
    current_high=17  min_allowed=18  raise_delta=1
    overall: avg=0.00  p30=0.00  std=0.00
    failed_checks:
      D: p30 0.00 < 17; conf_mean 0.00 < 17
      C: p30 0.00 < 17; conf_mean 0.00 < 17
    reason: Pass: No suit meets thresholds. Best suit H has p30=0.00, conf_mean=0.00 below min_allowed=18 (current_high=17, raise_delta=+1). Failed checks for best suit: n/a.
Pass (locked): Player 2 (min_allowed=18)
  bidding analysis:
    present_suits: H, D, C
    current_high=17  min_allowed=18  raise_delta=1
    overall: avg=13.96  p30=12.00  std=5.43
    failed_checks:
      H: p30 12.00 < 17; conf_mean 11.24 < 17
      C: p30 0.00 < 17; conf_mean 0.00 < 17
    reason: Pass: No suit meets thresholds. Best suit H has p30=12.00, conf_mean=11.24 below min_allowed=18 (current_high=17, raise_delta=+1). Failed checks for best suit: p30 12.00 < 17, conf_mean 11.24 < 17.
Pass (locked): Player 3 (min_allowed=18)
  bidding analysis:
    present_suits: D, C, S
    current_high=17  min_allowed=18  raise_delta=1
    overall: avg=16.12  p30=13.00  std=4.69
    failed_checks:
      D: p30 13.00 < 17; conf_mean 13.78 < 17
      S: p30 0.00 < 17; conf_mean 0.00 < 17
    reason: Pass: No suit meets thresholds. Best suit D has p30=13.00, conf_mean=13.78 below min_allowed=18 (current_high=17, raise_delta=+1). Failed checks for best suit: p30 13.00 < 17, conf_mean 13.78 < 17.

AUCTION WINNER: Player 0 with bid 17; chooses trump C 
Details={'chosen': 'C', 'estimates': {'H': 10.0, 'S': 8.0, 'C': 14.0}}
Player 0 hand :  ['9S', 'JS', 'AH', '7H', '8C', 'JH', 'JC']
Player 1 hand :  ['9H', '8D', '10C', 'QD', 'KD', 'AD', '8S', '7C']
Player 2 hand :  ['KC', 'QH', '8H', '9D', '9C', '7S', '10S', 'QS']
Player 3 hand :  ['QC', 'JD', 'KS', 'AS', 'KH', '7D', '10D', '10H']
Player 0 (auction 4 cards): ['9S', 'AC', 'JS', 'AH']
Player 1 (auction 4 cards): ['9H', '8D', '10C', 'QD']
Player 2 (auction 4 cards): ['KC', 'QH', '8H', '9D']
Player 3 (auction 4 cards): ['QC', 'JD', 'KS', 'AS']
Auction winner (bidder): Player 0 with bid 17
Bidder sets concealed trump suit: C
Phase: concealed, bidder concealed card: AC

Player 0 plays 9S
Player 1 plays 8S
Player 2 plays 7S
Player 3 plays KS
Player 0 won the hand: 2 points

Player 0 plays JS
Player 1 plays 9H
Player 2 plays 10S
Player 3 plays AS
Player 0 won the hand: 7 points

Player 0 plays AH
Player 1 plays 8D
Player 2 plays QH
Player 3 plays KH
Player 0 won the hand: 1 points

Player 0 plays 7H
-- Phase 2 begins: Trump revealed as C by Player 1 on trick 4 --
Player 1 plays 10C
Player 2 plays 8H
Player 3 plays 10H
Player 1 won the hand: 2 points

Player 1 plays QD
Player 2 plays 9D
Player 3 plays JD
Player 0 plays 8C
Player 0 won the hand: 5 points

Player 0 plays JH
Player 1 plays KD
Player 2 plays KC
Player 3 plays QC
Player 2 won the hand: 3 points

Player 2 plays 9C
Player 3 plays 7D
Player 0 plays JC
Player 1 plays 7C
Player 0 won the hand: 5 points

Player 0 plays AC
Player 1 plays AD
Player 2 plays QS
Player 3 plays 10D
Player 0 won the hand: 3 points

Game 69 final points: Team A=26, Team B=2
Series cumulative game score so far: Team A=-10, Team B=-22
Log saved to: c:\Users\laksh\Desktop\Projects\28bot\logs\game28\mcts_games\game_69_20250830_064909_473816.log
