
===== GAME 140 (20250830_211432_674881) =====

===== AUCTION =====
Pass (locked): Player 0 (min_allowed=16)
  bidding analysis:
    present_suits: D, C, S
    current_high=0  min_allowed=16  raise_delta=1
    overall: avg=0.00  p30=0.00  std=0.00
    failed_checks:
      D: p30 0.00 < 15; conf_mean 0.00 < 15
      C: p30 0.00 < 15; conf_mean 0.00 < 15
    reason: Pass: No suit meets thresholds. Best suit D has p30=0.00, conf_mean=0.00 below min_allowed=16 (current_high=0, raise_delta=+1). Failed checks for best suit: p30 0.00 < 15, conf_mean 0.00 < 15.
Pass (locked): Player 1 (min_allowed=16)
  bidding analysis:
    present_suits: H, S
    current_high=0  min_allowed=16  raise_delta=1
    overall: avg=12.88  p30=10.00  std=4.33
    suit_stats:
      H: pts=[16, 15, 12, 5, 16, 23 ...]  avg=12.88  p30=10.00  std=4.33
      S: pts=[]
    failed_checks:
      H: p30 10.00 < 15; conf_mean 10.71 < 15
      S: p30 0.00 < 15; conf_mean 0.00 < 15
    reason: Pass: No suit meets thresholds. Best suit H has p30=10.00, conf_mean=10.71 below min_allowed=16 (current_high=0, raise_delta=+1). Failed checks for best suit: p30 10.00 < 15, conf_mean 10.71 < 15.
Pass (locked): Player 2 (min_allowed=16)
  bidding analysis:
    present_suits: H, D, C
    current_high=0  min_allowed=16  raise_delta=1
    overall: avg=17.67  p30=14.00  std=9.37
    failed_checks:
      H: p30 9.00 < 15; conf_mean 8.33 < 15
      D: p30 0.00 < 15; conf_mean 1.75 < 15
      C: p30 14.00 < 15; conf_mean 12.98 < 15
    reason: Pass: No suit meets thresholds. Best suit C has p30=14.00, conf_mean=12.98 below min_allowed=16 (current_high=0, raise_delta=+1). Failed checks for best suit: p30 14.00 < 15, conf_mean 12.98 < 15.
Pass (locked): Player 3 (min_allowed=16)
  bidding analysis:
    present_suits: H, C
    current_high=0  min_allowed=16  raise_delta=1
    overall: avg=14.38  p30=12.00  std=4.87
    suit_stats:
      C: pts=[14, 20, 11, 19, 23, 6 ...]  avg=14.38  p30=12.00  std=4.87
      H: pts=[]
    failed_checks:
      H: p30 0.00 < 15; conf_mean 0.00 < 15
      C: p30 12.00 < 15; conf_mean 11.94 < 15
    reason: Pass: No suit meets thresholds. Best suit C has p30=12.00, conf_mean=11.94 below min_allowed=16 (current_high=0, raise_delta=+1). Failed checks for best suit: p30 12.00 < 15, conf_mean 11.94 < 15.
Forced bid: All players passed. Player 0 takes minimum bid 16.

AUCTION WINNER: Player 0 with bid 16; chooses trump S 
Details={'chosen': 'S', 'estimates': {'D': 0.0, 'C': 0.0, 'S': 16.333333333333332}}
Player 0 hand :  ['8S', 'JC', '10D', 'JS', 'JH', '10C', '9S']
Player 1 hand :  ['KH', '10H', 'QS', 'QH', 'QD', '9H', '8H', '7S']
Player 2 hand :  ['7H', '9C', '9D', '7D', '8C', '8D', 'AD', 'JD']
Player 3 hand :  ['KC', 'AH', '7C', 'AC', 'KS', 'QC', 'KD', 'AS']
Player 0 (auction 4 cards): ['10S', '8S', 'JC', '10D']
Player 1 (auction 4 cards): ['KH', '10H', 'QS', 'QH']
Player 2 (auction 4 cards): ['7H', '9C', '9D', '7D']
Player 3 (auction 4 cards): ['KC', 'AH', '7C', 'AC']
Auction winner (bidder): Player 0 with bid 16
Bidder sets concealed trump suit: S
Phase: concealed, bidder concealed card: 10S

Player 0 plays JC
Player 1 plays KH
Player 2 plays 9C
Player 3 plays KC
Player 0 won the hand: 5 points

Player 0 plays 10D
Player 1 plays QD
Player 2 plays 9D
Player 3 plays KD
Player 2 won the hand: 3 points

Player 2 plays 7H
Player 3 plays AH
Player 0 plays JH
Player 1 plays 10H
Player 0 won the hand: 5 points

Player 0 plays 10C
-- Phase 2 begins: Trump revealed as S by Player 1 on trick 4 --
Player 1 plays QS
Player 2 plays 8C
Player 3 plays 7C
Player 1 won the hand: 1 points

Player 1 plays QH
Player 2 plays 7D
Player 3 plays AC
Player 0 plays 8S
Player 0 won the hand: 1 points

Player 0 plays JS
Player 1 plays 7S
Player 2 plays 8D
Player 3 plays KS
Player 0 won the hand: 3 points

Player 0 plays 9S
Player 1 plays 9H
Player 2 plays AD
Player 3 plays AS
Player 0 won the hand: 6 points

Player 0 plays 10S
Player 1 plays 8H
Player 2 plays JD
Player 3 plays QC
Player 0 won the hand: 4 points

Game 140 final points: Team A=27, Team B=1
Series cumulative game score so far: Team A=-28, Team B=-25
Log saved to: c:\Users\laksh\Desktop\Projects\28bot\logs\game28\mcts_games\game_140_20250830_211432_674881.log
