
===== GAME 132 (20250830_200133_920913) =====

===== AUCTION =====
Pass (locked): Player 0 (min_allowed=16)
  bidding analysis:
    present_suits: D, C, S
    current_high=0  min_allowed=16  raise_delta=1
    overall: avg=16.00  p30=13.00  std=5.70
    failed_checks:
      D: p30 13.00 < 15; conf_mean 13.15 < 15
      C: p30 0.00 < 15; conf_mean 0.00 < 15
    reason: Pass: No suit meets thresholds. Best suit D has p30=13.00, conf_mean=13.15 below min_allowed=16 (current_high=0, raise_delta=+1). Failed checks for best suit: p30 13.00 < 15, conf_mean 13.15 < 15.
Bid: Player 1 proposes 17 (min_allowed=16)
  bidding analysis:
    present_suits: H, S
    current_high=0  min_allowed=16  raise_delta=1
    chosen_suit: S
    proposed_bid: 17
    overall: avg=18.00  p30=16.00  std=4.26
    suit_stats:
      S: pts=[13, 21, 13, 25, 18, 11 ...]  avg=18.00  p30=16.00  std=4.26
      H: pts=[]
    reason: Bid: Suit S meets thresholds (p30=16.00, conf_mean=15.87 >= min_allowed=16); conservative mapping max(p30, avg-1) -> 17. (current_high=0, raise_delta=+1)
Pass (locked): Player 2 (min_allowed=18)
  bidding analysis:
    present_suits: H, D, C
    current_high=17  min_allowed=18  raise_delta=1
    overall: avg=18.25  p30=15.00  std=6.02
    failed_checks:
      D: p30 0.00 < 17; conf_mean 0.00 < 17
      C: p30 15.00 < 17; conf_mean 15.24 < 17
    reason: Pass: No suit meets thresholds. Best suit C has p30=15.00, conf_mean=15.24 below min_allowed=18 (current_high=17, raise_delta=+1). Failed checks for best suit: p30 15.00 < 17, conf_mean 15.24 < 17.
Bid: Player 3 proposes 20 (min_allowed=18)
  bidding analysis:
    present_suits: D, S
    current_high=17  min_allowed=18  raise_delta=1
    chosen_suit: D
    proposed_bid: 20
    overall: avg=20.00  p30=20.00  std=0.00
    suit_stats:
      S: pts=[8, 20, 21, 15, 17, 8 ...]  avg=19.12  p30=17.00  std=5.25
      D: pts=[20]  avg=20.00  p30=20.00  std=0.00
    reason: Bid: Suit D meets thresholds (p30=20.00, conf_mean=20.00 >= min_allowed=18); conservative mapping max(p30, avg-1) -> 20. (current_high=17, raise_delta=+1)
Pass (locked): Player 1 (min_allowed=21)
  bidding analysis:
    present_suits: H, S
    current_high=20  min_allowed=21  raise_delta=1
    overall: avg=13.56  p30=10.00  std=4.64
    suit_stats:
      S: pts=[13, 10, 10, 14, 20, 9 ...]  avg=13.56  p30=10.00  std=4.64
      H: pts=[]
    failed_checks:
      H: p30 0.00 < 20; conf_mean 0.00 < 20
      S: p30 10.00 < 20; conf_mean 11.24 < 20
    reason: Pass: No suit meets thresholds. Best suit S has p30=10.00, conf_mean=11.24 below min_allowed=21 (current_high=20, raise_delta=+1). Failed checks for best suit: p30 10.00 < 20, conf_mean 11.24 < 20.

AUCTION WINNER: Player 3 with bid 20; chooses trump D 
Details={'chosen': 'D', 'estimates': {'S': 22.0, 'D': 26.0}}
Player 0 hand :  ['QC', '8D', 'KC', '9S', '8C', '9C', 'JC', 'QD']
Player 1 hand :  ['KS', 'QS', '8H', '8S', '10H', '9H', 'JH', '7S']
Player 2 hand :  ['10C', 'KH', 'JD', 'AD', 'AH', 'QH', '10D', '7H']
Player 3 hand :  ['10S', 'JS', '9D', 'AC', '7C', 'AS', '7D']
Player 0 (auction 4 cards): ['QC', '8D', 'KC', '9S']
Player 1 (auction 4 cards): ['KS', 'QS', '8H', '8S']
Player 2 (auction 4 cards): ['10C', 'KH', 'JD', 'AD']
Player 3 (auction 4 cards): ['10S', 'JS', 'KD', '9D']
Auction winner (bidder): Player 3 with bid 20
Bidder sets concealed trump suit: D
Phase: concealed, bidder concealed card: KD

Player 0 plays QC
Player 1 plays KS
Player 2 plays 10C
Player 3 plays AC
Player 3 won the hand: 2 points

Player 3 plays 10S
Player 0 plays 9S
Player 1 plays QS
Player 2 plays KH
Player 0 won the hand: 3 points

Player 0 plays 8D
Player 1 plays 8H
Player 2 plays JD
Player 3 plays 9D
Player 2 won the hand: 5 points

Player 2 plays AD
Player 3 plays 7D
Player 0 plays QD
Player 1 plays 8S
Player 2 won the hand: 1 points

Player 2 plays AH
Player 3 plays JS
Player 0 plays KC
Player 1 plays 10H
Player 2 won the hand: 5 points

Player 2 plays QH
Player 3 plays 7C
Player 0 plays 8C
Player 1 plays 9H
Player 1 won the hand: 2 points

Player 1 plays JH
Player 2 plays 7H
Player 3 plays AS
Player 0 plays 9C
Player 1 won the hand: 6 points

Player 1 plays 7S
-- Phase 2 begins: Trump revealed as D by Player 2 on trick 8 --
Player 2 plays 10D
Player 3 plays KD
Player 0 plays JC
Player 2 won the hand: 4 points

Game 132 final points: Team A=18, Team B=10
Series cumulative game score so far: Team A=-29, Team B=-26
Log saved to: c:\Users\laksh\Desktop\Projects\28bot\logs\game28\mcts_games\game_132_20250830_200133_920913.log
