
===== GAME 213 (20250831_094440_241543) =====

===== AUCTION =====
Bid: Player 0 proposes 18 (min_allowed=16)
  bidding analysis:
    present_suits: H, C, S
    current_high=0  min_allowed=16  raise_delta=1
    chosen_suit: S
    proposed_bid: 18
    overall: avg=19.88  p30=17.00  std=3.69
    reason: Bid (precomputed): Suit S meets thresholds (p30=17.00, conf_mean=18.03 >= min_allowed=16); conservative mapping max(p30, avg-1) -> 18. (current_high=0, raise_delta=+1)
Pass (locked): Player 1 (min_allowed=19)
  bidding analysis:
    present_suits: D, C, S
    current_high=18  min_allowed=19  raise_delta=1
    overall: avg=12.88  p30=10.00  std=5.68
    failed_checks:
      D: p30 10.00 < 18; conf_mean 10.04 < 18
      C: p30 0.00 < 18; conf_mean 0.00 < 18
    reason: Pass: No suit meets thresholds. Best suit D has p30=10.00, conf_mean=10.04 below min_allowed=19 (current_high=18, raise_delta=+1). Failed checks for best suit: p30 10.00 < 18, conf_mean 10.04 < 18.
Pass (locked): Player 2 (min_allowed=19)
  bidding analysis:
    present_suits: H, D, S
    current_high=18  min_allowed=19  raise_delta=1
    overall: avg=16.19  p30=16.00  std=6.72
    failed_checks:
      H: p30 0.00 < 18; conf_mean 0.00 < 18
      D: p30 0.00 < 18; conf_mean 0.00 < 18
      S: p30 16.00 < 18; conf_mean 12.83 < 18
    reason: Pass: No suit meets thresholds. Best suit S has p30=16.00, conf_mean=12.83 below min_allowed=19 (current_high=18, raise_delta=+1). Failed checks for best suit: p30 16.00 < 18, conf_mean 12.83 < 18.
Bid: Player 3 proposes 21 (min_allowed=19)
  bidding analysis:
    present_suits: H, D, C, S
    current_high=18  min_allowed=19  raise_delta=1
    chosen_suit: D
    proposed_bid: 21
    overall: avg=21.00  p30=21.00  std=0.00
    reason: Bid (precomputed): Suit D meets thresholds (p30=21.00, conf_mean=21.00 >= min_allowed=19); conservative mapping max(p30, avg-1) -> 21. (current_high=18, raise_delta=+1)
Pass (locked): Player 0 (min_allowed=22)
  bidding analysis:
    present_suits: H, C, S
    current_high=21  min_allowed=22  raise_delta=1
    overall: avg=19.88  p30=17.00  std=3.69
    failed_checks:
      H: p30 0.00 < 21; conf_mean 0.00 < 21
      C: p30 0.00 < 21; conf_mean 0.00 < 21
      S: p30 17.00 < 21; conf_mean 18.03 < 21
    reason: Pass: No suit meets thresholds. Best suit S has p30=17.00, conf_mean=18.03 below min_allowed=22 (current_high=21, raise_delta=+1). Failed checks for best suit: p30 17.00 < 21, conf_mean 18.03 < 21.

AUCTION WINNER: Player 3 with bid 21; chooses trump D 
Details={'chosen': 'D', 'estimates': {'H': 18.0, 'D': 21.0, 'C': 19.0, 'S': 14.0}}
Player 0 hand :  ['9S', 'JC', 'AH', 'JS', 'JD', '7S', 'QH', 'KC']
Player 1 hand :  ['7C', '7D', 'AD', 'KS', 'AC', 'KD', 'QC', '9C']
Player 2 hand :  ['10H', '10S', 'QD', 'KH', '8D', 'AS', '9H', '7H']
Player 3 hand :  ['JH', '8C', 'QS', '9D', '8S', '8H', '10C']
Player 0 (auction 4 cards): ['9S', 'JC', 'AH', 'JS']
Player 1 (auction 4 cards): ['7C', '7D', 'AD', 'KS']
Player 2 (auction 4 cards): ['10H', '10S', 'QD', 'KH']
Player 3 (auction 4 cards): ['JH', '10D', '8C', 'QS']
Auction winner (bidder): Player 3 with bid 21
Bidder sets concealed trump suit: D
Phase: concealed, bidder concealed card: 10D

Player 0 plays 9S
Player 1 plays KS
Player 2 plays 10S
Player 3 plays QS
Player 0 won the hand: 3 points

Player 0 plays JC
Player 1 plays 7C
Player 2 plays 10H
Player 3 plays 8C
Player 0 won the hand: 4 points

Player 0 plays AH
-- Phase 2 begins: Trump revealed as D by Player 1 on trick 3 --
Player 1 plays 7D
Player 2 plays KH
Player 3 plays JH
Player 1 won the hand: 4 points

Player 1 plays AD
Player 2 plays QD
Player 3 plays 9D
Player 0 plays JD
Player 0 won the hand: 6 points

Player 0 plays JS
Player 1 plays AC
Player 2 plays AS
Player 3 plays 8S
Player 0 won the hand: 5 points

Player 0 plays 7S
Player 1 plays KD
Player 2 plays 8D
Player 3 plays 8H
Player 1 won the hand: 0 points

Player 1 plays QC
Player 2 plays 9H
Player 3 plays 10C
Player 0 plays KC
Player 3 won the hand: 3 points

Player 3 plays 10D
Player 0 plays QH
Player 1 plays 9C
Player 2 plays 7H
Player 3 won the hand: 3 points

Game 213 final points: Team A=18, Team B=10
Series cumulative game score so far: Team A=-41, Team B=-32
Log saved to: c:\Users\laksh\Desktop\Projects\28bot\logs\game28\mcts_games\game_213_20250831_094440_241543.log
