
===== GAME 175 (20250831_005657_019534) =====

===== AUCTION =====
Pass (locked): Player 0 (min_allowed=16)
  bidding analysis:
    present_suits: H, C, S
    current_high=0  min_allowed=16  raise_delta=1
    overall: avg=15.00  p30=8.00  std=8.06
    failed_checks:
      H: p30 8.00 < 15; conf_mean 10.97 < 15
      C: p30 0.00 < 15; conf_mean 0.00 < 15
      S: p30 0.00 < 15; conf_mean 0.00 < 15
    reason: Pass: No suit meets thresholds. Best suit H has p30=8.00, conf_mean=10.97 below min_allowed=16 (current_high=0, raise_delta=+1). Failed checks for best suit: p30 8.00 < 15, conf_mean 10.97 < 15.
Pass (locked): Player 1 (min_allowed=16)
  bidding analysis:
    present_suits: H, D, S
    current_high=0  min_allowed=16  raise_delta=1
    overall: avg=0.00  p30=0.00  std=0.00
    failed_checks:
      D: p30 0.00 < 15; conf_mean 0.00 < 15
      S: p30 0.00 < 15; conf_mean 0.00 < 15
    reason: Pass: No suit meets thresholds. Best suit H has p30=0.00, conf_mean=0.00 below min_allowed=16 (current_high=0, raise_delta=+1). Failed checks for best suit: n/a.
Pass (locked): Player 2 (min_allowed=16)
  bidding analysis:
    present_suits: D, C, S
    current_high=0  min_allowed=16  raise_delta=1
    overall: avg=0.00  p30=0.00  std=0.00
    failed_checks:
      D: p30 0.00 < 15; conf_mean 0.00 < 15
      C: p30 0.00 < 15; conf_mean 0.00 < 15
    reason: Pass: No suit meets thresholds. Best suit D has p30=0.00, conf_mean=0.00 below min_allowed=16 (current_high=0, raise_delta=+1). Failed checks for best suit: p30 0.00 < 15, conf_mean 0.00 < 15.
Pass (locked): Player 3 (min_allowed=16)
  bidding analysis:
    present_suits: D, C, S
    current_high=0  min_allowed=16  raise_delta=1
    overall: avg=14.00  p30=8.00  std=7.14
    failed_checks:
      D: p30 0.00 < 15; conf_mean 0.00 < 15
      S: p30 8.00 < 15; conf_mean 10.43 < 15
    reason: Pass: No suit meets thresholds. Best suit S has p30=8.00, conf_mean=10.43 below min_allowed=16 (current_high=0, raise_delta=+1). Failed checks for best suit: p30 8.00 < 15, conf_mean 10.43 < 15.
Forced bid: All players passed. Player 0 takes minimum bid 16.

AUCTION WINNER: Player 0 with bid 16; chooses trump H 
Details={'chosen': 'H', 'estimates': {'H': 15.0, 'C': 0.0, 'S': 0.0}}
Player 0 hand :  ['KS', '10C', '8S', 'QH', '8H', '8C', 'JD']
Player 1 hand :  ['10S', 'AH', '10H', '7D', 'AC', 'QS', '9H', '9C']
Player 2 hand :  ['7S', 'QD', 'JC', 'KC', 'JH', 'AS', '9S', 'QC']
Player 3 hand :  ['JS', '8D', '7C', 'KD', '7H', '10D', '9D', 'AD']
Player 0 (auction 4 cards): ['KS', '10C', 'KH', '8S']
Player 1 (auction 4 cards): ['10S', 'AH', '10H', '7D']
Player 2 (auction 4 cards): ['7S', 'QD', 'JC', 'KC']
Player 3 (auction 4 cards): ['JS', '8D', '7C', 'KD']
Auction winner (bidder): Player 0 with bid 16
Bidder sets concealed trump suit: H
Phase: concealed, bidder concealed card: KH

Player 0 plays KS
Player 1 plays 10S
Player 2 plays 7S
Player 3 plays JS
Player 3 won the hand: 4 points

Player 3 plays 8D
Player 0 plays JD
Player 1 plays 7D
Player 2 plays QD
Player 0 won the hand: 3 points

Player 0 plays 10C
Player 1 plays AC
Player 2 plays JC
Player 3 plays 7C
Player 2 won the hand: 5 points

Player 2 plays KC
Player 3 plays KD
Player 0 plays 8C
Player 1 plays 9C
Player 1 won the hand: 2 points

Player 1 plays AH
Player 2 plays JH
Player 3 plays 7H
Player 0 plays QH
Player 2 won the hand: 4 points

Player 2 plays AS
Player 3 plays 10D
Player 0 plays 8S
Player 1 plays QS
Player 2 won the hand: 2 points

Player 2 plays 9S
Player 3 plays 9D
-- Phase 2 begins: Trump revealed as H by Player 0 on trick 7 --
Player 0 plays 8H
Player 1 plays 10H
Player 1 won the hand: 5 points

Player 1 plays 9H
Player 2 plays QC
Player 3 plays AD
Player 0 plays KH
Player 1 won the hand: 3 points

Game 175 final points: Team A=14, Team B=14
Series cumulative game score so far: Team A=-32, Team B=-29
Log saved to: c:\Users\laksh\Desktop\Projects\28bot\logs\game28\mcts_games\game_175_20250831_005657_019534.log
