
===== GAME 110 (20250825_194558_835707) =====

===== AUCTION =====
Pass (locked): Player 0 (min_allowed=16)
  bidding analysis:
    present_suits: D, S
    current_high=0  min_allowed=16  raise_delta=1
    overall: avg=14.94  p30=12.00  std=4.48
    suit_stats:
      S: pts=[9, 17, 13, 19, 6, 18 ...]  avg=14.94  p30=12.00  std=4.48
      D: pts=[]
    failed_checks:
      D: p30 0.00 < 15; conf_mean 0.00 < 15
      S: p30 12.00 < 15; conf_mean 12.70 < 15
    reason: Pass: No suit meets thresholds. Best suit S has p30=12.00, conf_mean=12.70 below min_allowed=16 (current_high=0, raise_delta=+1). Failed checks for best suit: p30 12.00 < 15, conf_mean 12.70 < 15.
Pass (locked): Player 1 (min_allowed=16)
  bidding analysis:
    present_suits: H, D, C
    current_high=0  min_allowed=16  raise_delta=1
    overall: avg=0.00  p30=0.00  std=0.00
    failed_checks:
      D: p30 0.00 < 15; conf_mean 0.00 < 15
      C: p30 0.00 < 15; conf_mean 0.00 < 15
    reason: Pass: No suit meets thresholds. Best suit H has p30=0.00, conf_mean=0.00 below min_allowed=16 (current_high=0, raise_delta=+1). Failed checks for best suit: n/a.
Bid: Player 2 proposes 18 (min_allowed=16)
  bidding analysis:
    present_suits: H, D, S
    current_high=0  min_allowed=16  raise_delta=1
    chosen_suit: S
    proposed_bid: 18
    overall: avg=19.00  p30=17.00  std=3.12
    reason: Bid (precomputed): Suit S meets thresholds (p30=17.00, conf_mean=17.44 >= min_allowed=16); conservative mapping max(p30, avg-1) -> 18. (current_high=0, raise_delta=+1)
Pass (locked): Player 3 (min_allowed=19)
  bidding analysis:
    present_suits: H, C, S
    current_high=18  min_allowed=19  raise_delta=1
    overall: avg=17.38  p30=14.00  std=6.44
    failed_checks:
      H: p30 0.00 < 18; conf_mean 0.00 < 18
      C: p30 14.00 < 18; conf_mean 14.15 < 18
      S: p30 0.00 < 18; conf_mean 0.00 < 18
    reason: Pass: No suit meets thresholds. Best suit C has p30=14.00, conf_mean=14.15 below min_allowed=19 (current_high=18, raise_delta=+1). Failed checks for best suit: p30 14.00 < 18, conf_mean 14.15 < 18.

AUCTION WINNER: Player 2 with bid 18; chooses trump S 
Details={'chosen': 'S', 'estimates': {'D': 0.0, 'S': 19.0, 'H': 16.833333333333332}}
Player 0 hand :  ['9S', 'QD', '7S', '8S', 'KC', '7D', 'AS', 'QS']
Player 1 hand :  ['9H', '10H', 'KD', '7C', '10C', '10S', '8D', 'QH']
Player 2 hand :  ['AD', '7H', 'JD', 'AH', 'AC', 'QC', '8H']
Player 3 hand :  ['KH', 'KS', '8C', 'JC', '9D', '10D', '9C', 'JH']
Player 0 (auction 4 cards): ['9S', 'QD', '7S', '8S']
Player 1 (auction 4 cards): ['9H', '10H', 'KD', '7C']
Player 2 (auction 4 cards): ['JS', 'AD', '7H', 'JD']
Player 3 (auction 4 cards): ['KH', 'KS', '8C', 'JC']
Auction winner (bidder): Player 2 with bid 18
Bidder sets concealed trump suit: S
Phase: concealed, bidder concealed card: JS

Player 0 plays 9S
Player 1 plays 10S
Player 2 plays AD
Player 3 plays KS
Player 0 won the hand: 4 points

Player 0 plays QD
Player 1 plays KD
Player 2 plays JD
Player 3 plays 9D
Player 2 won the hand: 5 points

Player 2 plays 7H
Player 3 plays KH
-- Phase 2 begins: Trump revealed as S by Player 0 on trick 3 --
Player 0 plays 7S
Player 1 plays 9H
Player 0 won the hand: 2 points

Player 0 plays 8S
Player 1 plays 10H
Player 2 plays JS
Player 3 plays 8C
Player 2 won the hand: 4 points

Player 2 plays AH
Player 3 plays JH
Player 0 plays KC
Player 1 plays QH
Player 3 won the hand: 4 points

Player 3 plays JC
Player 0 plays 7D
Player 1 plays 7C
Player 2 plays AC
Player 3 won the hand: 4 points

Player 3 plays 10D
Player 0 plays AS
Player 1 plays 8D
Player 2 plays QC
Player 0 won the hand: 2 points

Player 0 plays QS
Player 1 plays 10C
Player 2 plays 8H
Player 3 plays 9C
Player 0 won the hand: 3 points

Game 110 final points: Team A=20, Team B=8
Series cumulative game score so far: Team A=-18, Team B=-18
Log saved to: c:\Users\laksh\Desktop\Projects\28bot\logs\game28\mcts_games\game_110_20250825_194558_835707.log
