
===== GAME 98 (20250825_174601_806108) =====

===== AUCTION =====
Pass (locked): Player 0 (min_allowed=16)
  bidding analysis:
    present_suits: H, D, C
    current_high=0  min_allowed=16  raise_delta=1
    overall: avg=15.38  p30=13.00  std=3.57
    failed_checks:
      H: p30 0.00 < 15; conf_mean 0.00 < 15
      D: p30 13.00 < 15; conf_mean 13.59 < 15
      C: p30 0.00 < 15; conf_mean 0.00 < 15
    reason: Pass: No suit meets thresholds. Best suit D has p30=13.00, conf_mean=13.59 below min_allowed=16 (current_high=0, raise_delta=+1). Failed checks for best suit: p30 13.00 < 15, conf_mean 13.59 < 15.
Pass (locked): Player 1 (min_allowed=16)
  bidding analysis:
    present_suits: H, D, S
    current_high=0  min_allowed=16  raise_delta=1
    overall: avg=16.50  p30=15.00  std=4.64
    failed_checks:
      H: p30 0.00 < 15; conf_mean 0.00 < 15
      D: conf_mean 14.18 < 15
    reason: Pass: No suit meets thresholds. Best suit D has p30=15.00, conf_mean=14.18 below min_allowed=16 (current_high=0, raise_delta=+1). Failed checks for best suit: conf_mean 14.18 < 15.
Pass (locked): Player 2 (min_allowed=16)
  bidding analysis:
    present_suits: H, D, C, S
    current_high=0  min_allowed=16  raise_delta=1
    overall: avg=17.67  p30=13.00  std=6.42
    failed_checks:
      H: p30 13.00 < 15; conf_mean 14.46 < 15
      D: p30 11.00 < 15; conf_mean 11.52 < 15
      C: p30 9.00 < 15; conf_mean 7.24 < 15
      S: p30 0.00 < 15; conf_mean 3.84 < 15
    reason: Pass: No suit meets thresholds. Best suit H has p30=13.00, conf_mean=14.46 below min_allowed=16 (current_high=0, raise_delta=+1). Failed checks for best suit: p30 13.00 < 15, conf_mean 14.46 < 15.
Pass (locked): Player 3 (min_allowed=16)
  bidding analysis:
    present_suits: H, C, S
    current_high=0  min_allowed=16  raise_delta=1
    overall: avg=14.50  p30=13.00  std=5.21
    failed_checks:
      H: p30 0.00 < 15; conf_mean 0.00 < 15
      C: p30 13.00 < 15; conf_mean 11.90 < 15
    reason: Pass: No suit meets thresholds. Best suit C has p30=13.00, conf_mean=11.90 below min_allowed=16 (current_high=0, raise_delta=+1). Failed checks for best suit: p30 13.00 < 15, conf_mean 11.90 < 15.
Forced bid: All players passed. Player 0 takes minimum bid 16.

AUCTION WINNER: Player 0 with bid 16; chooses trump D 
Details={'chosen': 'D', 'estimates': {'H': 0.0, 'D': 15.375, 'C': 0.0}}
Player 0 hand :  ['8D', 'JC', '10H', 'QS', '8S', '9C', '10D']
Player 1 hand :  ['9S', 'JH', '9H', '9D', '7D', '10S', 'KC', 'KH']
Player 2 hand :  ['7C', 'JD', '7S', 'AH', '8H', 'AS', '10C', 'JS']
Player 3 hand :  ['QC', 'KS', 'QH', 'AC', 'QD', 'KD', '7H', '8C']
Player 0 (auction 4 cards): ['AD', '8D', 'JC', '10H']
Player 1 (auction 4 cards): ['9S', 'JH', '9H', '9D']
Player 2 (auction 4 cards): ['7C', 'JD', '7S', 'AH']
Player 3 (auction 4 cards): ['QC', 'KS', 'QH', 'AC']
Auction winner (bidder): Player 0 with bid 16
Bidder sets concealed trump suit: D
Phase: concealed, bidder concealed card: AD

Player 0 plays JC
Player 1 plays KC
Player 2 plays 7C
Player 3 plays QC
Player 0 won the hand: 3 points

Player 0 plays 10H
Player 1 plays JH
Player 2 plays AH
Player 3 plays QH
Player 1 won the hand: 5 points

Player 1 plays 9S
Player 2 plays 7S
Player 3 plays KS
Player 0 plays QS
Player 1 won the hand: 2 points

Player 1 plays 9H
Player 2 plays 8H
Player 3 plays 7H
-- Phase 2 begins: Trump revealed as D by Player 0 on trick 4 --
Player 0 plays 8D
Player 0 won the hand: 2 points

Player 0 plays 8S
Player 1 plays 10S
Player 2 plays AS
Player 3 plays AC
Player 2 won the hand: 3 points

Player 2 plays JD
Player 3 plays QD
Player 0 plays 10D
Player 1 plays 9D
Player 2 won the hand: 6 points

Player 2 plays 10C
Player 3 plays 8C
Player 0 plays 9C
Player 1 plays 7D
Player 1 won the hand: 3 points

Player 1 plays KH
Player 2 plays JS
Player 3 plays KD
Player 0 plays AD
Player 0 won the hand: 4 points

Game 98 final points: Team A=18, Team B=10
Series cumulative game score so far: Team A=-18, Team B=-17
Log saved to: c:\Users\laksh\Desktop\Projects\28bot\logs\game28\mcts_games\game_98_20250825_174601_806108.log
