
===== GAME 88 (20250830_083441_569889) =====

===== AUCTION =====
Bid: Player 0 proposes 17 (min_allowed=16)
  bidding analysis:
    present_suits: D, C
    current_high=0  min_allowed=16  raise_delta=1
    chosen_suit: C
    proposed_bid: 17
    overall: avg=18.31  p30=15.00  std=4.74
    suit_stats:
      C: pts=[21, 12, 21, 26, 21, 19 ...]  avg=18.31  p30=15.00  std=4.74
      D: pts=[]
    reason: Bid: Suit C meets thresholds (p30=15.00, conf_mean=15.94 >= min_allowed=16); conservative mapping max(p30, avg-1) -> 17. (current_high=0, raise_delta=+1)
Pass (locked): Player 1 (min_allowed=18)
  bidding analysis:
    present_suits: H, D, S
    current_high=17  min_allowed=18  raise_delta=1
    overall: avg=18.25  p30=17.00  std=4.24
    failed_checks:
      H: p30 0.00 < 17; conf_mean 0.00 < 17
      D: p30 0.00 < 17; conf_mean 0.00 < 17
      S: conf_mean 16.13 < 17
    reason: Pass: No suit meets thresholds. Best suit S has p30=17.00, conf_mean=16.13 below min_allowed=18 (current_high=17, raise_delta=+1). Failed checks for best suit: conf_mean 16.13 < 17.
Pass (locked): Player 2 (min_allowed=18)
  bidding analysis:
    present_suits: D, C
    current_high=17  min_allowed=18  raise_delta=1
    overall: avg=17.69  p30=14.00  std=5.46
    suit_stats:
      C: pts=[14, 23, 28, 21, 13, 14 ...]  avg=17.69  p30=14.00  std=5.46
      D: pts=[]
    failed_checks:
      D: p30 0.00 < 17; conf_mean 0.00 < 17
      C: p30 14.00 < 17; conf_mean 14.96 < 17
    reason: Pass: No suit meets thresholds. Best suit C has p30=14.00, conf_mean=14.96 below min_allowed=18 (current_high=17, raise_delta=+1). Failed checks for best suit: p30 14.00 < 17, conf_mean 14.96 < 17.
Bid: Player 3 proposes 21 (min_allowed=18)
  bidding analysis:
    present_suits: H, D, C, S
    current_high=17  min_allowed=18  raise_delta=1
    chosen_suit: H
    proposed_bid: 21
    overall: avg=21.00  p30=21.00  std=0.00
    suit_stats:
      C: pts=[0]  avg=0.00  p30=0.00  std=0.00
      H: pts=[21]  avg=21.00  p30=21.00  std=0.00
      D: pts=[10]  avg=10.00  p30=10.00  std=0.00
      S: pts=[7]  avg=7.00  p30=7.00  std=0.00
    reason: Bid: Suit H meets thresholds (p30=21.00, conf_mean=21.00 >= min_allowed=18); conservative mapping max(p30, avg-1) -> 21. (current_high=17, raise_delta=+1)
Pass (locked): Player 0 (min_allowed=22)
  bidding analysis:
    present_suits: D, C
    current_high=21  min_allowed=22  raise_delta=1
    overall: avg=16.62  p30=13.00  std=6.13
    suit_stats:
      C: pts=[19, 13, 16, 20, 21, 20 ...]  avg=16.62  p30=13.00  std=6.13
      D: pts=[]
    failed_checks:
      D: p30 0.00 < 21; conf_mean 0.00 < 21
      C: p30 13.00 < 21; conf_mean 13.56 < 21
    reason: Pass: No suit meets thresholds. Best suit C has p30=13.00, conf_mean=13.56 below min_allowed=22 (current_high=21, raise_delta=+1). Failed checks for best suit: p30 13.00 < 21, conf_mean 13.56 < 21.

AUCTION WINNER: Player 3 with bid 21; chooses trump S 
Details={'chosen': 'S', 'estimates': {'S': 14.0, 'D': 7.0, 'H': 12.0, 'C': 11.0}}
Player 0 hand :  ['10C', '10D', '8C', 'JC', 'QH', '8S', 'AD', 'KD']
Player 1 hand :  ['JS', 'AH', '8H', '9D', '9S', 'QS', 'QD', '9H']
Player 2 hand :  ['8D', 'AC', '9C', 'QC', 'AS', '7S', 'JH', '7H']
Player 3 hand :  ['KC', '7D', '10H', 'JD', 'KH', '10S', '7C']
Player 0 (auction 4 cards): ['10C', '10D', '8C', 'JC']
Player 1 (auction 4 cards): ['JS', 'AH', '8H', '9D']
Player 2 (auction 4 cards): ['8D', 'AC', '9C', 'QC']
Player 3 (auction 4 cards): ['KC', '7D', '10H', 'KS']
Auction winner (bidder): Player 3 with bid 21
Bidder sets concealed trump suit: S
Phase: concealed, bidder concealed card: KS

Player 0 plays 10C
-- Phase 2 begins: Trump revealed as S by Player 1 on trick 1 --
Player 1 plays JS
Player 2 plays AC
Player 3 plays KC
Player 1 won the hand: 5 points

Player 1 plays AH
Player 2 plays JH
Player 3 plays 10H
Player 0 plays QH
Player 2 won the hand: 5 points

Player 2 plays 8D
Player 3 plays 7D
Player 0 plays 10D
Player 1 plays 9D
Player 1 won the hand: 3 points

Player 1 plays 8H
Player 2 plays 7H
Player 3 plays KH
Player 0 plays 8C
Player 3 won the hand: 0 points

Player 3 plays JD
Player 0 plays AD
Player 1 plays QD
Player 2 plays 9C
Player 3 won the hand: 6 points

Player 3 plays 10S
Player 0 plays 8S
Player 1 plays 9S
Player 2 plays AS
Player 1 won the hand: 4 points

Player 1 plays QS
Player 2 plays 7S
Player 3 plays KS
Player 0 plays JC
Player 3 won the hand: 3 points

Player 3 plays 7C
Player 0 plays KD
Player 1 plays 9H
Player 2 plays QC
Player 2 won the hand: 2 points

Game 88 final points: Team A=7, Team B=21
Series cumulative game score so far: Team A=-19, Team B=-21
Log saved to: c:\Users\laksh\Desktop\Projects\28bot\logs\game28\mcts_games\game_88_20250830_083441_569889.log
