
===== GAME 84 (20250830_081117_771986) =====

===== AUCTION =====
Pass (locked): Player 0 (min_allowed=16)
  bidding analysis:
    present_suits: D, C, S
    current_high=0  min_allowed=16  raise_delta=1
    overall: avg=16.00  p30=12.00  std=5.24
    failed_checks:
      D: p30 12.00 < 15; conf_mean 13.38 < 15
      S: p30 0.00 < 15; conf_mean 0.00 < 15
    reason: Pass: No suit meets thresholds. Best suit D has p30=12.00, conf_mean=13.38 below min_allowed=16 (current_high=0, raise_delta=+1). Failed checks for best suit: p30 12.00 < 15, conf_mean 13.38 < 15.
Pass (locked): Player 1 (min_allowed=16)
  bidding analysis:
    present_suits: H, C, S
    current_high=0  min_allowed=16  raise_delta=1
    overall: avg=13.38  p30=11.00  std=5.19
    failed_checks:
      H: p30 0.00 < 15; conf_mean 0.00 < 15
      S: p30 11.00 < 15; conf_mean 10.78 < 15
    reason: Pass: No suit meets thresholds. Best suit S has p30=11.00, conf_mean=10.78 below min_allowed=16 (current_high=0, raise_delta=+1). Failed checks for best suit: p30 11.00 < 15, conf_mean 10.78 < 15.
Pass (locked): Player 2 (min_allowed=16)
  bidding analysis:
    present_suits: H, D, C
    current_high=0  min_allowed=16  raise_delta=1
    overall: avg=14.88  p30=11.00  std=5.11
    failed_checks:
      H: p30 0.00 < 15; conf_mean 0.00 < 15
      C: p30 11.00 < 15; conf_mean 12.32 < 15
    reason: Pass: No suit meets thresholds. Best suit C has p30=11.00, conf_mean=12.32 below min_allowed=16 (current_high=0, raise_delta=+1). Failed checks for best suit: p30 11.00 < 15, conf_mean 12.32 < 15.
Pass (locked): Player 3 (min_allowed=16)
  bidding analysis:
    present_suits: D, C, S
    current_high=0  min_allowed=16  raise_delta=1
    overall: avg=18.19  p30=14.00  std=4.46
    failed_checks:
      D: p30 14.00 < 15
      C: p30 0.00 < 15; conf_mean 0.00 < 15
    reason: Pass: No suit meets thresholds. Best suit D has p30=14.00, conf_mean=15.96 below min_allowed=16 (current_high=0, raise_delta=+1). Failed checks for best suit: p30 14.00 < 15.
Forced bid: All players passed. Player 0 takes minimum bid 16.

AUCTION WINNER: Player 0 with bid 16; chooses trump D 
Details={'chosen': 'D', 'estimates': {'D': 16.0, 'S': 0.0, 'C': 15.333333333333334}}
Player 0 hand :  ['KS', '9S', '10C', 'QC', '7S', 'KD', 'QD']
Player 1 hand :  ['KC', 'JH', '8C', '8S', '8H', 'AD', '10S', '10H']
Player 2 hand :  ['7D', '9C', 'JC', 'AH', '10D', 'AC', 'QH', 'KH']
Player 3 hand :  ['QS', 'JD', '7C', 'JS', '9D', '7H', 'AS', '9H']
Player 0 (auction 4 cards): ['KS', '9S', '10C', '8D']
Player 1 (auction 4 cards): ['KC', 'JH', '8C', '8S']
Player 2 (auction 4 cards): ['7D', '9C', 'JC', 'AH']
Player 3 (auction 4 cards): ['QS', 'JD', '7C', 'JS']
Auction winner (bidder): Player 0 with bid 16
Bidder sets concealed trump suit: D
Phase: concealed, bidder concealed card: 8D

Player 0 plays KS
Player 1 plays 8S
-- Phase 2 begins: Trump revealed as D by Player 2 on trick 1 --
Player 2 plays 7D
Player 3 plays QS
Player 2 won the hand: 0 points

Player 2 plays 9C
Player 3 plays 7C
Player 0 plays 10C
Player 1 plays KC
Player 2 won the hand: 3 points

Player 2 plays JC
Player 3 plays JD
Player 0 plays QC
Player 1 plays 8C
Player 3 won the hand: 6 points

Player 3 plays JS
Player 0 plays 9S
Player 1 plays 10S
Player 2 plays AH
Player 3 won the hand: 7 points

Player 3 plays 9D
Player 0 plays KD
Player 1 plays AD
Player 2 plays 10D
Player 3 won the hand: 4 points

Player 3 plays 7H
Player 0 plays 7S
Player 1 plays JH
Player 2 plays QH
Player 1 won the hand: 3 points

Player 1 plays 8H
Player 2 plays KH
Player 3 plays 9H
Player 0 plays QD
Player 0 won the hand: 2 points

Player 0 plays 8D
Player 1 plays 10H
Player 2 plays AC
Player 3 plays AS
Player 0 won the hand: 3 points

Game 84 final points: Team A=8, Team B=20
Series cumulative game score so far: Team A=-20, Team B=-23
Log saved to: c:\Users\laksh\Desktop\Projects\28bot\logs\game28\mcts_games\game_84_20250830_081117_771986.log
