
===== GAME 228 (20250831_122337_831072) =====

===== AUCTION =====
Bid: Player 0 proposes 24 (min_allowed=16)
  bidding analysis:
    present_suits: H, D, C, S
    current_high=0  min_allowed=16  raise_delta=1
    chosen_suit: D
    proposed_bid: 24
    overall: avg=24.00  p30=24.00  std=0.00
    reason: Bid (precomputed): Suit D meets thresholds (p30=24.00, conf_mean=24.00 >= min_allowed=16); conservative mapping max(p30, avg-1) -> 24. (current_high=0, raise_delta=+1)
Pass (locked): Player 1 (min_allowed=25)
  bidding analysis:
    present_suits: H, C, S
    current_high=24  min_allowed=25  raise_delta=1
    overall: avg=19.12  p30=18.00  std=2.76
    failed_checks:
      H: p30 0.00 < 24; conf_mean 0.00 < 24
      C: p30 18.00 < 24; conf_mean 17.75 < 24
      S: p30 0.00 < 24; conf_mean 0.00 < 24
    reason: Pass: No suit meets thresholds. Best suit C has p30=18.00, conf_mean=17.75 below min_allowed=25 (current_high=24, raise_delta=+1). Failed checks for best suit: p30 18.00 < 24, conf_mean 17.75 < 24.
Pass (locked): Player 2 (min_allowed=25)
  bidding analysis:
    present_suits: H, D, C, S
    current_high=24  min_allowed=25  raise_delta=1
    overall: avg=16.00  p30=16.00  std=0.00
    failed_checks:
      H: p30 16.00 < 24; conf_mean 16.00 < 24
      D: p30 4.00 < 24; conf_mean 4.00 < 24
      C: p30 11.00 < 24; conf_mean 11.00 < 24
      S: p30 2.00 < 24; conf_mean 2.00 < 24
    reason: Pass: No suit meets thresholds. Best suit H has p30=16.00, conf_mean=16.00 below min_allowed=25 (current_high=24, raise_delta=+1). Failed checks for best suit: p30 16.00 < 24, conf_mean 16.00 < 24.
Pass (locked): Player 3 (min_allowed=25)
  bidding analysis:
    present_suits: D, S
    current_high=24  min_allowed=25  raise_delta=1
    overall: avg=6.00  p30=6.00  std=0.00
    failed_checks:
      D: p30 6.00 < 24; conf_mean 6.00 < 24
    reason: Pass: No suit meets thresholds. Best suit D has p30=6.00, conf_mean=6.00 below min_allowed=25 (current_high=24, raise_delta=+1). Failed checks for best suit: p30 6.00 < 24, conf_mean 6.00 < 24.

AUCTION WINNER: Player 0 with bid 24; chooses trump D 
Details={'chosen': 'D', 'estimates': {'H': 5.0, 'D': 24.0, 'C': 12.0, 'S': 17.0}}
Player 0 hand :  ['AS', '10C', 'KH', 'QH', 'QS', 'JD', '9D']
Player 1 hand :  ['JS', '8S', '9H', '7C', 'JC', 'AD', 'QC', '8H']
Player 2 hand :  ['AC', '10H', '7D', '7S', '7H', 'AH', 'QD', '8C']
Player 3 hand :  ['8D', '10S', 'KD', 'KS', '9S', 'JH', '9C', 'KC']
Player 0 (auction 4 cards): ['10D', 'AS', '10C', 'KH']
Player 1 (auction 4 cards): ['JS', '8S', '9H', '7C']
Player 2 (auction 4 cards): ['AC', '10H', '7D', '7S']
Player 3 (auction 4 cards): ['8D', '10S', 'KD', 'KS']
Auction winner (bidder): Player 0 with bid 24
Bidder sets concealed trump suit: D
Phase: concealed, bidder concealed card: 10D

Player 0 plays AS
Player 1 plays JS
Player 2 plays 7S
Player 3 plays 10S
Player 1 won the hand: 5 points

Player 1 plays 8S
Player 2 plays AC
Player 3 plays KS
Player 0 plays QS
Player 3 won the hand: 1 points

Player 3 plays 8D
Player 0 plays JD
Player 1 plays AD
Player 2 plays 7D
Player 0 won the hand: 4 points

Player 0 plays 10C
Player 1 plays 7C
Player 2 plays 8C
Player 3 plays 9C
Player 3 won the hand: 3 points

Player 3 plays KD
Player 0 plays 9D
Player 1 plays 9H
Player 2 plays QD
Player 0 won the hand: 4 points

Player 0 plays KH
Player 1 plays 8H
Player 2 plays 10H
Player 3 plays JH
Player 3 won the hand: 4 points

Player 3 plays 9S
Player 0 plays QH
Player 1 plays JC
Player 2 plays 7H
Player 3 won the hand: 5 points

Player 3 plays KC
Error during gameplay: Current player 0 has no cards but other players do
No cards available, ending game
Game 228 final points: Team A=8, Team B=18
Series cumulative game score so far: Team A=-43, Team B=-35
Log saved to: c:\Users\laksh\Desktop\Projects\28bot\logs\game28\mcts_games\game_228_20250831_122337_831072.log
