
===== GAME 233 (20250831_124055_025045) =====

===== AUCTION =====
Pass (locked): Player 0 (min_allowed=16)
  bidding analysis:
    present_suits: H, C, S
    current_high=0  min_allowed=16  raise_delta=1
    overall: avg=9.67  p30=8.00  std=3.90
    failed_checks:
      H: p30 8.00 < 15; conf_mean 7.72 < 15
      C: p30 0.00 < 15; conf_mean 2.00 < 15
    reason: Pass: No suit meets thresholds. Best suit H has p30=8.00, conf_mean=7.72 below min_allowed=16 (current_high=0, raise_delta=+1). Failed checks for best suit: p30 8.00 < 15, conf_mean 7.72 < 15.
Pass (locked): Player 1 (min_allowed=16)
  bidding analysis:
    present_suits: D, C
    current_high=0  min_allowed=16  raise_delta=1
    overall: avg=0.00  p30=0.00  std=0.00
    failed_checks:
      C: p30 0.00 < 15; conf_mean 0.00 < 15
    reason: Pass: No suit meets thresholds. Best suit D has p30=0.00, conf_mean=0.00 below min_allowed=16 (current_high=0, raise_delta=+1). Failed checks for best suit: n/a.
Pass (locked): Player 2 (min_allowed=16)
  bidding analysis:
    present_suits: H, D, C, S
    current_high=0  min_allowed=16  raise_delta=1
    overall: avg=14.17  p30=10.00  std=6.04
    failed_checks:
      H: p30 10.00 < 15; conf_mean 11.15 < 15
      D: p30 3.00 < 15; conf_mean 8.23 < 15
      C: p30 8.00 < 15; conf_mean 10.87 < 15
      S: p30 8.00 < 15; conf_mean 8.49 < 15
    reason: Pass: No suit meets thresholds. Best suit H has p30=10.00, conf_mean=11.15 below min_allowed=16 (current_high=0, raise_delta=+1). Failed checks for best suit: p30 10.00 < 15, conf_mean 11.15 < 15.
Pass (locked): Player 3 (min_allowed=16)
  bidding analysis:
    present_suits: H, S
    current_high=0  min_allowed=16  raise_delta=1
    overall: avg=9.75  p30=0.00  std=9.76
    failed_checks:
      S: p30 0.00 < 15; conf_mean 4.87 < 15
    reason: Pass: No suit meets thresholds. Best suit S has p30=0.00, conf_mean=4.87 below min_allowed=16 (current_high=0, raise_delta=+1). Failed checks for best suit: p30 0.00 < 15, conf_mean 4.87 < 15.
Forced bid: All players passed. Player 0 takes minimum bid 16.

AUCTION WINNER: Player 0 with bid 16; chooses trump S 
Details={'chosen': 'S', 'estimates': {'H': 9.666666666666666, 'C': 4.0, 'S': 12.5}}
Player 0 hand :  ['8H', 'QC', '7H', 'AD', '10H', '7D', 'KS']
Player 1 hand :  ['AC', 'JD', '10C', 'KC', '9H', 'KD', '10D', '8C']
Player 2 hand :  ['9C', '8D', 'AH', '10S', '8S', 'QD', 'JH', '9D']
Player 3 hand :  ['AS', 'QS', 'JS', 'QH', 'JC', '7C', 'KH', '9S']
Player 0 (auction 4 cards): ['8H', 'QC', '7H', '7S']
Player 1 (auction 4 cards): ['AC', 'JD', '10C', 'KC']
Player 2 (auction 4 cards): ['9C', '8D', 'AH', '10S']
Player 3 (auction 4 cards): ['AS', 'QS', 'JS', 'QH']
Auction winner (bidder): Player 0 with bid 16
Bidder sets concealed trump suit: S
Phase: concealed, bidder concealed card: 7S

Player 0 plays 8H
Player 1 plays 9H
Player 2 plays AH
Player 3 plays QH
Player 1 won the hand: 3 points

Player 1 plays AC
Player 2 plays 9C
Player 3 plays JC
Player 0 plays QC
Player 3 won the hand: 6 points

Player 3 plays AS
Player 0 plays KS
Player 1 plays JD
Player 2 plays 10S
Player 3 won the hand: 5 points

Player 3 plays QS
Player 0 plays 7H
Player 1 plays 10C
Player 2 plays 8S
Player 3 won the hand: 1 points

Player 3 plays JS
Player 0 plays AD
Player 1 plays KC
Player 2 plays 8D
Player 3 won the hand: 4 points

Player 3 plays 7C
Player 0 plays 10H
Player 1 plays 8C
Player 2 plays QD
Player 1 won the hand: 1 points

Player 1 plays KD
Player 2 plays 9D
Player 3 plays KH
Player 0 plays 7D
Player 2 won the hand: 2 points

Player 2 plays JH
-- Phase 2 begins: Trump revealed as S by Player 3 on trick 8 --
Player 3 plays 9S
Player 0 plays 7S
Player 1 plays 10D
Player 3 won the hand: 6 points

Game 233 final points: Team A=2, Team B=26
Series cumulative game score so far: Team A=-45, Team B=-36
Log saved to: c:\Users\laksh\Desktop\Projects\28bot\logs\game28\mcts_games\game_233_20250831_124055_025045.log
