
===== GAME 220 (20250831_104950_045706) =====

===== AUCTION =====
Pass (locked): Player 0 (min_allowed=16)
  bidding analysis:
    present_suits: D, C, S
    current_high=0  min_allowed=16  raise_delta=1
    overall: avg=0.00  p30=0.00  std=0.00
    failed_checks:
      C: p30 0.00 < 15; conf_mean 0.00 < 15
      S: p30 0.00 < 15; conf_mean 0.00 < 15
    reason: Pass: No suit meets thresholds. Best suit D has p30=0.00, conf_mean=0.00 below min_allowed=16 (current_high=0, raise_delta=+1). Failed checks for best suit: n/a.
Pass (locked): Player 1 (min_allowed=16)
  bidding analysis:
    present_suits: H, D
    current_high=0  min_allowed=16  raise_delta=1
    overall: avg=10.00  p30=10.00  std=0.00
    suit_stats:
      D: pts=[6, 8, 16, 6, 7, 16 ...]  avg=14.44  p30=7.00  std=6.75
      H: pts=[10]  avg=10.00  p30=10.00  std=0.00
    failed_checks:
      H: p30 10.00 < 15; conf_mean 10.00 < 15
      D: p30 7.00 < 15; conf_mean 11.06 < 15
    reason: Pass: No suit meets thresholds. Best suit H has p30=10.00, conf_mean=10.00 below min_allowed=16 (current_high=0, raise_delta=+1). Failed checks for best suit: p30 10.00 < 15, conf_mean 10.00 < 15.
Pass (locked): Player 2 (min_allowed=16)
  bidding analysis:
    present_suits: H, S
    current_high=0  min_allowed=16  raise_delta=1
    overall: avg=17.38  p30=14.00  std=5.38
    failed_checks:
      H: p30 14.00 < 15; conf_mean 14.68 < 15
    reason: Pass: No suit meets thresholds. Best suit H has p30=14.00, conf_mean=14.68 below min_allowed=16 (current_high=0, raise_delta=+1). Failed checks for best suit: p30 14.00 < 15, conf_mean 14.68 < 15.
Pass (locked): Player 3 (min_allowed=16)
  bidding analysis:
    present_suits: H, D, C
    current_high=0  min_allowed=16  raise_delta=1
    overall: avg=15.88  p30=11.00  std=6.91
    suit_stats:
      C: pts=[25, 8, 11, 11, 9, 7 ...]  avg=15.88  p30=11.00  std=6.91
      H: pts=[]
      D: pts=[]
    failed_checks:
      H: p30 0.00 < 15; conf_mean 0.00 < 15
      D: p30 0.00 < 15; conf_mean 0.00 < 15
      C: p30 11.00 < 15; conf_mean 12.42 < 15
    reason: Pass: No suit meets thresholds. Best suit C has p30=11.00, conf_mean=12.42 below min_allowed=16 (current_high=0, raise_delta=+1). Failed checks for best suit: p30 11.00 < 15, conf_mean 12.42 < 15.
Forced bid: All players passed. Player 0 takes minimum bid 16.

AUCTION WINNER: Player 0 with bid 16; chooses trump D 
Details={'chosen': 'D', 'estimates': {'C': 0.0, 'S': 0.0, 'D': 12.666666666666666}}
Player 0 hand :  ['7D', 'AC', 'QS', 'AS', '9D', '10S', 'QC']
Player 1 hand :  ['8D', 'QH', 'JD', '7H', '10C', '10D', 'KS', '8H']
Player 2 hand :  ['JH', 'AH', '9S', 'KH', 'KD', '7C', '9C', '7S']
Player 3 hand :  ['10H', 'JC', 'KC', 'AD', '8C', '9H', '8S', 'JS']
Player 0 (auction 4 cards): ['7D', 'AC', 'QD', 'QS']
Player 1 (auction 4 cards): ['8D', 'QH', 'JD', '7H']
Player 2 (auction 4 cards): ['JH', 'AH', '9S', 'KH']
Player 3 (auction 4 cards): ['10H', 'JC', 'KC', 'AD']
Auction winner (bidder): Player 0 with bid 16
Bidder sets concealed trump suit: D
Phase: concealed, bidder concealed card: QD

Player 0 plays AC
Player 1 plays 10C
Player 2 plays 7C
Player 3 plays JC
Player 3 won the hand: 5 points

Player 3 plays 10H
-- Phase 2 begins: Trump revealed as D by Player 0 on trick 2 --
Player 0 plays 7D
Player 1 plays QH
Player 2 plays JH
Player 0 won the hand: 4 points

Player 0 plays QS
Player 1 plays KS
Player 2 plays 9S
Player 3 plays 8S
Player 2 won the hand: 2 points

Player 2 plays AH
Player 3 plays 9H
Player 0 plays AS
Player 1 plays 7H
Player 3 won the hand: 4 points

Player 3 plays KC
Player 0 plays QC
Player 1 plays 8D
Player 2 plays 9C
Player 1 won the hand: 2 points

Player 1 plays JD
Player 2 plays KD
Player 3 plays AD
Player 0 plays 9D
Player 1 won the hand: 6 points

Player 1 plays 10D
Player 2 plays KH
Player 3 plays 8C
Player 0 plays QD
Player 1 won the hand: 1 points

Player 1 plays 8H
Player 2 plays 7S
Player 3 plays JS
Player 0 plays 10S
Player 1 won the hand: 4 points

Game 220 final points: Team A=6, Team B=22
Series cumulative game score so far: Team A=-45, Team B=-35
Log saved to: c:\Users\laksh\Desktop\Projects\28bot\logs\game28\mcts_games\game_220_20250831_104950_045706.log
