
===== GAME 160 (20250830_233706_521046) =====

===== AUCTION =====
Bid: Player 0 proposes 18 (min_allowed=16)
  bidding analysis:
    present_suits: H, S
    current_high=0  min_allowed=16  raise_delta=1
    chosen_suit: H
    proposed_bid: 18
    overall: avg=19.12  p30=16.00  std=5.11
    suit_stats:
      H: pts=[16, 28, 11, 11, 23, 13 ...]  avg=19.12  p30=16.00  std=5.11
      S: pts=[]
    reason: Bid: Suit H meets thresholds (p30=16.00, conf_mean=16.57 >= min_allowed=16); conservative mapping max(p30, avg-1) -> 18. (current_high=0, raise_delta=+1)
Pass (locked): Player 1 (min_allowed=19)
  bidding analysis:
    present_suits: H, C, S
    current_high=18  min_allowed=19  raise_delta=1
    overall: avg=17.38  p30=14.00  std=4.85
    failed_checks:
      H: p30 0.00 < 18; conf_mean 0.00 < 18
      C: p30 0.00 < 18; conf_mean 0.00 < 18
      S: p30 14.00 < 18; conf_mean 14.95 < 18
    reason: Pass: No suit meets thresholds. Best suit S has p30=14.00, conf_mean=14.95 below min_allowed=19 (current_high=18, raise_delta=+1). Failed checks for best suit: p30 14.00 < 18, conf_mean 14.95 < 18.
Pass (locked): Player 2 (min_allowed=19)
  bidding analysis:
    present_suits: H, D, S
    current_high=18  min_allowed=19  raise_delta=1
    overall: avg=16.69  p30=14.00  std=4.75
    failed_checks:
      H: p30 14.00 < 18; conf_mean 14.31 < 18
      D: p30 0.00 < 18; conf_mean 0.00 < 18
      S: p30 0.00 < 18; conf_mean 0.00 < 18
    reason: Pass: No suit meets thresholds. Best suit H has p30=14.00, conf_mean=14.31 below min_allowed=19 (current_high=18, raise_delta=+1). Failed checks for best suit: p30 14.00 < 18, conf_mean 14.31 < 18.
Pass (locked): Player 3 (min_allowed=19)
  bidding analysis:
    present_suits: D, C, S
    current_high=18  min_allowed=19  raise_delta=1
    overall: avg=13.44  p30=10.00  std=6.29
    failed_checks:
      D: p30 10.00 < 18; conf_mean 10.29 < 18
      C: p30 0.00 < 18; conf_mean 0.00 < 18
      S: p30 0.00 < 18; conf_mean 0.00 < 18
    reason: Pass: No suit meets thresholds. Best suit D has p30=10.00, conf_mean=10.29 below min_allowed=19 (current_high=18, raise_delta=+1). Failed checks for best suit: p30 10.00 < 18, conf_mean 10.29 < 18.

AUCTION WINNER: Player 0 with bid 18; chooses trump H 
Details={'chosen': 'H', 'estimates': {'H': 25.0, 'S': 7.0}}
Player 0 hand :  ['8S', '8H', 'JH', 'KD', '9D', '7C', 'QC']
Player 1 hand :  ['7H', '10H', '8C', '9S', '10D', 'KC', 'JC', 'KS']
Player 2 hand :  ['QS', 'JS', '7D', '9H', 'AS', '8D', 'QH', '9C']
Player 3 hand :  ['10S', 'QD', 'AD', '10C', 'KH', '7S', 'AC', 'JD']
Player 0 (auction 4 cards): ['AH', '8S', '8H', 'JH']
Player 1 (auction 4 cards): ['7H', '10H', '8C', '9S']
Player 2 (auction 4 cards): ['QS', 'JS', '7D', '9H']
Player 3 (auction 4 cards): ['10S', 'QD', 'AD', '10C']
Auction winner (bidder): Player 0 with bid 18
Bidder sets concealed trump suit: H
Phase: concealed, bidder concealed card: AH

Player 0 plays 8S
Player 1 plays 9S
Player 2 plays QS
Player 3 plays 10S
Player 1 won the hand: 3 points

Player 1 plays 7H
Player 2 plays 9H
Player 3 plays KH
Player 0 plays 8H
Player 2 won the hand: 2 points

Player 2 plays JS
Player 3 plays 7S
-- Phase 2 begins: Trump revealed as H by Player 0 on trick 3 --
Player 0 plays JH
Player 1 plays KS
Player 0 won the hand: 6 points

Player 0 plays KD
Player 1 plays 10D
Player 2 plays 7D
Player 3 plays QD
Player 1 won the hand: 1 points

Player 1 plays 10H
Player 2 plays QH
Player 3 plays AD
Player 0 plays AH
Player 0 won the hand: 3 points

Player 0 plays 9D
Player 1 plays 8C
Player 2 plays 8D
Player 3 plays JD
Player 3 won the hand: 5 points

Player 3 plays 10C
Player 0 plays 7C
Player 1 plays KC
Player 2 plays 9C
Player 2 won the hand: 3 points

Player 2 plays AS
Player 3 plays AC
Player 0 plays QC
Player 1 plays JC
Player 2 won the hand: 5 points

Game 160 final points: Team A=19, Team B=9
Series cumulative game score so far: Team A=-31, Team B=-32
Log saved to: c:\Users\laksh\Desktop\Projects\28bot\logs\game28\mcts_games\game_160_20250830_233706_521046.log
