
===== GAME 20 (20250830_020318_926128) =====

===== AUCTION =====
Bid: Player 0 proposes 18 (min_allowed=16)
  bidding analysis:
    present_suits: H, C, S
    current_high=0  min_allowed=16  raise_delta=1
    chosen_suit: S
    proposed_bid: 18
    overall: avg=19.88  p30=17.00  std=3.69
    suit_stats:
      S: pts=[20, 26, 20, 20, 12, 19 ...]  avg=19.88  p30=17.00  std=3.69
      H: pts=[]
      C: pts=[]
    reason: Bid: Suit S meets thresholds (p30=17.00, conf_mean=18.03 >= min_allowed=16); conservative mapping max(p30, avg-1) -> 18. (current_high=0, raise_delta=+1)
Bid: Player 1 proposes 23 (min_allowed=19)
  bidding analysis:
    present_suits: H, D, C, S
    current_high=18  min_allowed=19  raise_delta=1
    chosen_suit: H
    proposed_bid: 23
    overall: avg=23.00  p30=23.00  std=0.00
    suit_stats:
      S: pts=[21]  avg=21.00  p30=21.00  std=0.00
      C: pts=[8]  avg=8.00  p30=8.00  std=0.00
      D: pts=[14]  avg=14.00  p30=14.00  std=0.00
      H: pts=[23]  avg=23.00  p30=23.00  std=0.00
    reason: Bid: Suit H meets thresholds (p30=23.00, conf_mean=23.00 >= min_allowed=19); conservative mapping max(p30, avg-1) -> 23. (current_high=18, raise_delta=+1)
Pass (locked): Player 2 (min_allowed=24)
  bidding analysis:
    present_suits: D, C, S
    current_high=23  min_allowed=24  raise_delta=1
    overall: avg=14.25  p30=10.00  std=6.37
    suit_stats:
      C: pts=[3, 6, 16, 19, 21, 21 ...]  avg=14.25  p30=10.00  std=6.37
      D: pts=[]
      S: pts=[]
    failed_checks:
      D: p30 0.00 < 23; conf_mean 0.00 < 23
      C: p30 10.00 < 23; conf_mean 11.07 < 23
      S: p30 0.00 < 23; conf_mean 0.00 < 23
    reason: Pass: No suit meets thresholds. Best suit C has p30=10.00, conf_mean=11.07 below min_allowed=24 (current_high=23, raise_delta=+1). Failed checks for best suit: p30 10.00 < 23, conf_mean 11.07 < 23.
Pass (locked): Player 3 (min_allowed=24)
  bidding analysis:
    present_suits: H, D, S
    current_high=23  min_allowed=24  raise_delta=1
    overall: avg=16.19  p30=13.00  std=5.67
    suit_stats:
      D: pts=[19, 13, 12, 17, 22, 14 ...]  avg=16.19  p30=13.00  std=5.67
      H: pts=[]
      S: pts=[]
    failed_checks:
      H: p30 0.00 < 23; conf_mean 0.00 < 23
      D: p30 13.00 < 23; conf_mean 13.35 < 23
      S: p30 0.00 < 23; conf_mean 0.00 < 23
    reason: Pass: No suit meets thresholds. Best suit D has p30=13.00, conf_mean=13.35 below min_allowed=24 (current_high=23, raise_delta=+1). Failed checks for best suit: p30 13.00 < 23, conf_mean 13.35 < 23.
Pass (locked): Player 0 (min_allowed=24)
  bidding analysis:
    present_suits: H, C, S
    current_high=23  min_allowed=24  raise_delta=1
    overall: avg=20.56  p30=16.00  std=4.61
    suit_stats:
      S: pts=[19, 21, 27, 16, 14, 28 ...]  avg=20.56  p30=16.00  std=4.61
      H: pts=[]
      C: pts=[]
    failed_checks:
      H: p30 0.00 < 23; conf_mean 0.00 < 23
      C: p30 0.00 < 23; conf_mean 0.00 < 23
      S: p30 16.00 < 23; conf_mean 18.26 < 23
    reason: Pass: No suit meets thresholds. Best suit S has p30=16.00, conf_mean=18.26 below min_allowed=24 (current_high=23, raise_delta=+1). Failed checks for best suit: p30 16.00 < 23, conf_mean 18.26 < 23.

AUCTION WINNER: Player 1 with bid 23; chooses trump C 
Details={'chosen': 'C', 'estimates': {'D': 0.0, 'S': 6.0, 'C': 7.0, 'H': 1.0}}
Player 0 hand :  ['AH', '9S', 'JS', 'JC', 'KC', '8D', 'AS', '7D']
Player 1 hand :  ['9D', '8H', 'QS', 'QH', '7H', 'JH', '7C']
Player 2 hand :  ['QD', '9C', '7S', '10C', '10H', '9H', '10D', '8C']
Player 3 hand :  ['AD', 'KS', 'JD', 'KH', 'KD', 'AC', '10S', '8S']
Player 0 (auction 4 cards): ['AH', '9S', 'JS', 'JC']
Player 1 (auction 4 cards): ['9D', 'QC', '8H', 'QS']
Player 2 (auction 4 cards): ['QD', '9C', '7S', '10C']
Player 3 (auction 4 cards): ['AD', 'KS', 'JD', 'KH']
Auction winner (bidder): Player 1 with bid 23
Bidder sets concealed trump suit: C
Phase: concealed, bidder concealed card: QC

Player 0 plays AH
Player 1 plays 8H
Player 2 plays 10H
Player 3 plays KH
Player 0 won the hand: 2 points

Player 0 plays 9S
Player 1 plays QS
Player 2 plays 7S
Player 3 plays KS
Player 0 won the hand: 2 points

Player 0 plays JS
Player 1 plays 9D
Player 2 plays QD
Player 3 plays 10S
Player 0 won the hand: 6 points

Player 0 plays JC
Player 1 plays 7C
Player 2 plays 9C
Player 3 plays AC
Player 0 won the hand: 6 points

Player 0 plays KC
Player 1 plays QH
Player 2 plays 10C
Player 3 plays AD
Player 2 won the hand: 2 points

Player 2 plays 9H
Player 3 plays JD
Player 0 plays 8D
Player 1 plays 7H
Player 2 won the hand: 5 points

Player 2 plays 10D
Player 3 plays KD
Player 0 plays 7D
Player 1 plays JH
Player 2 won the hand: 4 points

Player 2 plays 8C
Player 3 plays 8S
Player 0 plays AS
Game 20 final points: Team A=27, Team B=0
Series cumulative game score so far: Team A=-3, Team B=-9
Log saved to: c:\Users\laksh\Desktop\Projects\28bot\logs\game28\mcts_games\game_20_20250830_020318_926128.log
