
===== GAME 50 (20250830_045722_015299) =====

===== AUCTION =====
Pass (locked): Player 0 (min_allowed=16)
  bidding analysis:
    present_suits: H, C, S
    current_high=0  min_allowed=16  raise_delta=1
    overall: avg=13.19  p30=9.00  std=6.54
    failed_checks:
      H: p30 0.00 < 15; conf_mean 0.00 < 15
      C: p30 9.00 < 15; conf_mean 9.92 < 15
      S: p30 0.00 < 15; conf_mean 0.00 < 15
    reason: Pass: No suit meets thresholds. Best suit C has p30=9.00, conf_mean=9.92 below min_allowed=16 (current_high=0, raise_delta=+1). Failed checks for best suit: p30 9.00 < 15, conf_mean 9.92 < 15.
Pass (locked): Player 1 (min_allowed=16)
  bidding analysis:
    present_suits: D, C
    current_high=0  min_allowed=16  raise_delta=1
    overall: avg=0.00  p30=0.00  std=0.00
    failed_checks:
      D: p30 0.00 < 15; conf_mean 0.00 < 15
    reason: Pass: No suit meets thresholds. Best suit D has p30=0.00, conf_mean=0.00 below min_allowed=16 (current_high=0, raise_delta=+1). Failed checks for best suit: p30 0.00 < 15, conf_mean 0.00 < 15.
Pass (locked): Player 2 (min_allowed=16)
  bidding analysis:
    present_suits: H, C, S
    current_high=0  min_allowed=16  raise_delta=1
    overall: avg=13.88  p30=11.00  std=6.20
    suit_stats:
      C: pts=[1, 18, 19, 9, 14, 21 ...]  avg=13.88  p30=11.00  std=6.20
      H: pts=[]
      S: pts=[]
    failed_checks:
      H: p30 0.00 < 15; conf_mean 0.00 < 15
      C: p30 11.00 < 15; conf_mean 10.77 < 15
      S: p30 0.00 < 15; conf_mean 0.00 < 15
    reason: Pass: No suit meets thresholds. Best suit C has p30=11.00, conf_mean=10.77 below min_allowed=16 (current_high=0, raise_delta=+1). Failed checks for best suit: p30 11.00 < 15, conf_mean 10.77 < 15.
Pass (locked): Player 3 (min_allowed=16)
  bidding analysis:
    present_suits: H, D, C, S
    current_high=0  min_allowed=16  raise_delta=1
    overall: avg=13.00  p30=13.00  std=0.00
    failed_checks:
      H: p30 13.00 < 15; conf_mean 13.00 < 15
      D: p30 10.00 < 15; conf_mean 10.00 < 15
      C: p30 2.00 < 15; conf_mean 2.00 < 15
      S: p30 13.00 < 15; conf_mean 13.00 < 15
    reason: Pass: No suit meets thresholds. Best suit H has p30=13.00, conf_mean=13.00 below min_allowed=16 (current_high=0, raise_delta=+1). Failed checks for best suit: p30 13.00 < 15, conf_mean 13.00 < 15.
Forced bid: All players passed. Player 0 takes minimum bid 16.

AUCTION WINNER: Player 0 with bid 16; chooses trump C 
Details={'chosen': 'C', 'estimates': {'H': 0.0, 'C': 13.1875, 'S': 0.0}}
Player 0 hand :  ['JS', 'QH', '8S', '7D', '7S', '8D', '10C']
Player 1 hand :  ['JC', '10D', '9D', 'JD', 'KC', 'KS', 'KD', '9H']
Player 2 hand :  ['QS', '7H', 'AC', '8C', '10H', '8H', '9C', '9S']
Player 3 hand :  ['KH', '10S', 'QD', '7C', 'AH', 'JH', 'AD', 'AS']
Player 0 (auction 4 cards): ['JS', 'QH', 'QC', '8S']
Player 1 (auction 4 cards): ['JC', '10D', '9D', 'JD']
Player 2 (auction 4 cards): ['QS', '7H', 'AC', '8C']
Player 3 (auction 4 cards): ['KH', '10S', 'QD', '7C']
Auction winner (bidder): Player 0 with bid 16
Bidder sets concealed trump suit: C
Phase: concealed, bidder concealed card: QC

Player 0 plays JS
Player 1 plays KS
Player 2 plays QS
Player 3 plays 10S
Player 0 won the hand: 4 points

Player 0 plays QH
Player 1 plays 9H
Player 2 plays 7H
Player 3 plays KH
Player 1 won the hand: 2 points

Player 1 plays JC
Player 2 plays AC
Player 3 plays 7C
Player 0 plays 10C
Player 1 won the hand: 5 points

Player 1 plays 10D
-- Phase 2 begins: Trump revealed as C by Player 2 on trick 4 --
Player 2 plays 8C
Player 3 plays QD
Player 0 plays 7D
Player 2 won the hand: 1 points

Player 2 plays 10H
Player 3 plays AH
Player 0 plays 8S
Player 1 plays 9D
Player 3 won the hand: 4 points

Player 3 plays JH
Player 0 plays 7S
Player 1 plays JD
Player 2 plays 8H
Player 3 won the hand: 6 points

Player 3 plays AD
Player 0 plays 8D
Player 1 plays KD
Player 2 plays 9C
Player 2 won the hand: 3 points

Player 2 plays 9S
Player 3 plays AS
Player 0 plays QC
Player 1 plays KC
Player 1 won the hand: 3 points

Game 50 final points: Team A=8, Team B=20
Series cumulative game score so far: Team A=-11, Team B=-21
Log saved to: c:\Users\laksh\Desktop\Projects\28bot\logs\game28\mcts_games\game_50_20250830_045722_015299.log
