
===== GAME 78 (20250830_073826_561247) =====

===== AUCTION =====
Pass (locked): Player 0 (min_allowed=16)
  bidding analysis:
    present_suits: H, D, C
    current_high=0  min_allowed=16  raise_delta=1
    overall: avg=12.12  p30=8.00  std=6.51
    failed_checks:
      H: p30 8.00 < 15; conf_mean 8.87 < 15
      D: p30 0.00 < 15; conf_mean 0.00 < 15
    reason: Pass: No suit meets thresholds. Best suit H has p30=8.00, conf_mean=8.87 below min_allowed=16 (current_high=0, raise_delta=+1). Failed checks for best suit: p30 8.00 < 15, conf_mean 8.87 < 15.
Pass (locked): Player 1 (min_allowed=16)
  bidding analysis:
    present_suits: H, C, S
    current_high=0  min_allowed=16  raise_delta=1
    overall: avg=0.00  p30=0.00  std=0.00
    failed_checks:
      H: p30 0.00 < 15; conf_mean 0.00 < 15
      C: p30 0.00 < 15; conf_mean 0.00 < 15
    reason: Pass: No suit meets thresholds. Best suit H has p30=0.00, conf_mean=0.00 below min_allowed=16 (current_high=0, raise_delta=+1). Failed checks for best suit: p30 0.00 < 15, conf_mean 0.00 < 15.
Pass (locked): Player 2 (min_allowed=16)
  bidding analysis:
    present_suits: H, D, C
    current_high=0  min_allowed=16  raise_delta=1
    overall: avg=14.56  p30=11.00  std=6.13
    suit_stats:
      C: pts=[11, 18, 22, 14, 20, 17 ...]  avg=14.56  p30=11.00  std=6.13
      H: pts=[]
      D: pts=[]
    failed_checks:
      H: p30 0.00 < 15; conf_mean 0.00 < 15
      D: p30 0.00 < 15; conf_mean 0.00 < 15
      C: p30 11.00 < 15; conf_mean 11.50 < 15
    reason: Pass: No suit meets thresholds. Best suit C has p30=11.00, conf_mean=11.50 below min_allowed=16 (current_high=0, raise_delta=+1). Failed checks for best suit: p30 11.00 < 15, conf_mean 11.50 < 15.
Pass (locked): Player 3 (min_allowed=16)
  bidding analysis:
    present_suits: D, C, S
    current_high=0  min_allowed=16  raise_delta=1
    overall: avg=14.25  p30=10.00  std=6.37
    failed_checks:
      D: p30 0.00 < 15; conf_mean 0.00 < 15
      C: p30 10.00 < 15; conf_mean 11.07 < 15
      S: p30 0.00 < 15; conf_mean 0.00 < 15
    reason: Pass: No suit meets thresholds. Best suit C has p30=10.00, conf_mean=11.07 below min_allowed=16 (current_high=0, raise_delta=+1). Failed checks for best suit: p30 10.00 < 15, conf_mean 11.07 < 15.
Forced bid: All players passed. Player 0 takes minimum bid 16.

AUCTION WINNER: Player 0 with bid 16; chooses trump C 
Details={'chosen': 'C', 'estimates': {'H': 12.125, 'D': 0.0, 'C': 12.166666666666666}}
Player 0 hand :  ['9H', '8D', '10D', 'KC', '8S', '7C', 'AH']
Player 1 hand :  ['JC', 'KH', 'KS', '8H', 'KD', 'AD', '9S', 'JD']
Player 2 hand :  ['7D', '8C', 'QC', 'JH', '10S', '9D', '10H', '7H']
Player 3 hand :  ['7S', 'QD', '9C', '10C', 'QH', 'AS', 'JS', 'QS']
Player 0 (auction 4 cards): ['9H', '8D', '10D', 'AC']
Player 1 (auction 4 cards): ['JC', 'KH', 'KS', '8H']
Player 2 (auction 4 cards): ['7D', '8C', 'QC', 'JH']
Player 3 (auction 4 cards): ['7S', 'QD', '9C', '10C']
Auction winner (bidder): Player 0 with bid 16
Bidder sets concealed trump suit: C
Phase: concealed, bidder concealed card: AC

Player 0 plays 9H
Player 1 plays KH
Player 2 plays JH
Player 3 plays QH
Player 2 won the hand: 5 points

Player 2 plays 7D
Player 3 plays QD
Player 0 plays 8D
Player 1 plays KD
Player 1 won the hand: 0 points

Player 1 plays JC
Player 2 plays 8C
Player 3 plays 9C
Player 0 plays KC
Player 1 won the hand: 5 points

Player 1 plays KS
Player 2 plays 10S
Player 3 plays 7S
Player 0 plays 8S
Player 2 won the hand: 1 points

Player 2 plays QC
Player 3 plays 10C
Player 0 plays 7C
Player 1 plays 8H
Player 3 won the hand: 1 points

Player 3 plays AS
Player 0 plays 10D
Player 1 plays 9S
Player 2 plays 9D
Player 1 won the hand: 6 points

Player 1 plays AD
Player 2 plays 10H
Player 3 plays JS
Player 0 plays AH
Player 1 won the hand: 6 points

Player 1 plays JD
Player 2 plays 7H
Player 3 plays QS
Game 78 final points: Team A=6, Team B=18
Series cumulative game score so far: Team A=-16, Team B=-23
Log saved to: c:\Users\laksh\Desktop\Projects\28bot\logs\game28\mcts_games\game_78_20250830_073826_561247.log
