
===== GAME 245 (20250831_141222_473633) =====

===== AUCTION =====
Pass (locked): Player 0 (min_allowed=16)
  bidding analysis:
    present_suits: H, D, C
    current_high=0  min_allowed=16  raise_delta=1
    overall: avg=17.50  p30=14.00  std=7.66
    failed_checks:
      H: p30 0.00 < 15; conf_mean 0.00 < 15
      D: p30 14.00 < 15; conf_mean 13.67 < 15
    reason: Pass: No suit meets thresholds. Best suit D has p30=14.00, conf_mean=13.67 below min_allowed=16 (current_high=0, raise_delta=+1). Failed checks for best suit: p30 14.00 < 15, conf_mean 13.67 < 15.
Pass (locked): Player 1 (min_allowed=16)
  bidding analysis:
    present_suits: C, S
    current_high=0  min_allowed=16  raise_delta=1
    overall: avg=16.00  p30=13.00  std=6.76
    failed_checks:
      C: p30 13.00 < 15; conf_mean 13.00 < 15
      S: p30 13.00 < 15; conf_mean 12.62 < 15
    reason: Pass: No suit meets thresholds. Best suit S has p30=13.00, conf_mean=12.62 below min_allowed=16 (current_high=0, raise_delta=+1). Failed checks for best suit: p30 13.00 < 15, conf_mean 12.62 < 15.
Pass (locked): Player 2 (min_allowed=16)
  bidding analysis:
    present_suits: H, D, S
    current_high=0  min_allowed=16  raise_delta=1
    overall: avg=0.00  p30=0.00  std=0.00
    failed_checks:
      D: p30 0.00 < 15; conf_mean 0.00 < 15
      S: p30 0.00 < 15; conf_mean 0.00 < 15
    reason: Pass: No suit meets thresholds. Best suit H has p30=0.00, conf_mean=0.00 below min_allowed=16 (current_high=0, raise_delta=+1). Failed checks for best suit: n/a.
Pass (locked): Player 3 (min_allowed=16)
  bidding analysis:
    present_suits: H, D
    current_high=0  min_allowed=16  raise_delta=1
    overall: avg=0.00  p30=0.00  std=0.00
    failed_checks:
      D: p30 0.00 < 15; conf_mean 0.00 < 15
    reason: Pass: No suit meets thresholds. Best suit H has p30=0.00, conf_mean=0.00 below min_allowed=16 (current_high=0, raise_delta=+1). Failed checks for best suit: n/a.
Forced bid: All players passed. Player 0 takes minimum bid 16.

AUCTION WINNER: Player 0 with bid 16; chooses trump D 
Details={'chosen': 'D', 'estimates': {'H': 0.0, 'D': 17.5, 'C': 14.0}}
Player 0 hand :  ['8H', 'JC', '7C', 'KD', 'JD', 'AC', '7H']
Player 1 hand :  ['AS', '10S', 'KC', '10C', '9D', 'QS', '9H', '9C']
Player 2 hand :  ['AD', 'JH', '7S', '9S', '8C', '10D', '7D', '8S']
Player 3 hand :  ['AH', '10H', '8D', 'KH', 'JS', 'QH', 'KS', 'QC']
Player 0 (auction 4 cards): ['8H', 'JC', 'QD', '7C']
Player 1 (auction 4 cards): ['AS', '10S', 'KC', '10C']
Player 2 (auction 4 cards): ['AD', 'JH', '7S', '9S']
Player 3 (auction 4 cards): ['AH', '10H', '8D', 'KH']
Auction winner (bidder): Player 0 with bid 16
Bidder sets concealed trump suit: D
Phase: concealed, bidder concealed card: QD

Player 0 plays 8H
Player 1 plays 9H
Player 2 plays JH
Player 3 plays AH
Player 2 won the hand: 6 points

Player 2 plays AD
Player 3 plays 8D
Player 0 plays KD
Player 1 plays 9D
Player 1 won the hand: 3 points

Player 1 plays AS
Player 2 plays 7S
Player 3 plays JS
Player 0 plays JC
Player 3 won the hand: 7 points

Player 3 plays 10H
Player 0 plays 7H
Player 1 plays 10S
Player 2 plays 9S
Player 3 won the hand: 4 points

Player 3 plays KH
Player 0 plays 7C
Player 1 plays KC
Player 2 plays 8C
Player 3 won the hand: 0 points

Player 3 plays QH
-- Phase 2 begins: Trump revealed as D by Player 0 on trick 6 --
Player 0 plays JD
Player 1 plays 10C
Player 2 plays 10D
Player 0 won the hand: 5 points

Player 0 plays AC
Player 1 plays 9C
Player 2 plays 7D
Player 3 plays QC
Player 2 won the hand: 3 points

Player 2 plays 8S
Player 3 plays KS
Player 0 plays QD
Player 1 plays QS
Player 0 won the hand: 0 points

Game 245 final points: Team A=14, Team B=14
Series cumulative game score so far: Team A=-53, Team B=-36
Log saved to: c:\Users\laksh\Desktop\Projects\28bot\logs\game28\mcts_games\game_245_20250831_141222_473633.log
