
===== GAME 165 (20250831_002045_124226) =====

===== AUCTION =====
Pass (locked): Player 0 (min_allowed=16)
  bidding analysis:
    present_suits: D, C, S
    current_high=0  min_allowed=16  raise_delta=1
    overall: avg=0.00  p30=0.00  std=0.00
    failed_checks:
      C: p30 0.00 < 15; conf_mean 0.00 < 15
      S: p30 0.00 < 15; conf_mean 0.00 < 15
    reason: Pass: No suit meets thresholds. Best suit D has p30=0.00, conf_mean=0.00 below min_allowed=16 (current_high=0, raise_delta=+1). Failed checks for best suit: n/a.
Pass (locked): Player 1 (min_allowed=16)
  bidding analysis:
    present_suits: D, C, S
    current_high=0  min_allowed=16  raise_delta=1
    overall: avg=17.75  p30=13.00  std=5.91
    failed_checks:
      D: p30 13.00 < 15; conf_mean 14.79 < 15
      C: p30 0.00 < 15; conf_mean 0.00 < 15
      S: p30 0.00 < 15; conf_mean 0.00 < 15
    reason: Pass: No suit meets thresholds. Best suit D has p30=13.00, conf_mean=14.79 below min_allowed=16 (current_high=0, raise_delta=+1). Failed checks for best suit: p30 13.00 < 15, conf_mean 14.79 < 15.
Pass (locked): Player 2 (min_allowed=16)
  bidding analysis:
    present_suits: H, C, S
    current_high=0  min_allowed=16  raise_delta=1
    overall: avg=15.25  p30=14.00  std=4.99
    failed_checks:
      H: p30 0.00 < 15; conf_mean 0.00 < 15
      C: p30 14.00 < 15; conf_mean 12.75 < 15
    reason: Pass: No suit meets thresholds. Best suit C has p30=14.00, conf_mean=12.75 below min_allowed=16 (current_high=0, raise_delta=+1). Failed checks for best suit: p30 14.00 < 15, conf_mean 12.75 < 15.
Pass (locked): Player 3 (min_allowed=16)
  bidding analysis:
    present_suits: H, D, C
    current_high=0  min_allowed=16  raise_delta=1
    overall: avg=16.42  p30=14.00  std=5.24
    failed_checks:
      D: p30 0.00 < 15; conf_mean 0.00 < 15
      C: p30 14.00 < 15; conf_mean 13.80 < 15
    reason: Pass: No suit meets thresholds. Best suit C has p30=14.00, conf_mean=13.80 below min_allowed=16 (current_high=0, raise_delta=+1). Failed checks for best suit: p30 14.00 < 15, conf_mean 13.80 < 15.
Forced bid: All players passed. Player 0 takes minimum bid 16.

AUCTION WINNER: Player 0 with bid 16; chooses trump D 
Details={'chosen': 'D', 'estimates': {'C': 0.0, 'S': 0.0, 'D': 19.833333333333332}}
Player 0 hand :  ['10S', 'JD', '7C', 'JH', 'KH', '8C', 'QS']
Player 1 hand :  ['AC', 'JS', '8D', 'KS', '7H', '9S', 'QH', 'AD']
Player 2 hand :  ['9C', '10H', '8S', 'QC', '7S', 'AS', '8H', '7D']
Player 3 hand :  ['9H', '9D', '10D', '10C', 'KC', 'JC', 'AH', 'QD']
Player 0 (auction 4 cards): ['10S', 'KD', 'JD', '7C']
Player 1 (auction 4 cards): ['AC', 'JS', '8D', 'KS']
Player 2 (auction 4 cards): ['9C', '10H', '8S', 'QC']
Player 3 (auction 4 cards): ['9H', '9D', '10D', '10C']
Auction winner (bidder): Player 0 with bid 16
Bidder sets concealed trump suit: D
Phase: concealed, bidder concealed card: KD

Player 0 plays 10S
Player 1 plays JS
Player 2 plays 8S
Player 3 plays 9H
Player 1 won the hand: 6 points

Player 1 plays AC
Player 2 plays 9C
Player 3 plays 10C
Player 0 plays 7C
Player 2 won the hand: 4 points

Player 2 plays 10H
Player 3 plays AH
Player 0 plays JH
Player 1 plays 7H
Player 0 won the hand: 5 points

Player 0 plays KH
Player 1 plays QH
Player 2 plays 8H
-- Phase 2 begins: Trump revealed as D by Player 3 on trick 4 --
Player 3 plays 9D
Player 3 won the hand: 2 points

Player 3 plays 10D
Player 0 plays JD
Player 1 plays 8D
Player 2 plays 7D
Player 0 won the hand: 4 points

Player 0 plays 8C
Player 1 plays KS
Player 2 plays QC
Player 3 plays KC
Player 3 won the hand: 0 points

Player 3 plays JC
Player 0 plays QS
Player 1 plays 9S
Player 2 plays 7S
Player 3 won the hand: 5 points

Player 3 plays QD
Player 0 plays KD
Player 1 plays AD
Player 2 plays AS
Player 1 won the hand: 2 points

Game 165 final points: Team A=13, Team B=15
Series cumulative game score so far: Team A=-32, Team B=-30
Log saved to: c:\Users\laksh\Desktop\Projects\28bot\logs\game28\mcts_games\game_165_20250831_002045_124226.log
