
===== GAME 81 (20250830_075403_975686) =====

===== AUCTION =====
Pass (locked): Player 0 (min_allowed=16)
  bidding analysis:
    present_suits: H, D, S
    current_high=0  min_allowed=16  raise_delta=1
    overall: avg=0.00  p30=0.00  std=0.00
    failed_checks:
      H: p30 0.00 < 15; conf_mean 0.00 < 15
      D: p30 0.00 < 15; conf_mean 0.00 < 15
    reason: Pass: No suit meets thresholds. Best suit H has p30=0.00, conf_mean=0.00 below min_allowed=16 (current_high=0, raise_delta=+1). Failed checks for best suit: p30 0.00 < 15, conf_mean 0.00 < 15.
Pass (locked): Player 1 (min_allowed=16)
  bidding analysis:
    present_suits: D, C
    current_high=0  min_allowed=16  raise_delta=1
    overall: avg=13.88  p30=11.00  std=4.14
    suit_stats:
      C: pts=[5, 17, 11, 18, 15, 14 ...]  avg=13.88  p30=11.00  std=4.14
      D: pts=[]
    failed_checks:
      D: p30 0.00 < 15; conf_mean 0.00 < 15
      C: p30 11.00 < 15; conf_mean 11.81 < 15
    reason: Pass: No suit meets thresholds. Best suit C has p30=11.00, conf_mean=11.81 below min_allowed=16 (current_high=0, raise_delta=+1). Failed checks for best suit: p30 11.00 < 15, conf_mean 11.81 < 15.
Pass (locked): Player 2 (min_allowed=16)
  bidding analysis:
    present_suits: H, D
    current_high=0  min_allowed=16  raise_delta=1
    overall: avg=0.00  p30=0.00  std=0.00
    failed_checks:
      H: p30 0.00 < 15; conf_mean 0.00 < 15
    reason: Pass: No suit meets thresholds. Best suit H has p30=0.00, conf_mean=0.00 below min_allowed=16 (current_high=0, raise_delta=+1). Failed checks for best suit: p30 0.00 < 15, conf_mean 0.00 < 15.
Pass (locked): Player 3 (min_allowed=16)
  bidding analysis:
    present_suits: D, C, S
    current_high=0  min_allowed=16  raise_delta=1
    overall: avg=17.56  p30=12.00  std=6.53
    failed_checks:
      D: p30 12.00 < 15; conf_mean 14.30 < 15
      S: p30 0.00 < 15; conf_mean 0.00 < 15
    reason: Pass: No suit meets thresholds. Best suit D has p30=12.00, conf_mean=14.30 below min_allowed=16 (current_high=0, raise_delta=+1). Failed checks for best suit: p30 12.00 < 15, conf_mean 14.30 < 15.
Forced bid: All players passed. Player 0 takes minimum bid 16.

AUCTION WINNER: Player 0 with bid 16; chooses trump S 
Details={'chosen': 'S', 'estimates': {'H': 0.0, 'D': 0.0, 'S': 14.666666666666666}}
Player 0 hand :  ['KH', 'AD', 'KD', 'QD', '8C', '9H', 'QS']
Player 1 hand :  ['7C', '10C', '10D', 'KC', 'JC', '8S', '9D', '9S']
Player 2 hand :  ['7H', '8D', 'JH', 'QH', '10S', '7S', 'AH', 'QC']
Player 3 hand :  ['JD', '7D', 'AC', 'KS', '9C', 'JS', '10H', '8H']
Player 0 (auction 4 cards): ['KH', 'AS', 'AD', 'KD']
Player 1 (auction 4 cards): ['7C', '10C', '10D', 'KC']
Player 2 (auction 4 cards): ['7H', '8D', 'JH', 'QH']
Player 3 (auction 4 cards): ['JD', '7D', 'AC', 'KS']
Auction winner (bidder): Player 0 with bid 16
Bidder sets concealed trump suit: S
Phase: concealed, bidder concealed card: AS

Player 0 plays KH
Player 1 plays 7C
Player 2 plays 7H
Player 3 plays 10H
Player 3 won the hand: 1 points

Player 3 plays JD
Player 0 plays AD
Player 1 plays 10D
Player 2 plays 8D
Player 3 won the hand: 5 points

Player 3 plays 7D
Player 0 plays KD
Player 1 plays 9D
Player 2 plays JH
Player 1 won the hand: 5 points

Player 1 plays 10C
Player 2 plays QC
Player 3 plays AC
Player 0 plays 8C
Player 3 won the hand: 2 points

Player 3 plays KS
Player 0 plays QS
Player 1 plays 8S
Player 2 plays 10S
Player 2 won the hand: 1 points

Player 2 plays QH
Player 3 plays 8H
Player 0 plays 9H
Player 1 plays KC
Player 0 won the hand: 2 points

Player 0 plays QD
Player 1 plays JC
-- Phase 2 begins: Trump revealed as S by Player 2 on trick 7 --
Player 2 plays 7S
Player 3 plays 9C
Player 2 won the hand: 5 points

Player 2 plays AH
Player 3 plays JS
Player 0 plays AS
Player 1 plays 9S
Player 3 won the hand: 7 points

Game 81 final points: Team A=8, Team B=20
Series cumulative game score so far: Team A=-18, Team B=-23
Log saved to: c:\Users\laksh\Desktop\Projects\28bot\logs\game28\mcts_games\game_81_20250830_075403_975686.log
