
===== GAME 178 (20250831_010723_519494) =====

===== AUCTION =====
Pass (locked): Player 0 (min_allowed=16)
  bidding analysis:
    present_suits: H, D, S
    current_high=0  min_allowed=16  raise_delta=1
    overall: avg=16.44  p30=14.00  std=5.09
    failed_checks:
      H: p30 14.00 < 15; conf_mean 13.89 < 15
      S: p30 0.00 < 15; conf_mean 0.00 < 15
    reason: Pass: No suit meets thresholds. Best suit H has p30=14.00, conf_mean=13.89 below min_allowed=16 (current_high=0, raise_delta=+1). Failed checks for best suit: p30 14.00 < 15, conf_mean 13.89 < 15.
Pass (locked): Player 1 (min_allowed=16)
  bidding analysis:
    present_suits: H, D, S
    current_high=0  min_allowed=16  raise_delta=1
    overall: avg=16.38  p30=14.00  std=5.24
    failed_checks:
      D: p30 14.00 < 15; conf_mean 13.75 < 15
      S: p30 0.00 < 15; conf_mean 0.00 < 15
    reason: Pass: No suit meets thresholds. Best suit D has p30=14.00, conf_mean=13.75 below min_allowed=16 (current_high=0, raise_delta=+1). Failed checks for best suit: p30 14.00 < 15, conf_mean 13.75 < 15.
Pass (locked): Player 2 (min_allowed=16)
  bidding analysis:
    present_suits: H, C
    current_high=0  min_allowed=16  raise_delta=1
    overall: avg=11.00  p30=11.00  std=0.00
    failed_checks:
      H: p30 10.00 < 15; conf_mean 10.04 < 15
      C: p30 11.00 < 15; conf_mean 11.00 < 15
    reason: Pass: No suit meets thresholds. Best suit C has p30=11.00, conf_mean=11.00 below min_allowed=16 (current_high=0, raise_delta=+1). Failed checks for best suit: p30 11.00 < 15, conf_mean 11.00 < 15.
Pass (locked): Player 3 (min_allowed=16)
  bidding analysis:
    present_suits: H, D, C, S
    current_high=0  min_allowed=16  raise_delta=1
    overall: avg=16.50  p30=14.00  std=3.50
    failed_checks:
      H: p30 5.00 < 15; conf_mean 6.95 < 15
      D: p30 14.00 < 15; conf_mean 14.75 < 15
      C: p30 12.00 < 15; conf_mean 8.01 < 15
      S: p30 9.00 < 15; conf_mean 8.94 < 15
    reason: Pass: No suit meets thresholds. Best suit D has p30=14.00, conf_mean=14.75 below min_allowed=16 (current_high=0, raise_delta=+1). Failed checks for best suit: p30 14.00 < 15, conf_mean 14.75 < 15.
Forced bid: All players passed. Player 0 takes minimum bid 16.

AUCTION WINNER: Player 0 with bid 16; chooses trump H 
Details={'chosen': 'H', 'estimates': {'H': 16.4375, 'S': 0.0, 'D': 6.5}}
Player 0 hand :  ['AS', '10S', '10D', 'QD', '7H', '8S', 'JC']
Player 1 hand :  ['JD', 'QS', 'KD', 'JH', '9C', '7S', '9H', '8C']
Player 2 hand :  ['10C', 'KC', 'QH', 'AH', 'QC', '7C', '9D', 'KS']
Player 3 hand :  ['7D', 'KH', 'AC', 'JS', '8D', '9S', '8H', 'AD']
Player 0 (auction 4 cards): ['10H', 'AS', '10S', '10D']
Player 1 (auction 4 cards): ['JD', 'QS', 'KD', 'JH']
Player 2 (auction 4 cards): ['10C', 'KC', 'QH', 'AH']
Player 3 (auction 4 cards): ['7D', 'KH', 'AC', 'JS']
Auction winner (bidder): Player 0 with bid 16
Bidder sets concealed trump suit: H
Phase: concealed, bidder concealed card: 10H

Player 0 plays AS
Player 1 plays QS
Player 2 plays KS
Player 3 plays JS
Player 3 won the hand: 4 points

Player 3 plays 7D
Player 0 plays 10D
Player 1 plays JD
Player 2 plays 9D
Player 1 won the hand: 6 points

Player 1 plays KD
Player 2 plays 10C
Player 3 plays 8D
Player 0 plays QD
Player 1 won the hand: 1 points

Player 1 plays JH
Player 2 plays QH
Player 3 plays KH
Player 0 plays 7H
Player 1 won the hand: 3 points

Player 1 plays 9C
Player 2 plays KC
Player 3 plays AC
Player 0 plays JC
Player 0 won the hand: 6 points

Player 0 plays 10S
Player 1 plays 7S
-- Phase 2 begins: Trump revealed as H by Player 2 on trick 6 --
Player 2 plays AH
Player 3 plays 9S
Player 2 won the hand: 4 points

Player 2 plays QC
Player 3 plays 8H
Player 0 plays 8S
Player 1 plays 8C
Player 3 won the hand: 0 points

Player 3 plays AD
Player 0 plays 10H
Player 1 plays 9H
Player 2 plays 7C
Player 1 won the hand: 4 points

Game 178 final points: Team A=10, Team B=18
Series cumulative game score so far: Team A=-33, Team B=-29
Log saved to: c:\Users\laksh\Desktop\Projects\28bot\logs\game28\mcts_games\game_178_20250831_010723_519494.log
