
===== GAME 231 (20250831_123259_900285) =====

===== AUCTION =====
Bid: Player 0 proposes 18 (min_allowed=16)
  bidding analysis:
    present_suits: D, S
    current_high=0  min_allowed=16  raise_delta=1
    chosen_suit: D
    proposed_bid: 18
    overall: avg=19.06  p30=17.00  std=3.63
    suit_stats:
      D: pts=[24, 18, 17, 19, 13, 21 ...]  avg=19.06  p30=17.00  std=3.63
      S: pts=[]
    reason: Bid: Suit D meets thresholds (p30=17.00, conf_mean=17.25 >= min_allowed=16); conservative mapping max(p30, avg-1) -> 18. (current_high=0, raise_delta=+1)
Pass (locked): Player 1 (min_allowed=19)
  bidding analysis:
    present_suits: H, S
    current_high=18  min_allowed=19  raise_delta=1
    overall: avg=17.38  p30=15.00  std=6.27
    suit_stats:
      H: pts=[6, 15, 18, 18, 8, 18 ...]  avg=17.38  p30=15.00  std=6.27
      S: pts=[9]  avg=9.00  p30=9.00  std=0.00
    failed_checks:
      H: p30 15.00 < 18; conf_mean 14.24 < 18
      S: p30 9.00 < 18; conf_mean 9.00 < 18
    reason: Pass: No suit meets thresholds. Best suit H has p30=15.00, conf_mean=14.24 below min_allowed=19 (current_high=18, raise_delta=+1). Failed checks for best suit: p30 15.00 < 18, conf_mean 14.24 < 18.
Pass (locked): Player 2 (min_allowed=19)
  bidding analysis:
    present_suits: H, C, S
    current_high=18  min_allowed=19  raise_delta=1
    overall: avg=11.88  p30=8.00  std=5.30
    suit_stats:
      S: pts=[6, 16, 8, 6, 17, 16 ...]  avg=11.88  p30=8.00  std=5.30
      H: pts=[]
      C: pts=[]
    failed_checks:
      H: p30 0.00 < 18; conf_mean 0.00 < 18
      C: p30 0.00 < 18; conf_mean 0.00 < 18
      S: p30 8.00 < 18; conf_mean 9.22 < 18
    reason: Pass: No suit meets thresholds. Best suit S has p30=8.00, conf_mean=9.22 below min_allowed=19 (current_high=18, raise_delta=+1). Failed checks for best suit: p30 8.00 < 18, conf_mean 9.22 < 18.
Pass (locked): Player 3 (min_allowed=19)
  bidding analysis:
    present_suits: H, D
    current_high=18  min_allowed=19  raise_delta=1
    overall: avg=16.69  p30=15.00  std=4.34
    suit_stats:
      D: pts=[16, 15, 9, 8, 22, 19 ...]  avg=16.69  p30=15.00  std=4.34
      H: pts=[13]  avg=13.00  p30=13.00  std=0.00
    failed_checks:
      H: p30 13.00 < 18; conf_mean 13.00 < 18
      D: p30 15.00 < 18; conf_mean 14.52 < 18
    reason: Pass: No suit meets thresholds. Best suit D has p30=15.00, conf_mean=14.52 below min_allowed=19 (current_high=18, raise_delta=+1). Failed checks for best suit: p30 15.00 < 18, conf_mean 14.52 < 18.

AUCTION WINNER: Player 0 with bid 18; chooses trump D 
Details={'chosen': 'D', 'estimates': {'D': 19.0, 'S': 13.0}}
Player 0 hand :  ['9S', '9D', 'JD', 'AC', 'AD', '7C', '10S']
Player 1 hand :  ['7S', '7H', 'JH', 'JS', '7D', '8C', '8D', 'QH']
Player 2 hand :  ['10H', 'KC', '8S', 'AS', '9C', 'QC', 'JC', 'QS']
Player 3 hand :  ['10D', 'KD', '9H', 'AH', '10C', 'KH', '8H', 'KS']
Player 0 (auction 4 cards): ['9S', '9D', 'JD', 'QD']
Player 1 (auction 4 cards): ['7S', '7H', 'JH', 'JS']
Player 2 (auction 4 cards): ['10H', 'KC', '8S', 'AS']
Player 3 (auction 4 cards): ['10D', 'KD', '9H', 'AH']
Auction winner (bidder): Player 0 with bid 18
Bidder sets concealed trump suit: D
Phase: concealed, bidder concealed card: QD

Player 0 plays 9S
Player 1 plays 7S
Player 2 plays 8S
Player 3 plays KS
Player 0 won the hand: 2 points

Player 0 plays AC
Player 1 plays 8C
Player 2 plays KC
Player 3 plays 10C
Player 0 won the hand: 2 points

Player 0 plays 7C
Player 1 plays 7H
Player 2 plays 9C
-- Phase 2 begins: Trump revealed as D by Player 3 on trick 3 --
Player 3 plays 10D
Player 3 won the hand: 3 points

Player 3 plays KD
Player 0 plays 9D
Player 1 plays 7D
Player 2 plays 10H
Player 0 won the hand: 3 points

Player 0 plays JD
Player 1 plays 8D
Player 2 plays AS
Player 3 plays 9H
Player 0 won the hand: 6 points

Player 0 plays AD
Player 1 plays JH
Player 2 plays QC
Player 3 plays AH
Player 0 won the hand: 5 points

Player 0 plays 10S
Player 1 plays JS
Player 2 plays QS
Player 3 plays KH
Player 1 won the hand: 4 points

Player 1 plays QH
Player 2 plays JC
Player 3 plays 8H
Player 0 plays QD
Player 0 won the hand: 3 points

Game 231 final points: Team A=21, Team B=7
Series cumulative game score so far: Team A=-43, Team B=-36
Log saved to: c:\Users\laksh\Desktop\Projects\28bot\logs\game28\mcts_games\game_231_20250831_123259_900285.log
