
===== GAME 112 (20250825_195835_879543) =====

===== AUCTION =====
Pass (locked): Player 0 (min_allowed=16)
  bidding analysis:
    present_suits: D, C, S
    current_high=0  min_allowed=16  raise_delta=1
    overall: avg=9.50  p30=9.00  std=6.02
    failed_checks:
      C: p30 9.00 < 15; conf_mean 6.49 < 15
      S: p30 0.00 < 15; conf_mean 0.00 < 15
    reason: Pass: No suit meets thresholds. Best suit C has p30=9.00, conf_mean=6.49 below min_allowed=16 (current_high=0, raise_delta=+1). Failed checks for best suit: p30 9.00 < 15, conf_mean 6.49 < 15.
Bid: Player 1 proposes 16 (min_allowed=16)
  bidding analysis:
    present_suits: H, D, C
    current_high=0  min_allowed=16  raise_delta=1
    chosen_suit: H
    proposed_bid: 16
    overall: avg=17.38  p30=15.00  std=4.64
    suit_stats:
      H: pts=[17, 11, 18, 8, 14, 15 ...]  avg=17.38  p30=15.00  std=4.64
      D: pts=[]
      C: pts=[]
    reason: Bid: Suit H meets thresholds (p30=15.00, conf_mean=15.06 >= min_allowed=16); conservative mapping max(p30, avg-1) -> 16. (current_high=0, raise_delta=+1)
Pass (locked): Player 2 (min_allowed=17)
  bidding analysis:
    present_suits: D, C, S
    current_high=16  min_allowed=17  raise_delta=1
    overall: avg=0.00  p30=0.00  std=0.00
    failed_checks:
      D: p30 0.00 < 16; conf_mean 0.00 < 16
      S: p30 0.00 < 16; conf_mean 0.00 < 16
    reason: Pass: No suit meets thresholds. Best suit D has p30=0.00, conf_mean=0.00 below min_allowed=17 (current_high=16, raise_delta=+1). Failed checks for best suit: p30 0.00 < 16, conf_mean 0.00 < 16.
Pass (locked): Player 3 (min_allowed=17)
  bidding analysis:
    present_suits: C, S
    current_high=16  min_allowed=17  raise_delta=1
    overall: avg=13.06  p30=10.00  std=6.31
    suit_stats:
      S: pts=[11, 20, 11, 6, 6, 12 ...]  avg=13.06  p30=10.00  std=6.31
      C: pts=[9]  avg=9.00  p30=9.00  std=0.00
    failed_checks:
      C: p30 9.00 < 16; conf_mean 9.00 < 16
      S: p30 10.00 < 16; conf_mean 9.91 < 16
    reason: Pass: No suit meets thresholds. Best suit S has p30=10.00, conf_mean=9.91 below min_allowed=17 (current_high=16, raise_delta=+1). Failed checks for best suit: p30 10.00 < 16, conf_mean 9.91 < 16.

AUCTION WINNER: Player 1 with bid 16; chooses trump D 
Details={'chosen': 'D', 'estimates': {'C': 11.0, 'D': 14.0, 'H': 8.0}}
Player 0 hand :  ['8C', 'JS', 'KD', '7D', 'KH', 'KC', '9C', 'KS']
Player 1 hand :  ['JC', '10H', '8H', 'AH', '9D', '7S', 'QD']
Player 2 hand :  ['9S', 'AC', '8S', 'JD', 'JH', '9H', '8D', '7H']
Player 3 hand :  ['QC', '10C', 'QS', 'AS', 'AD', '7C', '10S', 'QH']
Player 0 (auction 4 cards): ['8C', 'JS', 'KD', '7D']
Player 1 (auction 4 cards): ['10D', 'JC', '10H', '8H']
Player 2 (auction 4 cards): ['9S', 'AC', '8S', 'JD']
Player 3 (auction 4 cards): ['QC', '10C', 'QS', 'AS']
Auction winner (bidder): Player 1 with bid 16
Bidder sets concealed trump suit: D
Phase: concealed, bidder concealed card: 10D

Player 0 plays 8C
Player 1 plays JC
Player 2 plays AC
Player 3 plays QC
Player 1 won the hand: 4 points

Player 1 plays 10H
Player 2 plays JH
Player 3 plays QH
Player 0 plays KH
Player 2 won the hand: 4 points

Player 2 plays 9S
Player 3 plays QS
Player 0 plays JS
Player 1 plays 7S
Player 0 won the hand: 5 points

Player 0 plays KD
Player 1 plays 9D
Player 2 plays JD
Player 3 plays AD
Player 2 won the hand: 6 points

Player 2 plays 8S
Player 3 plays AS
Player 0 plays KS
Player 1 plays 8H
Player 3 won the hand: 1 points

Player 3 plays 10C
Player 0 plays KC
Player 1 plays AH
Player 2 plays 9H
Player 3 won the hand: 4 points

Player 3 plays 7C
Player 0 plays 9C
-- Phase 2 begins: Trump revealed as D by Player 1 on trick 7 --
Player 1 plays QD
Player 2 plays 8D
Player 1 won the hand: 2 points

Player 1 plays 10D
Player 2 plays 7H
Player 3 plays 10S
Player 0 plays 7D
Player 1 won the hand: 2 points

Game 112 final points: Team A=15, Team B=13
Series cumulative game score so far: Team A=-17, Team B=-19
Log saved to: c:\Users\laksh\Desktop\Projects\28bot\logs\game28\mcts_games\game_112_20250825_195835_879543.log
