
===== GAME 59 (20250830_055219_139226) =====

===== AUCTION =====
Pass (locked): Player 0 (min_allowed=16)
  bidding analysis:
    present_suits: H, C, S
    current_high=0  min_allowed=16  raise_delta=1
    overall: avg=15.56  p30=12.00  std=5.82
    suit_stats:
      H: pts=[21, 19, 19, 9, 4, 13 ...]  avg=15.56  p30=12.00  std=5.82
      C: pts=[]
      S: pts=[]
    failed_checks:
      H: p30 12.00 < 15; conf_mean 12.65 < 15
      C: p30 0.00 < 15; conf_mean 0.00 < 15
      S: p30 0.00 < 15; conf_mean 0.00 < 15
    reason: Pass: No suit meets thresholds. Best suit H has p30=12.00, conf_mean=12.65 below min_allowed=16 (current_high=0, raise_delta=+1). Failed checks for best suit: p30 12.00 < 15, conf_mean 12.65 < 15.
Bid: Player 1 proposes 18 (min_allowed=16)
  bidding analysis:
    present_suits: D, C, S
    current_high=0  min_allowed=16  raise_delta=1
    chosen_suit: S
    proposed_bid: 18
    overall: avg=19.38  p30=15.00  std=5.07
    reason: Bid (precomputed): Suit S meets thresholds (p30=15.00, conf_mean=16.84 >= min_allowed=16); conservative mapping max(p30, avg-1) -> 18. (current_high=0, raise_delta=+1)
Bid: Player 2 proposes 23 (min_allowed=19)
  bidding analysis:
    present_suits: H, D, C, S
    current_high=18  min_allowed=19  raise_delta=1
    chosen_suit: S
    proposed_bid: 23
    overall: avg=23.00  p30=23.00  std=0.00
    reason: Bid (precomputed): Suit S meets thresholds (p30=23.00, conf_mean=23.00 >= min_allowed=19); conservative mapping max(p30, avg-1) -> 23. (current_high=18, raise_delta=+1)
Pass (locked): Player 3 (min_allowed=24)
  bidding analysis:
    present_suits: H, D, C
    current_high=23  min_allowed=24  raise_delta=1
    overall: avg=12.50  p30=7.00  std=5.45
    failed_checks:
      D: p30 7.00 < 23; conf_mean 9.77 < 23
      C: p30 0.00 < 23; conf_mean 0.00 < 23
    reason: Pass: No suit meets thresholds. Best suit D has p30=7.00, conf_mean=9.77 below min_allowed=24 (current_high=23, raise_delta=+1). Failed checks for best suit: p30 7.00 < 23, conf_mean 9.77 < 23.
Pass (locked): Player 1 (min_allowed=24)
  bidding analysis:
    present_suits: D, C, S
    current_high=23  min_allowed=24  raise_delta=1
    overall: avg=19.38  p30=15.00  std=5.07
    failed_checks:
      D: p30 0.00 < 23; conf_mean 0.00 < 23
      C: p30 0.00 < 23; conf_mean 0.00 < 23
      S: p30 15.00 < 23; conf_mean 16.84 < 23
    reason: Pass: No suit meets thresholds. Best suit S has p30=15.00, conf_mean=16.84 below min_allowed=24 (current_high=23, raise_delta=+1). Failed checks for best suit: p30 15.00 < 23, conf_mean 16.84 < 23.

AUCTION WINNER: Player 2 with bid 23; chooses trump S 
Details={'chosen': 'S', 'estimates': {'H': 11.0, 'D': 16.0, 'C': 6.0, 'S': 23.0}}
Player 0 hand :  ['9C', 'QH', '9S', 'KH', '10H', 'KS', 'JH', 'AS']
Player 1 hand :  ['8S', '9D', 'QD', 'JC', '7S', 'JS', '8H', '7C']
Player 2 hand :  ['7D', 'KC', '7H', 'AD', '10D', 'QC', '8C']
Player 3 hand :  ['KD', 'AH', 'AC', '8D', '10C', '9H', 'JD', 'QS']
Player 0 (auction 4 cards): ['9C', 'QH', '9S', 'KH']
Player 1 (auction 4 cards): ['8S', '9D', 'QD', 'JC']
Player 2 (auction 4 cards): ['7D', 'KC', '7H', '10S']
Player 3 (auction 4 cards): ['KD', 'AH', 'AC', '8D']
Auction winner (bidder): Player 2 with bid 23
Bidder sets concealed trump suit: S
Phase: concealed, bidder concealed card: 10S

Player 0 plays 9C
Player 1 plays JC
Player 2 plays KC
Player 3 plays AC
Player 1 won the hand: 6 points

Player 1 plays 8S
Player 2 plays 7D
Player 3 plays QS
Player 0 plays 9S
Player 0 won the hand: 2 points

Player 0 plays QH
Player 1 plays 8H
Player 2 plays 7H
Player 3 plays AH
Player 3 won the hand: 1 points

Player 3 plays KD
Player 0 plays KH
Player 1 plays 9D
Player 2 plays AD
Player 1 won the hand: 3 points

Player 1 plays QD
Player 2 plays 10D
Player 3 plays 8D
Player 0 plays 10H
Player 2 won the hand: 2 points

Player 2 plays QC
Player 3 plays 10C
-- Phase 2 begins: Trump revealed as S by Player 0 on trick 6 --
Player 0 plays KS
Player 1 plays 7C
Player 0 won the hand: 1 points

Player 0 plays JH
Player 1 plays 7S
Player 2 plays 8C
Player 3 plays 9H
Player 1 won the hand: 5 points

Player 1 plays JS
Player 2 plays 10S
Player 3 plays JD
Player 0 plays AS
Player 1 won the hand: 8 points

Game 59 final points: Team A=5, Team B=23
Series cumulative game score so far: Team A=-13, Team B=-21
Log saved to: c:\Users\laksh\Desktop\Projects\28bot\logs\game28\mcts_games\game_59_20250830_055219_139226.log
