
===== GAME 83 (20250830_080531_457766) =====

===== AUCTION =====
Pass (locked): Player 0 (min_allowed=16)
  bidding analysis:
    present_suits: D, C, S
    current_high=0  min_allowed=16  raise_delta=1
    overall: avg=17.75  p30=14.00  std=6.38
    failed_checks:
      D: p30 0.00 < 15; conf_mean 0.00 < 15
      C: p30 0.00 < 15; conf_mean 0.00 < 15
      S: p30 14.00 < 15; conf_mean 14.56 < 15
    reason: Pass: No suit meets thresholds. Best suit S has p30=14.00, conf_mean=14.56 below min_allowed=16 (current_high=0, raise_delta=+1). Failed checks for best suit: p30 14.00 < 15, conf_mean 14.56 < 15.
Pass (locked): Player 1 (min_allowed=16)
  bidding analysis:
    present_suits: H, C, S
    current_high=0  min_allowed=16  raise_delta=1
    overall: avg=14.12  p30=9.00  std=6.43
    failed_checks:
      H: p30 9.00 < 15; conf_mean 10.91 < 15
      S: p30 0.00 < 15; conf_mean 0.00 < 15
    reason: Pass: No suit meets thresholds. Best suit H has p30=9.00, conf_mean=10.91 below min_allowed=16 (current_high=0, raise_delta=+1). Failed checks for best suit: p30 9.00 < 15, conf_mean 10.91 < 15.
Bid: Player 2 proposes 19 (min_allowed=16)
  bidding analysis:
    present_suits: H, D
    current_high=0  min_allowed=16  raise_delta=1
    chosen_suit: D
    proposed_bid: 19
    overall: avg=19.00  p30=19.00  std=0.00
    suit_stats:
      H: pts=[15, 21, 12, 14, 19, 11 ...]  avg=17.06  p30=13.00  std=4.97
      D: pts=[19]  avg=19.00  p30=19.00  std=0.00
    reason: Bid: Suit D meets thresholds (p30=19.00, conf_mean=19.00 >= min_allowed=16); conservative mapping max(p30, avg-1) -> 19. (current_high=0, raise_delta=+1)
Pass (locked): Player 3 (min_allowed=20)
  bidding analysis:
    present_suits: H, C, S
    current_high=19  min_allowed=20  raise_delta=1
    overall: avg=18.25  p30=15.00  std=6.02
    failed_checks:
      C: p30 15.00 < 19; conf_mean 15.24 < 19
      S: p30 0.00 < 19; conf_mean 0.00 < 19
    reason: Pass: No suit meets thresholds. Best suit C has p30=15.00, conf_mean=15.24 below min_allowed=20 (current_high=19, raise_delta=+1). Failed checks for best suit: p30 15.00 < 19, conf_mean 15.24 < 19.

AUCTION WINNER: Player 2 with bid 19; chooses trump D 
Details={'chosen': 'D', 'estimates': {'H': 19.0, 'D': 20.0}}
Player 0 hand :  ['8S', '9C', '8D', 'QD', '10C', 'JC', 'QS', 'KS']
Player 1 hand :  ['9S', 'QC', 'QH', '10S', '8H', 'AC', 'KH', '7S']
Player 2 hand :  ['JH', '10D', '7H', '7C', '9H', '7D', '9D']
Player 3 hand :  ['AS', 'JS', '10H', 'KC', '8C', 'AD', 'KD', 'AH']
Player 0 (auction 4 cards): ['8S', '9C', '8D', 'QD']
Player 1 (auction 4 cards): ['9S', 'QC', 'QH', '10S']
Player 2 (auction 4 cards): ['JH', 'JD', '10D', '7H']
Player 3 (auction 4 cards): ['AS', 'JS', '10H', 'KC']
Auction winner (bidder): Player 2 with bid 19
Bidder sets concealed trump suit: D
Phase: concealed, bidder concealed card: JD

Player 0 plays 8S
Player 1 plays 9S
Player 2 plays JH
Player 3 plays AS
Player 1 won the hand: 6 points

Player 1 plays QC
Player 2 plays 7C
Player 3 plays KC
Player 0 plays 9C
Player 0 won the hand: 2 points

Player 0 plays 8D
Player 1 plays QH
Player 2 plays 10D
Player 3 plays AD
Player 3 won the hand: 2 points

Player 3 plays JS
Player 0 plays QS
Player 1 plays 10S
Player 2 plays 7H
Player 3 won the hand: 4 points

Player 3 plays 10H
-- Phase 2 begins: Trump revealed as D by Player 0 on trick 5 --
Player 0 plays QD
Player 1 plays 8H
Player 2 plays 9H
Player 0 won the hand: 3 points

Player 0 plays 10C
Player 1 plays AC
Player 2 plays 7D
Player 3 plays 8C
Player 2 won the hand: 2 points

Player 2 plays 9D
Player 3 plays KD
Player 0 plays JC
Player 1 plays KH
Player 2 won the hand: 5 points

Player 2 plays JD
Player 3 plays AH
Player 0 plays KS
Player 1 plays 7S
Player 2 won the hand: 4 points

Game 83 final points: Team A=16, Team B=12
Series cumulative game score so far: Team A=-19, Team B=-23
Log saved to: c:\Users\laksh\Desktop\Projects\28bot\logs\game28\mcts_games\game_83_20250830_080531_457766.log
