
===== GAME 31 (20250830_030753_773275) =====

===== AUCTION =====
Bid: Player 0 proposes 17 (min_allowed=16)
  bidding analysis:
    present_suits: H, C, S
    current_high=0  min_allowed=16  raise_delta=1
    chosen_suit: H
    proposed_bid: 17
    overall: avg=17.56  p30=17.00  std=3.92
    suit_stats:
      H: pts=[18, 19, 18, 17, 19, 12 ...]  avg=17.56  p30=17.00  std=3.92
      C: pts=[]
      S: pts=[]
    reason: Bid: Suit H meets thresholds (p30=17.00, conf_mean=15.60 >= min_allowed=16); conservative mapping max(p30, avg-1) -> 17. (current_high=0, raise_delta=+1)
Pass (locked): Player 1 (min_allowed=18)
  bidding analysis:
    present_suits: S
    current_high=17  min_allowed=18  raise_delta=1
    overall: avg=18.25  p30=13.00  std=5.85
    suit_stats:
      S: pts=[24, 18, 25, 7, 11, 14 ...]  avg=18.25  p30=13.00  std=5.85
    failed_checks:
      S: p30 13.00 < 17; conf_mean 15.33 < 17
    reason: Pass: No suit meets thresholds. Best suit S has p30=13.00, conf_mean=15.33 below min_allowed=18 (current_high=17, raise_delta=+1). Failed checks for best suit: p30 13.00 < 17, conf_mean 15.33 < 17.
Pass (locked): Player 2 (min_allowed=18)
  bidding analysis:
    present_suits: D, C, S
    current_high=17  min_allowed=18  raise_delta=1
    overall: avg=19.81  p30=16.00  std=5.50
    failed_checks:
      D: p30 0.00 < 17; conf_mean 0.00 < 17
      S: p30 16.00 < 17
    reason: Pass: No suit meets thresholds. Best suit S has p30=16.00, conf_mean=17.06 below min_allowed=18 (current_high=17, raise_delta=+1). Failed checks for best suit: p30 16.00 < 17.
Pass (locked): Player 3 (min_allowed=18)
  bidding analysis:
    present_suits: H, C, S
    current_high=17  min_allowed=18  raise_delta=1
    overall: avg=13.00  p30=12.00  std=3.94
    failed_checks:
      H: p30 12.00 < 17; conf_mean 11.03 < 17
      S: p30 0.00 < 17; conf_mean 0.00 < 17
    reason: Pass: No suit meets thresholds. Best suit H has p30=12.00, conf_mean=11.03 below min_allowed=18 (current_high=17, raise_delta=+1). Failed checks for best suit: p30 12.00 < 17, conf_mean 11.03 < 17.

AUCTION WINNER: Player 0 with bid 17; chooses trump H 
Details={'chosen': 'H', 'estimates': {'C': 10.0, 'S': 16.0, 'H': 18.0}}
Player 0 hand :  ['10C', '10S', '9H', 'QD', '8D', '10H', 'QH']
Player 1 hand :  ['KS', '7S', 'QS', 'AS', '7D', 'KC', 'AD', '10D']
Player 2 hand :  ['JD', '9C', 'KD', 'JS', '7C', '8S', 'JC', '7H']
Player 3 hand :  ['9S', 'AC', 'AH', '8H', 'QC', 'JH', '9D', '8C']
Player 0 (auction 4 cards): ['10C', '10S', 'KH', '9H']
Player 1 (auction 4 cards): ['KS', '7S', 'QS', 'AS']
Player 2 (auction 4 cards): ['JD', '9C', 'KD', 'JS']
Player 3 (auction 4 cards): ['9S', 'AC', 'AH', '8H']
Auction winner (bidder): Player 0 with bid 17
Bidder sets concealed trump suit: H
Phase: concealed, bidder concealed card: KH

Player 0 plays 10C
Player 1 plays KC
Player 2 plays 9C
Player 3 plays AC
Player 2 won the hand: 4 points

Player 2 plays JD
Player 3 plays 9D
Player 0 plays QD
Player 1 plays 7D
Player 2 won the hand: 5 points

Player 2 plays KD
Player 3 plays 9S
Player 0 plays 8D
Player 1 plays AD
Player 1 won the hand: 3 points

Player 1 plays KS
Player 2 plays JS
-- Phase 2 begins: Trump revealed as H by Player 3 on trick 4 --
Player 3 plays AH
Player 0 plays 10S
Player 3 won the hand: 5 points

Player 3 plays 8H
Player 0 plays 9H
Player 1 plays 7S
Player 2 plays 7H
Player 0 won the hand: 2 points

Player 0 plays 10H
Player 1 plays QS
Player 2 plays 7C
Player 3 plays JH
Player 3 won the hand: 4 points

Player 3 plays QC
Player 0 plays QH
Player 1 plays AS
Player 2 plays JC
Player 0 won the hand: 4 points

Player 0 plays KH
Player 1 plays 10D
Player 2 plays 8S
Player 3 plays 8C
Player 0 won the hand: 1 points

Game 31 final points: Team A=16, Team B=12
Series cumulative game score so far: Team A=-2, Team B=-17
Log saved to: c:\Users\laksh\Desktop\Projects\28bot\logs\game28\mcts_games\game_31_20250830_030753_773275.log
