
===== GAME 40 (20250830_035908_615569) =====

===== AUCTION =====
Pass (locked): Player 0 (min_allowed=16)
  bidding analysis:
    present_suits: H, D, C
    current_high=0  min_allowed=16  raise_delta=1
    overall: avg=13.88  p30=10.00  std=5.97
    suit_stats:
      C: pts=[10, 2, 12, 7, 20, 7 ...]  avg=13.88  p30=10.00  std=5.97
      H: pts=[]
      D: pts=[]
    failed_checks:
      H: p30 0.00 < 15; conf_mean 0.00 < 15
      D: p30 0.00 < 15; conf_mean 0.00 < 15
      C: p30 10.00 < 15; conf_mean 10.89 < 15
    reason: Pass: No suit meets thresholds. Best suit C has p30=10.00, conf_mean=10.89 below min_allowed=16 (current_high=0, raise_delta=+1). Failed checks for best suit: p30 10.00 < 15, conf_mean 10.89 < 15.
Pass (locked): Player 1 (min_allowed=16)
  bidding analysis:
    present_suits: D, S
    current_high=0  min_allowed=16  raise_delta=1
    overall: avg=16.25  p30=18.00  std=4.26
    failed_checks:
      D: conf_mean 14.12 < 15
      S: p30 0.00 < 15; conf_mean 0.00 < 15
    reason: Pass: No suit meets thresholds. Best suit D has p30=18.00, conf_mean=14.12 below min_allowed=16 (current_high=0, raise_delta=+1). Failed checks for best suit: conf_mean 14.12 < 15.
Pass (locked): Player 2 (min_allowed=16)
  bidding analysis:
    present_suits: H, C, S
    current_high=0  min_allowed=16  raise_delta=1
    overall: avg=0.00  p30=0.00  std=0.00
    failed_checks:
      C: p30 0.00 < 15; conf_mean 0.00 < 15
      S: p30 0.00 < 15; conf_mean 0.00 < 15
    reason: Pass: No suit meets thresholds. Best suit H has p30=0.00, conf_mean=0.00 below min_allowed=16 (current_high=0, raise_delta=+1). Failed checks for best suit: n/a.
Pass (locked): Player 3 (min_allowed=16)
  bidding analysis:
    present_suits: H, S
    current_high=0  min_allowed=16  raise_delta=1
    overall: avg=13.67  p30=8.00  std=6.50
    failed_checks:
      H: p30 8.00 < 15; conf_mean 10.42 < 15
    reason: Pass: No suit meets thresholds. Best suit H has p30=8.00, conf_mean=10.42 below min_allowed=16 (current_high=0, raise_delta=+1). Failed checks for best suit: p30 8.00 < 15, conf_mean 10.42 < 15.
Forced bid: All players passed. Player 0 takes minimum bid 16.

AUCTION WINNER: Player 0 with bid 16; chooses trump C 
Details={'chosen': 'C', 'estimates': {'D': 12.0, 'C': 18.0, 'H': 17.0}}
Player 0 hand :  ['8H', '7C', '8D', '10D', '9S', 'KH', '7H']
Player 1 hand :  ['QS', 'AD', 'QD', 'KD', '8C', '10S', '10C', '9D']
Player 2 hand :  ['AH', 'KC', '8S', 'JC', 'QC', '10H', 'JS', '9C']
Player 3 hand :  ['JH', '7S', '9H', 'KS', 'JD', '7D', 'QH', 'AS']
Player 0 (auction 4 cards): ['8H', 'AC', '7C', '8D']
Player 1 (auction 4 cards): ['QS', 'AD', 'QD', 'KD']
Player 2 (auction 4 cards): ['AH', 'KC', '8S', 'JC']
Player 3 (auction 4 cards): ['JH', '7S', '9H', 'KS']
Auction winner (bidder): Player 0 with bid 16
Bidder sets concealed trump suit: C
Phase: concealed, bidder concealed card: AC

Player 0 plays 8H
Player 1 plays QS
Player 2 plays AH
Player 3 plays JH
Player 3 won the hand: 4 points

Player 3 plays 7S
Player 0 plays 9S
Player 1 plays 10S
Player 2 plays 8S
Player 0 won the hand: 3 points

Player 0 plays 8D
Player 1 plays AD
-- Phase 2 begins: Trump revealed as C by Player 2 on trick 3 --
Player 2 plays KC
Player 3 plays JD
Player 2 won the hand: 4 points

Player 2 plays JC
Player 3 plays 9H
Player 0 plays 7C
Player 1 plays 8C
Player 2 won the hand: 5 points

Player 2 plays QC
Player 3 plays KS
Player 0 plays AC
Player 1 plays 10C
Player 0 won the hand: 2 points

Player 0 plays 10D
Player 1 plays QD
Player 2 plays 10H
Player 3 plays 7D
Player 0 won the hand: 2 points

Player 0 plays KH
Player 1 plays KD
Player 2 plays JS
Player 3 plays QH
Player 0 won the hand: 3 points

Player 0 plays 7H
Player 1 plays 9D
Player 2 plays 9C
Player 3 plays AS
Player 2 won the hand: 5 points

Game 40 final points: Team A=24, Team B=4
Series cumulative game score so far: Team A=-4, Team B=-18
Log saved to: c:\Users\laksh\Desktop\Projects\28bot\logs\game28\mcts_games\game_40_20250830_035908_615569.log
