
===== GAME 146 (20250830_214647_577405) =====

===== AUCTION =====
Pass (locked): Player 0 (min_allowed=16)
  bidding analysis:
    present_suits: H, D, C, S
    current_high=0  min_allowed=16  raise_delta=1
    overall: avg=9.50  p30=6.00  std=5.16
    failed_checks:
      H: p30 0.00 < 15; conf_mean 5.36 < 15
      D: p30 0.00 < 15; conf_mean 5.79 < 15
      C: p30 6.00 < 15; conf_mean 6.92 < 15
      S: p30 0.00 < 15; conf_mean 6.65 < 15
    reason: Pass: No suit meets thresholds. Best suit C has p30=6.00, conf_mean=6.92 below min_allowed=16 (current_high=0, raise_delta=+1). Failed checks for best suit: p30 6.00 < 15, conf_mean 6.92 < 15.
Bid: Player 1 proposes 23 (min_allowed=16)
  bidding analysis:
    present_suits: C, S
    current_high=0  min_allowed=16  raise_delta=1
    chosen_suit: C
    proposed_bid: 23
    overall: avg=24.25  p30=23.00  std=1.64
    reason: Bid (precomputed): Suit C meets thresholds (p30=23.00, conf_mean=23.43 >= min_allowed=16); conservative mapping max(p30, avg-1) -> 23. (current_high=0, raise_delta=+1)
Pass (locked): Player 2 (min_allowed=24)
  bidding analysis:
    present_suits: H, D, C
    current_high=23  min_allowed=24  raise_delta=1
    overall: avg=14.44  p30=10.00  std=5.53
    suit_stats:
      H: pts=[10, 17, 20, 15, 8, 20 ...]  avg=14.44  p30=10.00  std=5.53
      D: pts=[]
      C: pts=[]
    failed_checks:
      H: p30 10.00 < 23; conf_mean 11.67 < 23
      D: p30 0.00 < 23; conf_mean 0.00 < 23
      C: p30 0.00 < 23; conf_mean 0.00 < 23
    reason: Pass: No suit meets thresholds. Best suit H has p30=10.00, conf_mean=11.67 below min_allowed=24 (current_high=23, raise_delta=+1). Failed checks for best suit: p30 10.00 < 23, conf_mean 11.67 < 23.
Pass (locked): Player 3 (min_allowed=24)
  bidding analysis:
    present_suits: H, D, C, S
    current_high=23  min_allowed=24  raise_delta=1
    overall: avg=2.50  p30=2.00  std=0.50
    failed_checks:
      H: p30 2.00 < 23; conf_mean 2.25 < 23
      D: p30 0.00 < 23; conf_mean 1.00 < 23
      C: p30 0.00 < 23; conf_mean 3.07 < 23
      S: p30 0.00 < 23; conf_mean 4.94 < 23
    reason: Pass: No suit meets thresholds. Best suit H has p30=2.00, conf_mean=2.25 below min_allowed=24 (current_high=23, raise_delta=+1). Failed checks for best suit: p30 2.00 < 23, conf_mean 2.25 < 23.

AUCTION WINNER: Player 1 with bid 23; chooses trump C 
Details={'chosen': 'C', 'estimates': {'C': 24.25, 'S': 20.5}}
Player 0 hand :  ['AC', '10S', '9H', '7D', '8H', 'QS', '8C', '8D']
Player 1 hand :  ['7S', 'KS', 'JS', 'JD', '9S', 'AS', 'QH']
Player 2 hand :  ['AH', 'QC', 'AD', 'JH', 'KC', '10D', '10C', 'KH']
Player 3 hand :  ['KD', '7H', '7C', '8S', '9C', '9D', 'QD', '10H']
Player 0 (auction 4 cards): ['AC', '10S', '9H', '7D']
Player 1 (auction 4 cards): ['7S', 'JC', 'KS', 'JS']
Player 2 (auction 4 cards): ['AH', 'QC', 'AD', 'JH']
Player 3 (auction 4 cards): ['KD', '7H', '7C', '8S']
Auction winner (bidder): Player 1 with bid 23
Bidder sets concealed trump suit: C
Phase: concealed, bidder concealed card: JC

Player 0 plays AC
Player 1 plays 7S
Player 2 plays QC
Player 3 plays 7C
Player 0 won the hand: 1 points

Player 0 plays 10S
Player 1 plays KS
Player 2 plays AH
Player 3 plays 8S
Player 0 won the hand: 2 points

Player 0 plays 9H
Player 1 plays QH
Player 2 plays JH
Player 3 plays 7H
Player 2 won the hand: 5 points

Player 2 plays AD
Player 3 plays KD
Player 0 plays 7D
Player 1 plays JD
Player 1 won the hand: 4 points

Player 1 plays JS
-- Phase 2 begins: Trump revealed as C by Player 2 on trick 5 --
Player 2 plays KC
Player 3 plays 9C
Player 0 plays QS
Player 3 won the hand: 5 points

Player 3 plays 9D
Player 0 plays 8D
Player 1 plays 9S
Player 2 plays 10D
Player 3 won the hand: 5 points

Player 3 plays QD
Player 0 plays 8H
Player 1 plays AS
Player 2 plays 10C
Player 2 won the hand: 2 points

Player 2 plays KH
Player 3 plays 10H
Player 0 plays 8C
Player 1 plays JC
Player 1 won the hand: 4 points

Game 146 final points: Team A=10, Team B=18
Series cumulative game score so far: Team A=-29, Team B=-26
Log saved to: c:\Users\laksh\Desktop\Projects\28bot\logs\game28\mcts_games\game_146_20250830_214647_577405.log
