
===== GAME 247 (20250831_142543_847688) =====

===== AUCTION =====
Bid: Player 0 proposes 17 (min_allowed=16)
  bidding analysis:
    present_suits: H, C, S
    current_high=0  min_allowed=16  raise_delta=1
    chosen_suit: C
    proposed_bid: 17
    overall: avg=18.25  p30=17.00  std=4.18
    reason: Bid (precomputed): Suit C meets thresholds (p30=17.00, conf_mean=16.16 >= min_allowed=16); conservative mapping max(p30, avg-1) -> 17. (current_high=0, raise_delta=+1)
Bid: Player 1 proposes 18 (min_allowed=18)
  bidding analysis:
    present_suits: H, D, C, S
    current_high=17  min_allowed=18  raise_delta=1
    chosen_suit: C
    proposed_bid: 18
    overall: avg=18.00  p30=18.00  std=0.00
    reason: Bid (precomputed): Suit C meets thresholds (p30=18.00, conf_mean=18.00 >= min_allowed=18); conservative mapping max(p30, avg-1) -> 18. (current_high=17, raise_delta=+1)
Pass (locked): Player 2 (min_allowed=19)
  bidding analysis:
    present_suits: H, C, S
    current_high=18  min_allowed=19  raise_delta=1
    overall: avg=12.88  p30=7.00  std=6.82
    failed_checks:
      C: p30 7.00 < 18; conf_mean 9.47 < 18
      S: p30 0.00 < 18; conf_mean 0.00 < 18
    reason: Pass: No suit meets thresholds. Best suit C has p30=7.00, conf_mean=9.47 below min_allowed=19 (current_high=18, raise_delta=+1). Failed checks for best suit: p30 7.00 < 18, conf_mean 9.47 < 18.
Pass (locked): Player 3 (min_allowed=19)
  bidding analysis:
    present_suits: H, D, C
    current_high=18  min_allowed=19  raise_delta=1
    overall: avg=16.25  p30=13.00  std=5.31
    failed_checks:
      D: p30 13.00 < 18; conf_mean 13.60 < 18
      C: p30 0.00 < 18; conf_mean 0.00 < 18
    reason: Pass: No suit meets thresholds. Best suit D has p30=13.00, conf_mean=13.60 below min_allowed=19 (current_high=18, raise_delta=+1). Failed checks for best suit: p30 13.00 < 18, conf_mean 13.60 < 18.
Pass (locked): Player 0 (min_allowed=19)
  bidding analysis:
    present_suits: H, C, S
    current_high=18  min_allowed=19  raise_delta=1
    overall: avg=18.25  p30=17.00  std=4.18
    failed_checks:
      H: p30 0.00 < 18; conf_mean 0.00 < 18
      C: p30 17.00 < 18; conf_mean 16.16 < 18
    reason: Pass: No suit meets thresholds. Best suit C has p30=17.00, conf_mean=16.16 below min_allowed=19 (current_high=18, raise_delta=+1). Failed checks for best suit: p30 17.00 < 18, conf_mean 16.16 < 18.

AUCTION WINNER: Player 1 with bid 18; chooses trump C 
Details={'chosen': 'C', 'estimates': {'H': 13.0, 'D': 16.0, 'C': 18.0, 'S': 11.0}}
Player 0 hand :  ['10H', '7C', '9H', '9S', 'JC', 'QS', 'AC', '10D']
Player 1 hand :  ['KH', '7S', 'AD', 'KC', 'JS', 'QD', 'KD']
Player 2 hand :  ['10S', '9C', '8S', 'QH', 'AH', '8D', '8H', '7D']
Player 3 hand :  ['QC', 'JD', '9D', '7H', 'JH', 'AS', '10C', 'KS']
Player 0 (auction 4 cards): ['10H', '7C', '9H', '9S']
Player 1 (auction 4 cards): ['KH', '8C', '7S', 'AD']
Player 2 (auction 4 cards): ['10S', '9C', '8S', 'QH']
Player 3 (auction 4 cards): ['QC', 'JD', '9D', '7H']
Auction winner (bidder): Player 1 with bid 18
Bidder sets concealed trump suit: C
Phase: concealed, bidder concealed card: 8C

Player 0 plays 10H
Player 1 plays KH
Player 2 plays QH
Player 3 plays 7H
Player 0 won the hand: 1 points

Player 0 plays 7C
Player 1 plays KC
Player 2 plays 9C
Player 3 plays QC
Player 2 won the hand: 2 points

Player 2 plays 10S
Player 3 plays AS
Player 0 plays 9S
Player 1 plays 7S
Player 0 won the hand: 4 points

Player 0 plays 9H
Player 1 plays AD
Player 2 plays AH
Player 3 plays JH
Player 3 won the hand: 7 points

Player 3 plays JD
Player 0 plays 10D
Player 1 plays QD
Player 2 plays 8D
Player 3 won the hand: 4 points

Player 3 plays 9D
-- Phase 2 begins: Trump revealed as C by Player 0 on trick 6 --
Player 0 plays JC
Player 1 plays KD
Player 2 plays 7D
Player 0 won the hand: 5 points

Player 0 plays QS
Player 1 plays JS
Player 2 plays 8S
Player 3 plays KS
Player 1 won the hand: 3 points

Player 1 plays 8C
Player 2 plays 8H
Player 3 plays 10C
Player 0 plays AC
Player 0 won the hand: 2 points

Game 247 final points: Team A=14, Team B=14
Series cumulative game score so far: Team A=-54, Team B=-37
Log saved to: c:\Users\laksh\Desktop\Projects\28bot\logs\game28\mcts_games\game_247_20250831_142543_847688.log
