
===== GAME 122 (20250830_155513_074119) =====

===== AUCTION =====
Pass (locked): Player 0 (min_allowed=16)
  bidding analysis:
    present_suits: H, D, S
    current_high=0  min_allowed=16  raise_delta=1
    overall: avg=13.25  p30=10.00  std=4.38
    failed_checks:
      H: p30 0.00 < 15; conf_mean 0.00 < 15
      D: p30 10.00 < 15; conf_mean 11.06 < 15
      S: p30 0.00 < 15; conf_mean 0.00 < 15
    reason: Pass: No suit meets thresholds. Best suit D has p30=10.00, conf_mean=11.06 below min_allowed=16 (current_high=0, raise_delta=+1). Failed checks for best suit: p30 10.00 < 15, conf_mean 11.06 < 15.
Pass (locked): Player 1 (min_allowed=16)
  bidding analysis:
    present_suits: D, C, S
    current_high=0  min_allowed=16  raise_delta=1
    overall: avg=15.25  p30=19.00  std=8.87
    failed_checks:
      D: conf_mean 10.81 < 15
      C: p30 0.00 < 15; conf_mean 0.00 < 15
      S: p30 0.00 < 15; conf_mean 0.00 < 15
    reason: Pass: No suit meets thresholds. Best suit D has p30=19.00, conf_mean=10.81 below min_allowed=16 (current_high=0, raise_delta=+1). Failed checks for best suit: conf_mean 10.81 < 15.
Pass (locked): Player 2 (min_allowed=16)
  bidding analysis:
    present_suits: H, D, C
    current_high=0  min_allowed=16  raise_delta=1
    overall: avg=0.00  p30=0.00  std=0.00
    failed_checks:
      H: p30 0.00 < 15; conf_mean 0.00 < 15
      C: p30 0.00 < 15; conf_mean 0.00 < 15
    reason: Pass: No suit meets thresholds. Best suit H has p30=0.00, conf_mean=0.00 below min_allowed=16 (current_high=0, raise_delta=+1). Failed checks for best suit: p30 0.00 < 15, conf_mean 0.00 < 15.
Pass (locked): Player 3 (min_allowed=16)
  bidding analysis:
    present_suits: D, C, S
    current_high=0  min_allowed=16  raise_delta=1
    overall: avg=13.62  p30=9.00  std=5.76
    failed_checks:
      D: p30 9.00 < 15; conf_mean 10.74 < 15
      C: p30 0.00 < 15; conf_mean 0.00 < 15
      S: p30 0.00 < 15; conf_mean 0.00 < 15
    reason: Pass: No suit meets thresholds. Best suit D has p30=9.00, conf_mean=10.74 below min_allowed=16 (current_high=0, raise_delta=+1). Failed checks for best suit: p30 9.00 < 15, conf_mean 10.74 < 15.
Forced bid: All players passed. Player 0 takes minimum bid 16.

AUCTION WINNER: Player 0 with bid 16; chooses trump D 
Details={'chosen': 'D', 'estimates': {'H': 0.0, 'D': 13.25, 'S': 0.0}}
Player 0 hand :  ['QH', '7S', '8H', '10S', '7H', '10C', 'AC']
Player 1 hand :  ['7D', 'QS', '10D', '9C', '10H', 'JH', '8D', 'QD']
Player 2 hand :  ['KD', 'KH', 'JD', '8C', 'JS', 'AS', 'AH', 'KC']
Player 3 hand :  ['8S', '7C', 'KS', 'AD', '9H', '9S', 'JC', 'QC']
Player 0 (auction 4 cards): ['QH', '7S', '9D', '8H']
Player 1 (auction 4 cards): ['7D', 'QS', '10D', '9C']
Player 2 (auction 4 cards): ['KD', 'KH', 'JD', '8C']
Player 3 (auction 4 cards): ['8S', '7C', 'KS', 'AD']
Auction winner (bidder): Player 0 with bid 16
Bidder sets concealed trump suit: D
Phase: concealed, bidder concealed card: 9D

Player 0 plays QH
Player 1 plays 10H
Player 2 plays KH
Player 3 plays 9H
Player 3 won the hand: 3 points

Player 3 plays 8S
Player 0 plays 7S
Player 1 plays QS
Player 2 plays JS
Player 2 won the hand: 3 points

Player 2 plays KD
Player 3 plays AD
Player 0 plays 8H
Player 1 plays 7D
Player 3 won the hand: 1 points

Player 3 plays 7C
Player 0 plays 10C
Player 1 plays 9C
Player 2 plays 8C
Player 1 won the hand: 3 points

Player 1 plays 10D
Player 2 plays JD
Player 3 plays KS
Player 0 plays 10S
Player 2 won the hand: 5 points

Player 2 plays AS
Player 3 plays 9S
Player 0 plays 7H
Player 1 plays JH
Player 3 won the hand: 6 points

Player 3 plays JC
Player 0 plays AC
-- Phase 2 begins: Trump revealed as D by Player 1 on trick 7 --
Player 1 plays 8D
Player 2 plays KC
Player 1 won the hand: 4 points

Player 1 plays QD
Player 2 plays AH
Player 3 plays QC
Player 0 plays 9D
Player 0 won the hand: 3 points

Game 122 final points: Team A=11, Team B=17
Series cumulative game score so far: Team A=-24, Team B=-26
Log saved to: c:\Users\laksh\Desktop\Projects\28bot\logs\game28\mcts_games\game_122_20250830_155513_074119.log
