
===== GAME 191 (20250831_032244_006611) =====

===== AUCTION =====
Pass (locked): Player 0 (min_allowed=16)
  bidding analysis:
    present_suits: C, S
    current_high=0  min_allowed=16  raise_delta=1
    overall: avg=14.75  p30=10.00  std=5.19
    suit_stats:
      S: pts=[10, 10, 7, 19, 4, 8 ...]  avg=14.75  p30=10.00  std=5.19
      C: pts=[]
    failed_checks:
      C: p30 0.00 < 15; conf_mean 0.00 < 15
      S: p30 10.00 < 15; conf_mean 12.15 < 15
    reason: Pass: No suit meets thresholds. Best suit S has p30=10.00, conf_mean=12.15 below min_allowed=16 (current_high=0, raise_delta=+1). Failed checks for best suit: p30 10.00 < 15, conf_mean 12.15 < 15.
Pass (locked): Player 1 (min_allowed=16)
  bidding analysis:
    present_suits: D, C, S
    current_high=0  min_allowed=16  raise_delta=1
    overall: avg=0.00  p30=0.00  std=0.00
    failed_checks:
      D: p30 0.00 < 15; conf_mean 0.00 < 15
      C: p30 0.00 < 15; conf_mean 0.00 < 15
    reason: Pass: No suit meets thresholds. Best suit D has p30=0.00, conf_mean=0.00 below min_allowed=16 (current_high=0, raise_delta=+1). Failed checks for best suit: p30 0.00 < 15, conf_mean 0.00 < 15.
Pass (locked): Player 2 (min_allowed=16)
  bidding analysis:
    present_suits: H, C
    current_high=0  min_allowed=16  raise_delta=1
    overall: avg=15.00  p30=12.00  std=4.36
    suit_stats:
      H: pts=[11, 13, 18, 18, 12, 17 ...]  avg=15.00  p30=12.00  std=4.36
      C: pts=[]
    failed_checks:
      H: p30 12.00 < 15; conf_mean 12.82 < 15
      C: p30 0.00 < 15; conf_mean 0.00 < 15
    reason: Pass: No suit meets thresholds. Best suit H has p30=12.00, conf_mean=12.82 below min_allowed=16 (current_high=0, raise_delta=+1). Failed checks for best suit: p30 12.00 < 15, conf_mean 12.82 < 15.
Pass (locked): Player 3 (min_allowed=16)
  bidding analysis:
    present_suits: H, D, C
    current_high=0  min_allowed=16  raise_delta=1
    overall: avg=12.12  p30=11.00  std=6.15
    failed_checks:
      D: p30 0.00 < 15; conf_mean 0.00 < 15
      C: p30 11.00 < 15; conf_mean 9.05 < 15
    reason: Pass: No suit meets thresholds. Best suit C has p30=11.00, conf_mean=9.05 below min_allowed=16 (current_high=0, raise_delta=+1). Failed checks for best suit: p30 11.00 < 15, conf_mean 9.05 < 15.
Forced bid: All players passed. Player 0 takes minimum bid 16.

AUCTION WINNER: Player 0 with bid 16; chooses trump S 
Details={'chosen': 'S', 'estimates': {'S': 25.0, 'C': 21.0}}
Player 0 hand :  ['AC', '8S', '10S', 'QS', '8H', 'QH', '9S']
Player 1 hand :  ['QD', 'JC', '7S', 'KC', '10D', 'JD', 'JS', 'KD']
Player 2 hand :  ['QC', 'AH', '10H', '7H', 'AS', '7C', '7D', 'AD']
Player 3 hand :  ['8D', '9C', 'KH', '10C', '9D', '9H', 'JH', '8C']
Player 0 (auction 4 cards): ['AC', '8S', 'KS', '10S']
Player 1 (auction 4 cards): ['QD', 'JC', '7S', 'KC']
Player 2 (auction 4 cards): ['QC', 'AH', '10H', '7H']
Player 3 (auction 4 cards): ['8D', '9C', 'KH', '10C']
Auction winner (bidder): Player 0 with bid 16
Bidder sets concealed trump suit: S
Phase: concealed, bidder concealed card: KS

Player 0 plays AC
Player 1 plays JC
Player 2 plays QC
Player 3 plays 9C
Player 1 won the hand: 6 points

Player 1 plays QD
Player 2 plays 7D
Player 3 plays 8D
-- Phase 2 begins: Trump revealed as S by Player 0 on trick 2 --
Player 0 plays 8S
Player 0 won the hand: 0 points

Player 0 plays 10S
Player 1 plays 7S
Player 2 plays AS
Player 3 plays KH
Player 2 won the hand: 2 points

Player 2 plays AH
Player 3 plays 9H
Player 0 plays 8H
Player 1 plays KC
Player 3 won the hand: 3 points

Player 3 plays 10C
Player 0 plays QS
Player 1 plays 10D
Player 2 plays 7C
Player 0 won the hand: 2 points

Player 0 plays QH
Player 1 plays JD
Player 2 plays 10H
Player 3 plays JH
Player 3 won the hand: 7 points

Player 3 plays 9D
Player 0 plays 9S
Player 1 plays KD
Player 2 plays AD
Player 0 won the hand: 5 points

Player 0 plays KS
Player 1 plays JS
Player 2 plays 7H
Player 3 plays 8C
Player 1 won the hand: 3 points

Game 191 final points: Team A=9, Team B=19
Series cumulative game score so far: Team A=-38, Team B=-30
Log saved to: c:\Users\laksh\Desktop\Projects\28bot\logs\game28\mcts_games\game_191_20250831_032244_006611.log
