
===== GAME 134 (20250830_204354_150940) =====

===== AUCTION =====
Pass (locked): Player 0 (min_allowed=16)
  bidding analysis:
    present_suits: H, D, C
    current_high=0  min_allowed=16  raise_delta=1
    overall: avg=11.75  p30=10.00  std=3.42
    failed_checks:
      H: p30 10.00 < 15; conf_mean 10.04 < 15
      C: p30 0.00 < 15; conf_mean 0.00 < 15
    reason: Pass: No suit meets thresholds. Best suit H has p30=10.00, conf_mean=10.04 below min_allowed=16 (current_high=0, raise_delta=+1). Failed checks for best suit: p30 10.00 < 15, conf_mean 10.04 < 15.
Bid: Player 1 proposes 17 (min_allowed=16)
  bidding analysis:
    present_suits: H, D, S
    current_high=0  min_allowed=16  raise_delta=1
    chosen_suit: S
    proposed_bid: 17
    overall: avg=18.50  p30=16.00  std=4.27
    reason: Bid (precomputed): Suit S meets thresholds (p30=16.00, conf_mean=16.36 >= min_allowed=16); conservative mapping max(p30, avg-1) -> 17. (current_high=0, raise_delta=+1)
Pass (locked): Player 2 (min_allowed=18)
  bidding analysis:
    present_suits: H, D, S
    current_high=17  min_allowed=18  raise_delta=1
    overall: avg=12.67  p30=0.00  std=10.92
    failed_checks:
      H: p30 0.00 < 17; conf_mean 7.21 < 17
      D: p30 0.00 < 17; conf_mean 0.50 < 17
      S: p30 0.00 < 17; conf_mean 4.96 < 17
    reason: Pass: No suit meets thresholds. Best suit H has p30=0.00, conf_mean=7.21 below min_allowed=18 (current_high=17, raise_delta=+1). Failed checks for best suit: p30 0.00 < 17, conf_mean 7.21 < 17.
Pass (locked): Player 3 (min_allowed=18)
  bidding analysis:
    present_suits: H, D, C
    current_high=17  min_allowed=18  raise_delta=1
    overall: avg=16.62  p30=16.00  std=5.63
    failed_checks:
      H: p30 16.00 < 17; conf_mean 13.81 < 17
      D: p30 0.00 < 17; conf_mean 0.00 < 17
      C: p30 0.00 < 17; conf_mean 0.00 < 17
    reason: Pass: No suit meets thresholds. Best suit H has p30=16.00, conf_mean=13.81 below min_allowed=18 (current_high=17, raise_delta=+1). Failed checks for best suit: p30 16.00 < 17, conf_mean 13.81 < 17.

AUCTION WINNER: Player 1 with bid 17; chooses trump S 
Details={'chosen': 'S', 'estimates': {'H': 0.0, 'D': 0.0, 'S': 18.5}}
Player 0 hand :  ['9D', 'AH', '10C', 'AD', '10D', '9C', 'JS', '10H']
Player 1 hand :  ['KD', '9H', 'JH', 'JC', '7C', 'KS', 'AC']
Player 2 hand :  ['7H', 'KH', '10S', '7D', '8C', 'QD', '7S', '8D']
Player 3 hand :  ['QC', 'JD', '8H', 'KC', 'AS', '9S', '8S', 'QH']
Player 0 (auction 4 cards): ['9D', 'AH', '10C', 'AD']
Player 1 (auction 4 cards): ['KD', '9H', 'QS', 'JH']
Player 2 (auction 4 cards): ['7H', 'KH', '10S', '7D']
Player 3 (auction 4 cards): ['QC', 'JD', '8H', 'KC']
Auction winner (bidder): Player 1 with bid 17
Bidder sets concealed trump suit: S
Phase: concealed, bidder concealed card: QS

Player 0 plays 9D
Player 1 plays KD
Player 2 plays 7D
Player 3 plays JD
Player 3 won the hand: 5 points

Player 3 plays QC
Player 0 plays 10C
Player 1 plays JC
Player 2 plays 8C
Player 1 won the hand: 4 points

Player 1 plays 9H
Player 2 plays 7H
Player 3 plays 8H
Player 0 plays AH
Player 1 won the hand: 3 points

Player 1 plays JH
Player 2 plays KH
Player 3 plays QH
Player 0 plays 10H
Player 1 won the hand: 4 points

Player 1 plays 7C
-- Phase 2 begins: Trump revealed as S by Player 2 on trick 5 --
Player 2 plays 10S
Player 3 plays KC
Player 0 plays 9C
Player 2 won the hand: 3 points

Player 2 plays QD
Player 3 plays AS
Player 0 plays AD
Player 1 plays KS
Player 3 won the hand: 2 points

Player 3 plays 9S
Player 0 plays JS
Player 1 plays QS
Player 2 plays 7S
Player 0 won the hand: 5 points

Player 0 plays 10D
Player 1 plays AC
Player 2 plays 8D
Player 3 plays 8S
Player 3 won the hand: 2 points

Game 134 final points: Team A=8, Team B=20
Series cumulative game score so far: Team A=-29, Team B=-25
Log saved to: c:\Users\laksh\Desktop\Projects\28bot\logs\game28\mcts_games\game_134_20250830_204354_150940.log
