
===== GAME 93 (20250825_171603_332407) =====

===== AUCTION =====
Pass (locked): Player 0 (min_allowed=16)
  bidding analysis:
    present_suits: H, C
    current_high=0  min_allowed=16  raise_delta=1
    overall: avg=14.44  p30=13.00  std=4.32
    suit_stats:
      H: pts=[15, 14, 15, 20, 13, 17 ...]  avg=14.44  p30=13.00  std=4.32
      C: pts=[12]  avg=12.00  p30=12.00  std=0.00
    failed_checks:
      H: p30 13.00 < 15; conf_mean 12.28 < 15
      C: p30 12.00 < 15; conf_mean 12.00 < 15
    reason: Pass: No suit meets thresholds. Best suit H has p30=13.00, conf_mean=12.28 below min_allowed=16 (current_high=0, raise_delta=+1). Failed checks for best suit: p30 13.00 < 15, conf_mean 12.28 < 15.
Pass (locked): Player 1 (min_allowed=16)
  bidding analysis:
    present_suits: H, D
    current_high=0  min_allowed=16  raise_delta=1
    overall: avg=12.31  p30=10.00  std=5.71
    suit_stats:
      H: pts=[11, 13, 12, 10, 6, 19 ...]  avg=12.31  p30=10.00  std=5.71
      D: pts=[]
    failed_checks:
      H: p30 10.00 < 15; conf_mean 9.46 < 15
      D: p30 0.00 < 15; conf_mean 0.00 < 15
    reason: Pass: No suit meets thresholds. Best suit H has p30=10.00, conf_mean=9.46 below min_allowed=16 (current_high=0, raise_delta=+1). Failed checks for best suit: p30 10.00 < 15, conf_mean 9.46 < 15.
Pass (locked): Player 2 (min_allowed=16)
  bidding analysis:
    present_suits: D, C, S
    current_high=0  min_allowed=16  raise_delta=1
    overall: avg=0.00  p30=0.00  std=0.00
    failed_checks:
      D: p30 0.00 < 15; conf_mean 0.00 < 15
      S: p30 0.00 < 15; conf_mean 0.00 < 15
    reason: Pass: No suit meets thresholds. Best suit D has p30=0.00, conf_mean=0.00 below min_allowed=16 (current_high=0, raise_delta=+1). Failed checks for best suit: p30 0.00 < 15, conf_mean 0.00 < 15.
Bid: Player 3 proposes 17 (min_allowed=16)
  bidding analysis:
    present_suits: D, S
    current_high=0  min_allowed=16  raise_delta=1
    chosen_suit: S
    proposed_bid: 17
    overall: avg=18.69  p30=17.00  std=4.16
    suit_stats:
      S: pts=[24, 18, 14, 20, 19, 17 ...]  avg=18.69  p30=17.00  std=4.16
      D: pts=[]
    reason: Bid: Suit S meets thresholds (p30=17.00, conf_mean=16.61 >= min_allowed=16); conservative mapping max(p30, avg-1) -> 17. (current_high=0, raise_delta=+1)

AUCTION WINNER: Player 3 with bid 17; chooses trump S 
Details={'chosen': 'S', 'estimates': {'D': 14.0, 'S': 17.0}}
Player 0 hand :  ['7H', '8C', 'JH', '10C', 'AS', 'QS', 'QC', 'JD']
Player 1 hand :  ['10D', 'KH', 'AH', '10H', '9H', '9C', '7D', 'AC']
Player 2 hand :  ['9S', 'KD', '9D', '7C', '8H', 'KS', '8D', '10S']
Player 3 hand :  ['7S', 'AD', '8S', 'JC', 'KC', 'QD', 'QH']
Player 0 (auction 4 cards): ['7H', '8C', 'JH', '10C']
Player 1 (auction 4 cards): ['10D', 'KH', 'AH', '10H']
Player 2 (auction 4 cards): ['9S', 'KD', '9D', '7C']
Player 3 (auction 4 cards): ['7S', 'AD', '8S', 'JS']
Auction winner (bidder): Player 3 with bid 17
Bidder sets concealed trump suit: S
Phase: concealed, bidder concealed card: JS

Player 0 plays 7H
Player 1 plays KH
Player 2 plays 8H
Player 3 plays QH
Player 1 won the hand: 0 points

Player 1 plays 10D
Player 2 plays KD
Player 3 plays AD
Player 0 plays JD
Player 0 won the hand: 5 points

Player 0 plays 8C
Player 1 plays 9C
Player 2 plays 7C
Player 3 plays JC
Player 3 won the hand: 5 points

Player 3 plays KC
Player 0 plays 10C
Player 1 plays AC
-- Phase 2 begins: Trump revealed as S by Player 2 on trick 4 --
Player 2 plays 9S
Player 2 won the hand: 4 points

Player 2 plays 9D
Player 3 plays QD
Player 0 plays JH
Player 1 plays 7D
Player 2 won the hand: 5 points

Player 2 plays KS
Player 3 plays 7S
Player 0 plays AS
Player 1 plays AH
Player 0 won the hand: 2 points

Player 0 plays QS
Player 1 plays 10H
Player 2 plays 10S
Player 3 plays 8S
Player 2 won the hand: 2 points

Player 2 plays 8D
Player 3 plays JS
Player 0 plays QC
Player 1 plays 9H
Player 3 won the hand: 5 points

Game 93 final points: Team A=18, Team B=10
Series cumulative game score so far: Team A=-17, Team B=-15
Log saved to: c:\Users\laksh\Desktop\Projects\28bot\logs\game28\mcts_games\game_93_20250825_171603_332407.log
