
===== GAME 100 (20250825_183402_487192) =====

===== AUCTION =====
Bid: Player 0 proposes 18 (min_allowed=16)
  bidding analysis:
    present_suits: H, D
    current_high=0  min_allowed=16  raise_delta=1
    chosen_suit: H
    proposed_bid: 18
    overall: avg=19.88  p30=16.00  std=4.57
    suit_stats:
      H: pts=[27, 14, 21, 14, 16, 15 ...]  avg=19.88  p30=16.00  std=4.57
      D: pts=[]
    reason: Bid: Suit H meets thresholds (p30=16.00, conf_mean=17.59 >= min_allowed=16); conservative mapping max(p30, avg-1) -> 18. (current_high=0, raise_delta=+1)
Pass (locked): Player 1 (min_allowed=19)
  bidding analysis:
    present_suits: D, C, S
    current_high=18  min_allowed=19  raise_delta=1
    overall: avg=11.38  p30=7.00  std=5.19
    suit_stats:
      D: pts=[7, 16, 24, 9, 4, 4 ...]  avg=11.38  p30=7.00  std=5.19
      C: pts=[]
      S: pts=[]
    failed_checks:
      D: p30 7.00 < 18; conf_mean 8.78 < 18
      C: p30 0.00 < 18; conf_mean 0.00 < 18
      S: p30 0.00 < 18; conf_mean 0.00 < 18
    reason: Pass: No suit meets thresholds. Best suit D has p30=7.00, conf_mean=8.78 below min_allowed=19 (current_high=18, raise_delta=+1). Failed checks for best suit: p30 7.00 < 18, conf_mean 8.78 < 18.
Pass (locked): Player 2 (min_allowed=19)
  bidding analysis:
    present_suits: C, S
    current_high=18  min_allowed=19  raise_delta=1
    overall: avg=0.00  p30=0.00  std=0.00
    failed_checks:
      S: p30 0.00 < 18; conf_mean 0.00 < 18
    reason: Pass: No suit meets thresholds. Best suit C has p30=0.00, conf_mean=0.00 below min_allowed=19 (current_high=18, raise_delta=+1). Failed checks for best suit: n/a.
Pass (locked): Player 3 (min_allowed=19)
  bidding analysis:
    present_suits: D, C
    current_high=18  min_allowed=19  raise_delta=1
    overall: avg=11.00  p30=0.00  std=11.00
    failed_checks:
      C: p30 0.00 < 18; conf_mean 5.50 < 18
    reason: Pass: No suit meets thresholds. Best suit C has p30=0.00, conf_mean=5.50 below min_allowed=19 (current_high=18, raise_delta=+1). Failed checks for best suit: p30 0.00 < 18, conf_mean 5.50 < 18.

AUCTION WINNER: Player 0 with bid 18; chooses trump H 
Details={'chosen': 'H', 'estimates': {'D': 6.0, 'H': 17.0}}
Player 0 hand :  ['10H', '9D', '9H', 'JC', '7H', '10S', 'QS']
Player 1 hand :  ['KD', '10D', '8C', '7S', 'JD', 'AH', 'QH', 'AS']
Player 2 hand :  ['7C', '9C', 'KC', 'JS', '7D', '9S', 'QD', 'KH']
Player 3 hand :  ['AD', '10C', '8D', 'QC', '8S', '8H', 'AC', 'KS']
Player 0 (auction 4 cards): ['10H', '9D', 'JH', '9H']
Player 1 (auction 4 cards): ['KD', '10D', '8C', '7S']
Player 2 (auction 4 cards): ['7C', '9C', 'KC', 'JS']
Player 3 (auction 4 cards): ['AD', '10C', '8D', 'QC']
Auction winner (bidder): Player 0 with bid 18
Bidder sets concealed trump suit: H
Phase: concealed, bidder concealed card: JH

Player 0 plays 9D
Player 1 plays KD
Player 2 plays 7D
Player 3 plays AD
Player 0 won the hand: 3 points

Player 0 plays JC
Player 1 plays 8C
Player 2 plays 7C
Player 3 plays 10C
Player 0 won the hand: 4 points

Player 0 plays 10S
Player 1 plays 7S
Player 2 plays JS
Player 3 plays 8S
Player 2 won the hand: 4 points

Player 2 plays 9C
Player 3 plays QC
-- Phase 2 begins: Trump revealed as H by Player 0 on trick 4 --
Player 0 plays 10H
Player 1 plays 10D
Player 0 won the hand: 4 points

Player 0 plays 9H
Player 1 plays AH
Player 2 plays KH
Player 3 plays 8H
Player 0 won the hand: 3 points

Player 0 plays 7H
Player 1 plays QH
Player 2 plays KC
Player 3 plays 8D
Player 1 won the hand: 0 points

Player 1 plays JD
Player 2 plays QD
Player 3 plays AC
Player 0 plays QS
Player 1 won the hand: 4 points

Player 1 plays AS
Player 2 plays 9S
Player 3 plays KS
Player 0 plays JH
Player 0 won the hand: 6 points

Game 100 final points: Team A=24, Team B=4
Series cumulative game score so far: Team A=-18, Team B=-17
Log saved to: c:\Users\laksh\Desktop\Projects\28bot\logs\game28\mcts_games\game_100_20250825_183402_487192.log
