
===== GAME 204 (20250831_074538_171505) =====

===== AUCTION =====
Pass (locked): Player 0 (min_allowed=16)
  bidding analysis:
    present_suits: H, D
    current_high=0  min_allowed=16  raise_delta=1
    overall: avg=17.44  p30=14.00  std=4.77
    suit_stats:
      H: pts=[9, 22, 18, 16, 21, 24 ...]  avg=17.44  p30=14.00  std=4.77
      D: pts=[]
    failed_checks:
      H: p30 14.00 < 15
      D: p30 0.00 < 15; conf_mean 0.00 < 15
    reason: Pass: No suit meets thresholds. Best suit H has p30=14.00, conf_mean=15.05 below min_allowed=16 (current_high=0, raise_delta=+1). Failed checks for best suit: p30 14.00 < 15.
Pass (locked): Player 1 (min_allowed=16)
  bidding analysis:
    present_suits: D, C
    current_high=0  min_allowed=16  raise_delta=1
    overall: avg=11.00  p30=11.00  std=0.00
    failed_checks:
      C: p30 11.00 < 15; conf_mean 11.00 < 15
    reason: Pass: No suit meets thresholds. Best suit C has p30=11.00, conf_mean=11.00 below min_allowed=16 (current_high=0, raise_delta=+1). Failed checks for best suit: p30 11.00 < 15, conf_mean 11.00 < 15.
Bid: Player 2 proposes 20 (min_allowed=16)
  bidding analysis:
    present_suits: D, C
    current_high=0  min_allowed=16  raise_delta=1
    chosen_suit: C
    proposed_bid: 20
    overall: avg=21.25  p30=18.00  std=4.62
    reason: Bid (precomputed): Suit C meets thresholds (p30=18.00, conf_mean=18.94 >= min_allowed=16); conservative mapping max(p30, avg-1) -> 20. (current_high=0, raise_delta=+1)
Pass (locked): Player 3 (min_allowed=21)
  bidding analysis:
    present_suits: H, D
    current_high=20  min_allowed=21  raise_delta=1
    overall: avg=18.56  p30=15.00  std=4.34
    suit_stats:
      H: pts=[21, 24, 20, 15, 17, 18 ...]  avg=18.56  p30=15.00  std=4.34
      D: pts=[]
    failed_checks:
      H: p30 15.00 < 20; conf_mean 16.39 < 20
      D: p30 0.00 < 20; conf_mean 0.00 < 20
    reason: Pass: No suit meets thresholds. Best suit H has p30=15.00, conf_mean=16.39 below min_allowed=21 (current_high=20, raise_delta=+1). Failed checks for best suit: p30 15.00 < 20, conf_mean 16.39 < 20.

AUCTION WINNER: Player 2 with bid 20; chooses trump C 
Details={'chosen': 'C', 'estimates': {'C': 21.25, 'D': 14.5}}
Player 0 hand :  ['7H', 'JH', 'KH', '10D', '8S', 'QD', '10H', '7D']
Player 1 hand :  ['8D', '10C', 'KC', '9D', 'AS', 'KS', 'JS', 'QS']
Player 2 hand :  ['JC', '8C', 'JD', 'AD', '9C', '7C', 'AC']
Player 3 hand :  ['9H', 'KD', 'AH', '8H', '10S', '7S', 'QH', '9S']
Player 0 (auction 4 cards): ['7H', 'JH', 'KH', '10D']
Player 1 (auction 4 cards): ['8D', '10C', 'KC', '9D']
Player 2 (auction 4 cards): ['JC', '8C', 'QC', 'JD']
Player 3 (auction 4 cards): ['9H', 'KD', 'AH', '8H']
Auction winner (bidder): Player 2 with bid 20
Bidder sets concealed trump suit: C
Phase: concealed, bidder concealed card: QC

Player 0 plays 7H
Player 1 plays 8D
-- Phase 2 begins: Trump revealed as C by Player 2 on trick 1 --
Player 2 plays JC
Player 3 plays 9H
Player 2 won the hand: 5 points

Player 2 plays 8C
Player 3 plays KD
Player 0 plays JH
Player 1 plays 10C
Player 1 won the hand: 4 points

Player 1 plays KC
Player 2 plays 9C
Player 3 plays AH
Player 0 plays KH
Player 2 won the hand: 3 points

Player 2 plays JD
Player 3 plays 8H
Player 0 plays 10D
Player 1 plays 9D
Player 2 won the hand: 6 points

Player 2 plays AD
Player 3 plays 10S
Player 0 plays QD
Player 1 plays AS
Player 2 won the hand: 3 points

Player 2 plays 7C
Player 3 plays 7S
Player 0 plays 8S
Player 1 plays KS
Player 2 won the hand: 0 points

Player 2 plays AC
Player 3 plays QH
Player 0 plays 10H
Player 1 plays JS
Player 2 won the hand: 5 points

Player 2 plays QC
Player 3 plays 9S
Player 0 plays 7D
Player 1 plays QS
Player 2 won the hand: 2 points

Game 204 final points: Team A=24, Team B=4
Series cumulative game score so far: Team A=-38, Team B=-30
Log saved to: c:\Users\laksh\Desktop\Projects\28bot\logs\game28\mcts_games\game_204_20250831_074538_171505.log
