
===== GAME 250 (20250831_144049_711623) =====

===== AUCTION =====
Pass (locked): Player 0 (min_allowed=16)
  bidding analysis:
    present_suits: H, D, C
    current_high=0  min_allowed=16  raise_delta=1
    overall: avg=13.00  p30=6.00  std=7.91
    failed_checks:
      H: p30 0.00 < 15; conf_mean 0.00 < 15
      D: p30 6.00 < 15; conf_mean 9.05 < 15
    reason: Pass: No suit meets thresholds. Best suit D has p30=6.00, conf_mean=9.05 below min_allowed=16 (current_high=0, raise_delta=+1). Failed checks for best suit: p30 6.00 < 15, conf_mean 9.05 < 15.
Pass (locked): Player 1 (min_allowed=16)
  bidding analysis:
    present_suits: H, D, C
    current_high=0  min_allowed=16  raise_delta=1
    overall: avg=11.50  p30=9.00  std=8.32
    failed_checks:
      H: p30 9.00 < 15; conf_mean 7.34 < 15
      D: p30 0.00 < 15; conf_mean 0.00 < 15
    reason: Pass: No suit meets thresholds. Best suit H has p30=9.00, conf_mean=7.34 below min_allowed=16 (current_high=0, raise_delta=+1). Failed checks for best suit: p30 9.00 < 15, conf_mean 7.34 < 15.
Pass (locked): Player 2 (min_allowed=16)
  bidding analysis:
    present_suits: H, C, S
    current_high=0  min_allowed=16  raise_delta=1
    overall: avg=13.00  p30=7.00  std=6.96
    failed_checks:
      H: p30 0.00 < 15; conf_mean 0.00 < 15
      C: p30 0.00 < 15; conf_mean 0.00 < 15
      S: p30 7.00 < 15; conf_mean 9.52 < 15
    reason: Pass: No suit meets thresholds. Best suit S has p30=7.00, conf_mean=9.52 below min_allowed=16 (current_high=0, raise_delta=+1). Failed checks for best suit: p30 7.00 < 15, conf_mean 9.52 < 15.
Pass (locked): Player 3 (min_allowed=16)
  bidding analysis:
    present_suits: D, C, S
    current_high=0  min_allowed=16  raise_delta=1
    overall: avg=13.94  p30=10.00  std=5.06
    failed_checks:
      D: p30 0.00 < 15; conf_mean 0.00 < 15
      C: p30 10.00 < 15; conf_mean 11.41 < 15
    reason: Pass: No suit meets thresholds. Best suit C has p30=10.00, conf_mean=11.41 below min_allowed=16 (current_high=0, raise_delta=+1). Failed checks for best suit: p30 10.00 < 15, conf_mean 11.41 < 15.
Forced bid: All players passed. Player 0 takes minimum bid 16.

AUCTION WINNER: Player 0 with bid 16; chooses trump D 
Details={'chosen': 'D', 'estimates': {'H': 0.0, 'D': 13.0, 'C': 13.0}}
Player 0 hand :  ['7D', 'AH', 'QC', 'KS', '10C', '9S', 'JD']
Player 1 hand :  ['8C', 'KC', 'JH', '9D', '7H', '10H', '8D', '10S']
Player 2 hand :  ['8S', '9H', '7C', 'AC', 'AS', 'QH', 'JC', 'AD']
Player 3 hand :  ['QS', '9C', '7S', 'KD', 'JS', 'QD', '8H', 'KH']
Player 0 (auction 4 cards): ['7D', 'AH', 'QC', '10D']
Player 1 (auction 4 cards): ['8C', 'KC', 'JH', '9D']
Player 2 (auction 4 cards): ['8S', '9H', '7C', 'AC']
Player 3 (auction 4 cards): ['QS', '9C', '7S', 'KD']
Auction winner (bidder): Player 0 with bid 16
Bidder sets concealed trump suit: D
Phase: concealed, bidder concealed card: 10D

Player 0 plays AH
Player 1 plays JH
Player 2 plays 9H
Player 3 plays 8H
Player 1 won the hand: 6 points

Player 1 plays 8C
Player 2 plays 7C
Player 3 plays 9C
Player 0 plays QC
Player 3 won the hand: 2 points

Player 3 plays QS
Player 0 plays KS
Player 1 plays 10S
Player 2 plays 8S
Player 1 won the hand: 1 points

Player 1 plays KC
Player 2 plays AC
Player 3 plays 7S
Player 0 plays 10C
Player 2 won the hand: 2 points

Player 2 plays AS
Player 3 plays JS
Player 0 plays 9S
-- Phase 2 begins: Trump revealed as D by Player 1 on trick 5 --
Player 1 plays 9D
Player 1 won the hand: 8 points

Player 1 plays 7H
Player 2 plays QH
Player 3 plays KH
Player 0 plays 7D
Player 0 won the hand: 0 points

Player 0 plays JD
Player 1 plays 8D
Player 2 plays AD
Player 3 plays KD
Player 0 won the hand: 4 points

Player 0 plays 10D
Player 1 plays 10H
Player 2 plays JC
Player 3 plays QD
Player 0 won the hand: 5 points

Game 250 final points: Team A=11, Team B=17
Series cumulative game score so far: Team A=-54, Team B=-37
Log saved to: c:\Users\laksh\Desktop\Projects\28bot\logs\game28\mcts_games\game_250_20250831_144049_711623.log
