
===== GAME 11 (20250830_012055_060607) =====

===== AUCTION =====
Pass (locked): Player 0 (min_allowed=16)
  bidding analysis:
    present_suits: H, C, S
    current_high=0  min_allowed=16  raise_delta=1
    overall: avg=18.00  p30=14.00  std=5.87
    failed_checks:
      H: p30 0.00 < 15; conf_mean 0.00 < 15
      C: p30 14.00 < 15
    reason: Pass: No suit meets thresholds. Best suit C has p30=14.00, conf_mean=15.06 below min_allowed=16 (current_high=0, raise_delta=+1). Failed checks for best suit: p30 14.00 < 15.
Pass (locked): Player 1 (min_allowed=16)
  bidding analysis:
    present_suits: H, C, S
    current_high=0  min_allowed=16  raise_delta=1
    overall: avg=8.00  p30=0.00  std=8.49
    failed_checks:
      C: p30 0.00 < 15; conf_mean 3.76 < 15
      S: p30 0.00 < 15; conf_mean 0.00 < 15
    reason: Pass: No suit meets thresholds. Best suit C has p30=0.00, conf_mean=3.76 below min_allowed=16 (current_high=0, raise_delta=+1). Failed checks for best suit: p30 0.00 < 15, conf_mean 3.76 < 15.
Pass (locked): Player 2 (min_allowed=16)
  bidding analysis:
    present_suits: H, D, S
    current_high=0  min_allowed=16  raise_delta=1
    overall: avg=0.00  p30=0.00  std=0.00
    failed_checks:
      H: p30 0.00 < 15; conf_mean 0.00 < 15
      D: p30 0.00 < 15; conf_mean 0.00 < 15
    reason: Pass: No suit meets thresholds. Best suit H has p30=0.00, conf_mean=0.00 below min_allowed=16 (current_high=0, raise_delta=+1). Failed checks for best suit: p30 0.00 < 15, conf_mean 0.00 < 15.
Pass (locked): Player 3 (min_allowed=16)
  bidding analysis:
    present_suits: H, C
    current_high=0  min_allowed=16  raise_delta=1
    overall: avg=12.94  p30=9.00  std=5.14
    suit_stats:
      C: pts=[8, 12, 9, 6, 9, 24 ...]  avg=12.94  p30=9.00  std=5.14
      H: pts=[6]  avg=6.00  p30=6.00  std=0.00
    failed_checks:
      H: p30 6.00 < 15; conf_mean 6.00 < 15
      C: p30 9.00 < 15; conf_mean 10.37 < 15
    reason: Pass: No suit meets thresholds. Best suit C has p30=9.00, conf_mean=10.37 below min_allowed=16 (current_high=0, raise_delta=+1). Failed checks for best suit: p30 9.00 < 15, conf_mean 10.37 < 15.
Forced bid: All players passed. Player 0 takes minimum bid 16.

AUCTION WINNER: Player 0 with bid 16; chooses trump C 
Details={'chosen': 'C', 'estimates': {'H': 0.0, 'C': 18.0, 'S': 11.0}}
Player 0 hand :  ['8S', '8C', 'QH', '7D', 'KD', '9D', '10D']
Player 1 hand :  ['AH', 'KH', '10C', 'KS', 'QS', '7S', 'JD', 'AS']
Player 2 hand :  ['9S', '10S', 'JH', 'AD', '8D', '10H', 'JS', 'KC']
Player 3 hand :  ['AC', 'QC', '9H', '7H', '9C', 'QD', '8H', '7C']
Player 0 (auction 4 cards): ['8S', '8C', 'QH', 'JC']
Player 1 (auction 4 cards): ['AH', 'KH', '10C', 'KS']
Player 2 (auction 4 cards): ['9S', '10S', 'JH', 'AD']
Player 3 (auction 4 cards): ['AC', 'QC', '9H', '7H']
Auction winner (bidder): Player 0 with bid 16
Bidder sets concealed trump suit: C
Phase: concealed, bidder concealed card: JC

Player 0 plays 8S
Player 1 plays KS
Player 2 plays 9S
-- Phase 2 begins: Trump revealed as C by Player 3 on trick 1 --
Player 3 plays AC
Player 3 won the hand: 3 points

Player 3 plays QC
Player 0 plays 8C
Player 1 plays 10C
Player 2 plays KC
Player 1 won the hand: 1 points

Player 1 plays AH
Player 2 plays JH
Player 3 plays 9H
Player 0 plays QH
Player 2 won the hand: 6 points

Player 2 plays 10S
Player 3 plays 7H
Player 0 plays 7D
Player 1 plays QS
Player 2 won the hand: 1 points

Player 2 plays AD
Player 3 plays QD
Player 0 plays KD
Player 1 plays JD
Player 1 won the hand: 4 points

Player 1 plays KH
Player 2 plays 10H
Player 3 plays 8H
Player 0 plays 9D
Player 2 won the hand: 3 points

Player 2 plays 8D
Player 3 plays 9C
Player 0 plays 10D
Player 1 plays 7S
Player 3 won the hand: 3 points

Player 3 plays 7C
Player 0 plays JC
Player 1 plays AS
Player 2 plays JS
Player 0 won the hand: 7 points

Game 11 final points: Team A=17, Team B=11
Series cumulative game score so far: Team A=-3, Team B=-4
Log saved to: c:\Users\laksh\Desktop\Projects\28bot\logs\game28\mcts_games\game_11_20250830_012055_060607.log
