
===== GAME 60 (20250830_055737_972364) =====

===== AUCTION =====
Pass (locked): Player 0 (min_allowed=16)
  bidding analysis:
    present_suits: H, C
    current_high=0  min_allowed=16  raise_delta=1
    overall: avg=16.44  p30=14.00  std=5.21
    suit_stats:
      H: pts=[9, 19, 15, 21, 26, 17 ...]  avg=16.44  p30=14.00  std=5.21
      C: pts=[10]  avg=10.00  p30=10.00  std=0.00
    failed_checks:
      H: p30 14.00 < 15; conf_mean 13.83 < 15
      C: p30 10.00 < 15; conf_mean 10.00 < 15
    reason: Pass: No suit meets thresholds. Best suit H has p30=14.00, conf_mean=13.83 below min_allowed=16 (current_high=0, raise_delta=+1). Failed checks for best suit: p30 14.00 < 15, conf_mean 13.83 < 15.
Pass (locked): Player 1 (min_allowed=16)
  bidding analysis:
    present_suits: D, S
    current_high=0  min_allowed=16  raise_delta=1
    overall: avg=17.19  p30=14.00  std=5.63
    suit_stats:
      S: pts=[15, 9, 12, 23, 16, 18 ...]  avg=17.19  p30=14.00  std=5.63
      D: pts=[13]  avg=13.00  p30=13.00  std=0.00
    failed_checks:
      D: p30 13.00 < 15; conf_mean 13.00 < 15
      S: p30 14.00 < 15; conf_mean 14.37 < 15
    reason: Pass: No suit meets thresholds. Best suit S has p30=14.00, conf_mean=14.37 below min_allowed=16 (current_high=0, raise_delta=+1). Failed checks for best suit: p30 14.00 < 15, conf_mean 14.37 < 15.
Pass (locked): Player 2 (min_allowed=16)
  bidding analysis:
    present_suits: H, D, C
    current_high=0  min_allowed=16  raise_delta=1
    overall: avg=0.00  p30=0.00  std=0.00
    failed_checks:
      H: p30 0.00 < 15; conf_mean 0.00 < 15
      D: p30 0.00 < 15; conf_mean 0.00 < 15
    reason: Pass: No suit meets thresholds. Best suit H has p30=0.00, conf_mean=0.00 below min_allowed=16 (current_high=0, raise_delta=+1). Failed checks for best suit: p30 0.00 < 15, conf_mean 0.00 < 15.
Bid: Player 3 proposes 17 (min_allowed=16)
  bidding analysis:
    present_suits: H, D, C, S
    current_high=0  min_allowed=16  raise_delta=1
    chosen_suit: D
    proposed_bid: 17
    overall: avg=17.00  p30=17.00  std=0.00
    suit_stats:
      H: pts=[1]  avg=1.00  p30=1.00  std=0.00
      C: pts=[15]  avg=15.00  p30=15.00  std=0.00
      S: pts=[8]  avg=8.00  p30=8.00  std=0.00
      D: pts=[17]  avg=17.00  p30=17.00  std=0.00
    reason: Bid: Suit D meets thresholds (p30=17.00, conf_mean=17.00 >= min_allowed=16); conservative mapping max(p30, avg-1) -> 17. (current_high=0, raise_delta=+1)

AUCTION WINNER: Player 3 with bid 17; chooses trump H 
Details={'chosen': 'H', 'estimates': {'C': 18.0, 'D': 12.0, 'H': 18.0, 'S': 9.0}}
Player 0 hand :  ['8C', '8H', '9H', 'JC', '8D', 'JD', '9S', '7H']
Player 1 hand :  ['10D', '7D', 'AS', '8S', '10C', 'KS', 'AC', 'JS']
Player 2 hand :  ['KC', 'KD', 'QC', 'QH', '9D', 'AH', 'KH', '9C']
Player 3 hand :  ['7C', 'QD', '10S', '7S', 'JH', 'AD', 'QS']
Player 0 (auction 4 cards): ['8C', '8H', '9H', 'JC']
Player 1 (auction 4 cards): ['10D', '7D', 'AS', '8S']
Player 2 (auction 4 cards): ['KC', 'KD', 'QC', 'QH']
Player 3 (auction 4 cards): ['10H', '7C', 'QD', '10S']
Auction winner (bidder): Player 3 with bid 17
Bidder sets concealed trump suit: H
Phase: concealed, bidder concealed card: 10H

Player 0 plays 8C
Player 1 plays 10C
Player 2 plays KC
Player 3 plays 7C
Player 1 won the hand: 1 points

Player 1 plays 10D
Player 2 plays KD
Player 3 plays QD
Player 0 plays 8D
Player 1 won the hand: 1 points

Player 1 plays 7D
Player 2 plays 9D
Player 3 plays AD
Player 0 plays JD
Player 0 won the hand: 6 points

Player 0 plays 8H
Player 1 plays AS
Player 2 plays QH
Player 3 plays JH
Player 3 won the hand: 4 points

Player 3 plays 10S
Player 0 plays 9S
Player 1 plays 8S
Player 2 plays QC
Player 0 won the hand: 3 points

Player 0 plays 9H
Player 1 plays KS
Player 2 plays AH
Player 3 plays 7S
Player 0 won the hand: 3 points

Player 0 plays JC
Player 1 plays AC
Player 2 plays 9C
Player 3 plays QS
Player 0 won the hand: 6 points

Player 0 plays 7H
Player 1 plays JS
Player 2 plays KH
Game 60 final points: Team A=18, Team B=6
Series cumulative game score so far: Team A=-13, Team B=-22
Log saved to: c:\Users\laksh\Desktop\Projects\28bot\logs\game28\mcts_games\game_60_20250830_055737_972364.log
