
===== GAME 203 (20250830_080208_734) =====

===== AUCTION =====
Trump probs P0: {'H': 0.0, 'D': 1.0, 'C': 0.0, 'S': 0.0}
Bid: 17
Bid: Player 0 proposes 17 (min_allowed=17)
Trump probs P1: {'H': 0.0, 'D': 1.0, 'C': 0.0, 'S': 0.0}
Pass
Pass (locked): Player 1 (min_allowed=18)
Trump probs P2: {'H': 0.0, 'D': 1.0, 'C': 0.0, 'S': 0.0}
Pass
Pass (locked): Player 2 (min_allowed=18)
Trump probs P3: {'H': 0.0, 'D': 1.0, 'C': 0.0, 'S': 0.0}
Pass
Pass (locked): Player 3 (min_allowed=18)
AUCTION WINNER: Player 0 with bid 17; chooses trump [to be determined]
AUCTION WINNER: Player 0 with bid 17; chooses trump D

Player 0 (auction 4 cards): ['QS', 'KS', 'KH', 'KC']
Player 1 (auction 4 cards): ['QC', 'AS', '10H', '9D']
Player 2 (auction 4 cards): ['8S', '7C', '8H', 'AH']
Player 3 (auction 4 cards): ['KD', 'JD', '8C', '9H']
Auction winner (bidder): Player 0 with bid 17
Bidder sets concealed trump suit: D
Phase: concealed, bidder concealed card: [face-down trump]

Player 0 plays JC
Player 1 plays 9C
Player 2 plays 7C
Player 3 plays 10C
Player 0 won the hand: 6 points
Player 0 plays JH
Player 1 plays 10H
Player 2 plays AH
Player 3 plays 9H
Player 0 won the hand: 7 points
Player 0 plays QS
Player 1 plays AS
Player 2 plays JS
Player 3 plays 9S
Player 2 won the hand: 6 points
Player 2 plays 8S
Player 3 plays 10S
Player 0 plays KS
Player 1 plays 7S
Player 3 won the hand: 1 points
Player 3 plays 8C
Player 0 plays KC
Player 1 plays AC
Player 2 plays 8H
Player 1 won the hand: 1 points
Player 1 plays QC
-- Phase 2 begins: Trump revealed as D by Player 2 on trick 6 --
Player 2 plays QD
Player 3 plays JD
Player 0 plays KH
Player 3 won the hand: 3 points
Player 3 plays 10D
Player 0 plays 8D
Player 1 plays 9D
Player 2 plays 7D
Player 1 won the hand: 3 points
Player 1 plays AD
Player 2 plays QH
Player 3 plays KD
Player 0 plays 7H
Player 1 won the hand: 1 points
=== GAME SUMMARY ===
Game 203 final points: Team A=19, Team B=9