
===== GAME 43 (20250830_023829_967) =====

===== AUCTION =====
Trump probs P0: {'H': 0.0, 'D': 1.0, 'C': 0.0, 'S': 0.0}
Bid: 17
Bid: Player 0 proposes 17 (min_allowed=17)
Trump probs P1: {'H': 0.0, 'D': 1.0, 'C': 0.0, 'S': 0.0}
Pass
Pass (locked): Player 1 (min_allowed=18)
Trump probs P2: {'H': 0.0, 'D': 1.0, 'C': 0.0, 'S': 0.0}
Pass
Pass (locked): Player 2 (min_allowed=18)
Trump probs P3: {'H': 0.0, 'D': 1.0, 'C': 0.0, 'S': 0.0}
Pass
Pass (locked): Player 3 (min_allowed=18)
AUCTION WINNER: Player 0 with bid 17; chooses trump [to be determined]
AUCTION WINNER: Player 0 with bid 17; chooses trump D

Player 0 (auction 4 cards): ['JS', '10S', 'JH', '10C']
Player 1 (auction 4 cards): ['QH', '8C', '8S', 'JC']
Player 2 (auction 4 cards): ['9S', '10H', 'JD', '7D']
Player 3 (auction 4 cards): ['KS', 'KD', 'QC', 'KC']
Auction winner (bidder): Player 0 with bid 17
Bidder sets concealed trump suit: D
Phase: concealed, bidder concealed card: [face-down trump]

Player 0 plays JS
Player 1 plays AS
Player 2 plays 9S
Player 3 plays KS
Player 0 won the hand: 6 points
Player 0 plays JH
Player 1 plays QH
Player 2 plays 10H
-- Phase 2 begins: Trump revealed as D by Player 3 on trick 2 --
Player 3 plays 10D
Player 3 won the hand: 5 points
Player 3 plays 9C
Player 0 plays 10C
Player 1 plays JC
Player 2 plays JD
Player 2 won the hand: 9 points
Player 2 plays AD
Player 3 plays KD
Player 0 plays 9D
Player 1 plays 8C
Player 0 won the hand: 3 points
Player 0 plays 9H
Player 1 plays 8H
Player 2 plays AH
Player 3 plays AC
Player 0 won the hand: 4 points
Player 0 plays 10S
Player 1 plays 8S
Player 2 plays 7D
Player 3 plays QC
Player 2 won the hand: 1 points
Player 2 plays QD
Player 3 plays 8D
Player 0 plays 7C
Player 1 plays 7S
Player 2 won the hand: 0 points
Player 2 plays 7H
Player 3 plays KC
Player 0 plays KH
Player 1 plays QS
Player 0 won the hand: 0 points
=== GAME SUMMARY ===
Game 43 final points: Team A=23, Team B=5