
===== GAME 18 (20250830_014703_187) =====

===== AUCTION =====
Trump probs P0: {'H': 0.0, 'D': 1.0, 'C': 0.0, 'S': 0.0}
Bid: 17
Bid: Player 0 proposes 17 (min_allowed=17)
Trump probs P1: {'H': 0.0, 'D': 1.0, 'C': 0.0, 'S': 0.0}
Pass
Pass (locked): Player 1 (min_allowed=18)
Trump probs P2: {'H': 0.0, 'D': 1.0, 'C': 0.0, 'S': 0.0}
Pass
Pass (locked): Player 2 (min_allowed=18)
Trump probs P3: {'H': 0.0, 'D': 1.0, 'C': 0.0, 'S': 0.0}
Pass
Pass (locked): Player 3 (min_allowed=18)
AUCTION WINNER: Player 0 with bid 17; chooses trump [to be determined]
AUCTION WINNER: Player 0 with bid 17; chooses trump D

Player 0 (auction 4 cards): ['JH', '9H', '10S', 'AS']
Player 1 (auction 4 cards): ['AC', 'KH', '9C', 'JD']
Player 2 (auction 4 cards): ['JS', '8C', '7D', 'KD']
Player 3 (auction 4 cards): ['AH', 'JC', '8D', '8S']
Auction winner (bidder): Player 0 with bid 17
Bidder sets concealed trump suit: D
Phase: concealed, bidder concealed card: [face-down trump]

Player 0 plays JH
Player 1 plays KH
Player 2 plays QH
Player 3 plays AH
Player 0 won the hand: 4 points
Player 0 plays 9H
Player 1 plays 8H
Player 2 plays JS
Player 3 plays 10H
Player 0 won the hand: 6 points
Player 0 plays 10S
Player 1 plays 9S
Player 2 plays 7S
Player 3 plays 8S
Player 1 won the hand: 3 points
Player 1 plays 9C
Player 2 plays 8C
Player 3 plays JC
Player 0 plays 10C
Player 3 won the hand: 6 points
Player 3 plays KC
-- Phase 2 begins: Trump revealed as D by Player 0 on trick 5 --
Player 0 plays AD
Player 1 plays AC
Player 2 plays QC
Player 0 won the hand: 2 points
Player 0 plays 9D
Player 1 plays JD
Player 2 plays 7D
Player 3 plays 10D
Player 1 won the hand: 6 points
Player 1 plays 7C
Player 2 plays KD
Player 3 plays 8D
Player 0 plays AS
Player 2 won the hand: 1 points
Player 2 plays KS
Player 3 plays QS
Player 0 plays QD
Player 1 plays 7H
Player 0 won the hand: 0 points
=== GAME SUMMARY ===
Game 18 final points: Team A=13, Team B=15