
===== GAME 477 (20250831_025142_924) =====

===== AUCTION =====
Trump probs P0: {'H': 0.0, 'D': 1.0, 'C': 0.0, 'S': 0.0}
Bid: 17
Bid: Player 0 proposes 17 (min_allowed=17)
Trump probs P1: {'H': 0.0, 'D': 1.0, 'C': 0.0, 'S': 0.0}
Pass
Pass (locked): Player 1 (min_allowed=18)
Trump probs P2: {'H': 0.0, 'D': 1.0, 'C': 0.0, 'S': 0.0}
Pass
Pass (locked): Player 2 (min_allowed=18)
Trump probs P3: {'H': 0.0, 'D': 1.0, 'C': 0.0, 'S': 0.0}
Pass
Pass (locked): Player 3 (min_allowed=18)
AUCTION WINNER: Player 0 with bid 17; chooses trump [to be determined]
AUCTION WINNER: Player 0 with bid 17; chooses trump D

Player 0 (auction 4 cards): ['JS', 'QS', '10C', 'AS']
Player 1 (auction 4 cards): ['9S', '8H', 'JH', '7H']
Player 2 (auction 4 cards): ['7D', 'KH', '8C', '9H']
Player 3 (auction 4 cards): ['7C', 'AD', '7S', 'JD']
Auction winner (bidder): Player 0 with bid 17
Bidder sets concealed trump suit: D
Phase: concealed, bidder concealed card: [face-down trump]

Player 0 plays JS
Player 1 plays 9S
Player 2 plays 10S
Player 3 plays 7S
Player 0 won the hand: 6 points
Player 0 plays JC
Player 1 plays JH
Player 2 plays AC
Player 3 plays 9C
Player 0 won the hand: 9 points
Player 0 plays 10C
-- Phase 2 begins: Trump revealed as D by Player 1 on trick 3 --
Player 1 plays 10D
Player 2 plays 8C
Player 3 plays 7C
Player 1 won the hand: 2 points
Player 1 plays AH
Player 2 plays 9H
Player 3 plays JD
Player 0 plays AS
Player 3 won the hand: 7 points
Player 3 plays AD
Player 0 plays QD
Player 1 plays 8H
Player 2 plays 9D
Player 2 won the hand: 3 points
Player 2 plays 10H
Player 3 plays KD
Player 0 plays QS
Player 1 plays 7H
Player 3 won the hand: 1 points
Player 3 plays 8D
Player 0 plays KS
Player 1 plays 8S
Player 2 plays 7D
Player 3 won the hand: 0 points
Player 3 plays KC
Player 0 plays QC
Player 1 plays QH
Player 2 plays KH
Player 3 won the hand: 0 points
=== GAME SUMMARY ===
Game 477 final points: Team A=18, Team B=10