
===== GAME 632 (20250831_135205_226) =====

===== AUCTION =====
Trump probs P0: {'H': 0.0, 'D': 1.0, 'C': 0.0, 'S': 0.0}
Bid: 17
Bid: Player 0 proposes 17 (min_allowed=17)
Trump probs P1: {'H': 0.0, 'D': 1.0, 'C': 0.0, 'S': 0.0}
Pass
Pass (locked): Player 1 (min_allowed=18)
Trump probs P2: {'H': 0.0, 'D': 1.0, 'C': 0.0, 'S': 0.0}
Pass
Pass (locked): Player 2 (min_allowed=18)
Trump probs P3: {'H': 0.0, 'D': 1.0, 'C': 0.0, 'S': 0.0}
Pass
Pass (locked): Player 3 (min_allowed=18)
AUCTION WINNER: Player 0 with bid 17; chooses trump [to be determined]
AUCTION WINNER: Player 0 with bid 17; chooses trump D

Player 0 (auction 4 cards): ['7H', '9C', '10S', 'AH']
Player 1 (auction 4 cards): ['7S', '8C', '10C', 'JD']
Player 2 (auction 4 cards): ['9S', 'KS', 'KD', 'QC']
Player 3 (auction 4 cards): ['JS', '7D', '8D', 'KC']
Auction winner (bidder): Player 0 with bid 17
Bidder sets concealed trump suit: D
Phase: concealed, bidder concealed card: [face-down trump]

Player 0 plays 9C
Player 1 plays JC
Player 2 plays AC
Player 3 plays KC
Player 1 won the hand: 6 points
Player 1 plays JH
Player 2 plays 10H
Player 3 plays QH
Player 0 plays AH
Player 1 won the hand: 5 points
Player 1 plays 9H
Player 2 plays 9S
Player 3 plays 8H
Player 0 plays 7H
Player 1 won the hand: 4 points
Player 1 plays 10C
Player 2 plays QC
-- Phase 2 begins: Trump revealed as D by Player 3 on trick 4 --
Player 3 plays 9D
Player 0 plays 7C
Player 3 won the hand: 3 points
Player 3 plays JS
Player 0 plays 10S
Player 1 plays 7S
Player 2 plays KS
Player 3 won the hand: 4 points
Player 3 plays 7D
Player 0 plays 10D
Player 1 plays JD
Player 2 plays KD
Player 1 won the hand: 4 points
Player 1 plays 8C
Player 2 plays 8S
Player 3 plays 8D
Player 0 plays AD
Player 0 won the hand: 1 points
Player 0 plays AS
Player 1 plays KH
Player 2 plays QS
Player 3 plays QD
Player 3 won the hand: 1 points
=== GAME SUMMARY ===
Game 632 final points: Team A=1, Team B=27