
===== GAME 1 (20250830_004615_178) =====
Player 0 initial hand (bidding): ['9H', 'QD', 'KC', 'QC']
Player 1 initial hand (bidding): ['JS', 'JH', '8C', '10H']
Player 2 initial hand (bidding): ['10S', '9S', 'KS', '7S']
Player 3 initial hand (bidding): ['8D', 'JC', 'KH', '10D']

===== AUCTION =====
[DEBUG] BIDDING ANALYSIS - Player 0 (Hybrid Master)
[DEBUG]   Bidding hand: ['9H', 'QD', 'KC', 'QC']
[DEBUG]   Hand strength: 0.071
[DEBUG]   Current bid: 16
[DEBUG]   Present suits: ['C', 'H', 'D']
[DEBUG]   Point prediction: 4.4 points
[DEBUG]     Updated beliefs for current game state
[DEBUG]     Game phase: GamePhase.BIDDING
[DEBUG]     Current trick: 0 cards
[DEBUG]     Completed tricks: 0

=== RAW OUTPUT: Belief Model Outputs - Player 0 ===
{'phase': 'GamePhase.BIDDING', 'trump_suit_probs': [0.0, 1.0, 0.0, 0.0], 'uncertainty': 0.0, 'void_suits': {1: [0.0, 1.0, 1.0, 1.0], 2: [0.0, 1.0, 1.0, 1.0], 3: [0.0, 1.0, 1.0, 1.0]}, 'opponent_hand_probs': {1: [0.0, 0.0, 0.0, 0.0625, 0.0625, 0.0, 0.0, 0.0625, 0.0625, 0.0625, 0.0625, 0.0, 0.0625, 0.0, 0.0, 0.0625, 0.0, 0.0625, 0.0, 0.0625, 0.0625, 0.0, 0.0, 0.0625, 0.0, 0.0625, 0.0, 0.0, 0.0, 0.0625, 0.0625, 0.0625], 2: [0.0, 0.0, 0.0, 0.0625, 0.0625, 0.0, 0.0, 0.0625, 0.0625, 0.0625, 0.0625, 0.0, 0.0625, 0.0, 0.0, 0.0625, 0.0, 0.0625, 0.0, 0.0625, 0.0625, 0.0, 0.0, 0.0625, 0.0, 0.0625, 0.0, 0.0, 0.0, 0.0625, 0.0625, 0.0625], 3: [0.0, 0.0, 0.0, 0.0625, 0.0625, 0.0, 0.0, 0.0625, 0.0625, 0.0625, 0.0625, 0.0, 0.0625, 0.0, 0.0, 0.0625, 0.0, 0.0625, 0.0, 0.0625, 0.0625, 0.0, 0.0, 0.0625, 0.0, 0.0625, 0.0, 0.0, 0.0, 0.0625, 0.0625, 0.0625]}}
==================================================
[DEBUG]   Trump Analysis:
[DEBUG]     Probabilities: [0. 1. 0. 0.]
[DEBUG]     Predicted trump: D
[DEBUG]     Confidence: 1.0000
[DEBUG]   Opponent Strength Analysis:
[DEBUG]     Opponent 1: 0.0379
[DEBUG]     Opponent 2: 0.0379
[DEBUG]     Opponent 3: 0.0379
[DEBUG]   Void Suit Analysis:
[DEBUG]     Opponent 1 void in: ['D', 'C', 'S']
[DEBUG]     Opponent 2 void in: ['D', 'C', 'S']
[DEBUG]     Opponent 3 void in: ['D', 'C', 'S']
[DEBUG]   Uncertainty: 0.0000
[DEBUG]     Strategy: Smart ISMCTS + Belief Model Bidding
[DEBUG]     Using fast belief model only (ISMCTS not needed)
[DEBUG]     Updated beliefs for current game state
[DEBUG]     Game phase: GamePhase.BIDDING
[DEBUG]     Current trick: 0 cards
[DEBUG]     Completed tricks: 0
[DEBUG]     Belief model predictions obtained
[DEBUG]     Evaluating bid -1 with belief model:
[DEBUG]       Starting score: 0.0
[DEBUG]       1. Trump prediction factor (confidence: 1.0000):
[DEBUG]         High confidence + have trump: +2.0000
[DEBUG]       2. Opponent strength factor (avg: 0.0379):
[DEBUG]         Weak opponents + passing: no bonus
[DEBUG]       3. Void suit factor:
[DEBUG]         Opponent 1 void in: ['D', 'C', 'S']
[DEBUG]           Have 1 cards in D: +1.5000
[DEBUG]           Have 2 cards in C: +3.0000
[DEBUG]           No cards in S
[DEBUG]         Opponent 2 void in: ['D', 'C', 'S']
[DEBUG]           Have 1 cards in D: +1.5000
[DEBUG]           Have 2 cards in C: +3.0000
[DEBUG]           No cards in S
[DEBUG]         Opponent 3 void in: ['D', 'C', 'S']
[DEBUG]           Have 1 cards in D: +1.5000
[DEBUG]           Have 2 cards in C: +3.0000
[DEBUG]           No cards in S
[DEBUG]       4. Uncertainty factor (uncertainty: 0.0000):
[DEBUG]         Low uncertainty, no factor
[DEBUG]       5. Point prediction factor (prediction: 4.357906818389893):
[DEBUG]         Low predicted points (4.357906818389893) when passing: no penalty
[DEBUG]       Final score for bid -1: 15.5000
[DEBUG]     Pass evaluation score: 15.500
[DEBUG]     Evaluating bid 17 with belief model:
[DEBUG]       Starting score: 0.0
[DEBUG]       1. Trump prediction factor (confidence: 1.0000):
[DEBUG]         High confidence + have trump: +2.0000
[DEBUG]       2. Opponent strength factor (avg: 0.0379):
[DEBUG]         Weak opponents + bidding: +1.9241
[DEBUG]       3. Void suit factor:
[DEBUG]         Opponent 1 void in: ['D', 'C', 'S']
[DEBUG]           Have 1 cards in D: +1.5000
[DEBUG]           Have 2 cards in C: +3.0000
[DEBUG]           No cards in S
[DEBUG]         Opponent 2 void in: ['D', 'C', 'S']
[DEBUG]           Have 1 cards in D: +1.5000
[DEBUG]           Have 2 cards in C: +3.0000
[DEBUG]           No cards in S
[DEBUG]         Opponent 3 void in: ['D', 'C', 'S']
[DEBUG]           Have 1 cards in D: +1.5000
[DEBUG]           Have 2 cards in C: +3.0000
[DEBUG]           No cards in S
[DEBUG]       4. Uncertainty factor (uncertainty: 0.0000):
[DEBUG]         Low uncertainty, no factor
[DEBUG]       5. Point prediction factor (prediction: 4.357906818389893):
[DEBUG]         Predicted points (4.357906818389893) < bid (17): -2.0000
[DEBUG]       Final score for bid 17: 15.4241
[DEBUG]     Bid 17 evaluation score: 15.424
[DEBUG]     Evaluating bid 18 with belief model:
[DEBUG]       Starting score: 0.0
[DEBUG]       1. Trump prediction factor (confidence: 1.0000):
[DEBUG]         High confidence + have trump: +2.0000
[DEBUG]       2. Opponent strength factor (avg: 0.0379):
[DEBUG]         Weak opponents + bidding: +1.9241
[DEBUG]       3. Void suit factor:
[DEBUG]         Opponent 1 void in: ['D', 'C', 'S']
[DEBUG]           Have 1 cards in D: +1.5000
[DEBUG]           Have 2 cards in C: +3.0000
[DEBUG]           No cards in S
[DEBUG]         Opponent 2 void in: ['D', 'C', 'S']
[DEBUG]           Have 1 cards in D: +1.5000
[DEBUG]           Have 2 cards in C: +3.0000
[DEBUG]           No cards in S
[DEBUG]         Opponent 3 void in: ['D', 'C', 'S']
[DEBUG]           Have 1 cards in D: +1.5000
[DEBUG]           Have 2 cards in C: +3.0000
[DEBUG]           No cards in S
[DEBUG]       4. Uncertainty factor (uncertainty: 0.0000):
[DEBUG]         Low uncertainty, no factor
[DEBUG]       5. Point prediction factor (prediction: 4.357906818389893):
[DEBUG]         Predicted points (4.357906818389893) < bid (18): -2.0000
[DEBUG]       Final score for bid 18: 15.4241
[DEBUG]     Bid 18 evaluation score: 15.424
[DEBUG]     Evaluating bid 19 with belief model:
[DEBUG]       Starting score: 0.0
[DEBUG]       1. Trump prediction factor (confidence: 1.0000):
[DEBUG]         High confidence + have trump: +2.0000
[DEBUG]       2. Opponent strength factor (avg: 0.0379):
[DEBUG]         Weak opponents + bidding: +1.9241
[DEBUG]       3. Void suit factor:
[DEBUG]         Opponent 1 void in: ['D', 'C', 'S']
[DEBUG]           Have 1 cards in D: +1.5000
[DEBUG]           Have 2 cards in C: +3.0000
[DEBUG]           No cards in S
[DEBUG]         Opponent 2 void in: ['D', 'C', 'S']
[DEBUG]           Have 1 cards in D: +1.5000
[DEBUG]           Have 2 cards in C: +3.0000
[DEBUG]           No cards in S
[DEBUG]         Opponent 3 void in: ['D', 'C', 'S']
[DEBUG]           Have 1 cards in D: +1.5000
[DEBUG]           Have 2 cards in C: +3.0000
[DEBUG]           No cards in S
[DEBUG]       4. Uncertainty factor (uncertainty: 0.0000):
[DEBUG]         Low uncertainty, no factor
[DEBUG]       5. Point prediction factor (prediction: 4.357906818389893):
[DEBUG]         Predicted points (4.357906818389893) < bid (19): -2.0000
[DEBUG]       Final score for bid 19: 15.4241
[DEBUG]     Bid 19 evaluation score: 15.424
[DEBUG]     Best decision: PASS (score: 15.500)
Pass: Player 0 (min_allowed=17)
[DEBUG] BIDDING ANALYSIS - Player 1 (Hybrid Expert)
[DEBUG]   Bidding hand: ['JS', 'JH', '8C', '10H']
[DEBUG]   Hand strength: 0.250
[DEBUG]   Current bid: 16
[DEBUG]   Present suits: ['S', 'C', 'H']
[DEBUG]   Point prediction: 11.8 points
[DEBUG]     Updated beliefs for current game state
[DEBUG]     Game phase: GamePhase.BIDDING
[DEBUG]     Current trick: 0 cards
[DEBUG]     Completed tricks: 0

=== RAW OUTPUT: Belief Model Outputs - Player 1 ===
{'phase': 'GamePhase.BIDDING', 'trump_suit_probs': [0.0, 1.0, 0.0, 0.0], 'uncertainty': 0.0, 'void_suits': {0: [0.0, 1.0, 1.0, 1.0], 2: [0.0, 1.0, 1.0, 1.0], 3: [0.0, 1.0, 1.0, 1.0]}, 'opponent_hand_probs': {0: [0.0, 0.0, 0.0714285746216774, 0.0, 0.0, 0.0, 0.0, 0.0714285746216774, 0.0714285746216774, 0.0714285746216774, 0.0714285746216774, 0.0, 0.0714285746216774, 0.0, 0.0, 0.0714285746216774, 0.0, 0.0, 0.0, 0.0714285746216774, 0.0714285746216774, 0.0, 0.0, 0.0714285746216774, 0.0, 0.0714285746216774, 0.0, 0.0, 0.0, 0.0714285746216774, 0.0714285746216774, 0.0714285746216774], 2: [0.0, 0.0, 0.0714285746216774, 0.0, 0.0, 0.0, 0.0, 0.0714285746216774, 0.0714285746216774, 0.0714285746216774, 0.0714285746216774, 0.0, 0.0714285746216774, 0.0, 0.0, 0.0714285746216774, 0.0, 0.0, 0.0, 0.0714285746216774, 0.0714285746216774, 0.0, 0.0, 0.0714285746216774, 0.0, 0.0714285746216774, 0.0, 0.0, 0.0, 0.0714285746216774, 0.0714285746216774, 0.0714285746216774], 3: [0.0, 0.0, 0.0714285746216774, 0.0, 0.0, 0.0, 0.0, 0.0714285746216774, 0.0714285746216774, 0.0714285746216774, 0.0714285746216774, 0.0, 0.0714285746216774, 0.0, 0.0, 0.0714285746216774, 0.0, 0.0, 0.0, 0.0714285746216774, 0.0714285746216774, 0.0, 0.0, 0.0714285746216774, 0.0, 0.0714285746216774, 0.0, 0.0, 0.0, 0.0714285746216774, 0.0714285746216774, 0.0714285746216774]}}
==================================================
[DEBUG]   Trump Analysis:
[DEBUG]     Probabilities: [0. 1. 0. 0.]
[DEBUG]     Predicted trump: D
[DEBUG]     Confidence: 1.0000
[DEBUG]   Opponent Strength Analysis:
[DEBUG]     Opponent 0: 0.0383
[DEBUG]     Opponent 2: 0.0383
[DEBUG]     Opponent 3: 0.0383
[DEBUG]   Void Suit Analysis:
[DEBUG]     Opponent 0 void in: ['D', 'C', 'S']
[DEBUG]     Opponent 2 void in: ['D', 'C', 'S']
[DEBUG]     Opponent 3 void in: ['D', 'C', 'S']
[DEBUG]   Uncertainty: 0.0000
[DEBUG]     Strategy: Smart ISMCTS + Belief Model Bidding
[DEBUG]     Using fast belief model only (ISMCTS not needed)
[DEBUG]     Updated beliefs for current game state
[DEBUG]     Game phase: GamePhase.BIDDING
[DEBUG]     Current trick: 0 cards
[DEBUG]     Completed tricks: 0
[DEBUG]     Belief model predictions obtained
[DEBUG]     Evaluating bid -1 with belief model:
[DEBUG]       Starting score: 0.0
[DEBUG]       1. Trump prediction factor (confidence: 1.0000):
[DEBUG]         High confidence + no trump: -1.0000
[DEBUG]       2. Opponent strength factor (avg: 0.0383):
[DEBUG]         Weak opponents + passing: no bonus
[DEBUG]       3. Void suit factor:
[DEBUG]         Opponent 0 void in: ['D', 'C', 'S']
[DEBUG]           No cards in D
[DEBUG]           Have 1 cards in C: +1.5000
[DEBUG]           Have 1 cards in S: +1.5000
[DEBUG]         Opponent 2 void in: ['D', 'C', 'S']
[DEBUG]           No cards in D
[DEBUG]           Have 1 cards in C: +1.5000
[DEBUG]           Have 1 cards in S: +1.5000
[DEBUG]         Opponent 3 void in: ['D', 'C', 'S']
[DEBUG]           No cards in D
[DEBUG]           Have 1 cards in C: +1.5000
[DEBUG]           Have 1 cards in S: +1.5000
[DEBUG]       4. Uncertainty factor (uncertainty: 0.0000):
[DEBUG]         Low uncertainty, no factor
[DEBUG]       5. Point prediction factor (prediction: 11.80837345123291):
[DEBUG]         Low predicted points (11.80837345123291) when passing: no penalty
[DEBUG]       Final score for bid -1: 8.0000
[DEBUG]     Pass evaluation score: 8.000
[DEBUG]     Evaluating bid 17 with belief model:
[DEBUG]       Starting score: 0.0
[DEBUG]       1. Trump prediction factor (confidence: 1.0000):
[DEBUG]         High confidence + no trump: -1.0000
[DEBUG]       2. Opponent strength factor (avg: 0.0383):
[DEBUG]         Weak opponents + bidding: +1.9235
[DEBUG]       3. Void suit factor:
[DEBUG]         Opponent 0 void in: ['D', 'C', 'S']
[DEBUG]           No cards in D
[DEBUG]           Have 1 cards in C: +1.5000
[DEBUG]           Have 1 cards in S: +1.5000
[DEBUG]         Opponent 2 void in: ['D', 'C', 'S']
[DEBUG]           No cards in D
[DEBUG]           Have 1 cards in C: +1.5000
[DEBUG]           Have 1 cards in S: +1.5000
[DEBUG]         Opponent 3 void in: ['D', 'C', 'S']
[DEBUG]           No cards in D
[DEBUG]           Have 1 cards in C: +1.5000
[DEBUG]           Have 1 cards in S: +1.5000
[DEBUG]       4. Uncertainty factor (uncertainty: 0.0000):
[DEBUG]         Low uncertainty, no factor
[DEBUG]       5. Point prediction factor (prediction: 11.80837345123291):
[DEBUG]         Predicted points (11.80837345123291) < bid (17): -2.0000
[DEBUG]       Final score for bid 17: 7.9235
[DEBUG]     Bid 17 evaluation score: 7.923
[DEBUG]     Evaluating bid 18 with belief model:
[DEBUG]       Starting score: 0.0
[DEBUG]       1. Trump prediction factor (confidence: 1.0000):
[DEBUG]         High confidence + no trump: -1.0000
[DEBUG]       2. Opponent strength factor (avg: 0.0383):
[DEBUG]         Weak opponents + bidding: +1.9235
[DEBUG]       3. Void suit factor:
[DEBUG]         Opponent 0 void in: ['D', 'C', 'S']
[DEBUG]           No cards in D
[DEBUG]           Have 1 cards in C: +1.5000
[DEBUG]           Have 1 cards in S: +1.5000
[DEBUG]         Opponent 2 void in: ['D', 'C', 'S']
[DEBUG]           No cards in D
[DEBUG]           Have 1 cards in C: +1.5000
[DEBUG]           Have 1 cards in S: +1.5000
[DEBUG]         Opponent 3 void in: ['D', 'C', 'S']
[DEBUG]           No cards in D
[DEBUG]           Have 1 cards in C: +1.5000
[DEBUG]           Have 1 cards in S: +1.5000
[DEBUG]       4. Uncertainty factor (uncertainty: 0.0000):
[DEBUG]         Low uncertainty, no factor
[DEBUG]       5. Point prediction factor (prediction: 11.80837345123291):
[DEBUG]         Predicted points (11.80837345123291) < bid (18): -2.0000
[DEBUG]       Final score for bid 18: 7.9235
[DEBUG]     Bid 18 evaluation score: 7.923
[DEBUG]     Evaluating bid 19 with belief model:
[DEBUG]       Starting score: 0.0
[DEBUG]       1. Trump prediction factor (confidence: 1.0000):
[DEBUG]         High confidence + no trump: -1.0000
[DEBUG]       2. Opponent strength factor (avg: 0.0383):
[DEBUG]         Weak opponents + bidding: +1.9235
[DEBUG]       3. Void suit factor:
[DEBUG]         Opponent 0 void in: ['D', 'C', 'S']
[DEBUG]           No cards in D
[DEBUG]           Have 1 cards in C: +1.5000
[DEBUG]           Have 1 cards in S: +1.5000
[DEBUG]         Opponent 2 void in: ['D', 'C', 'S']
[DEBUG]           No cards in D
[DEBUG]           Have 1 cards in C: +1.5000
[DEBUG]           Have 1 cards in S: +1.5000
[DEBUG]         Opponent 3 void in: ['D', 'C', 'S']
[DEBUG]           No cards in D
[DEBUG]           Have 1 cards in C: +1.5000
[DEBUG]           Have 1 cards in S: +1.5000
[DEBUG]       4. Uncertainty factor (uncertainty: 0.0000):
[DEBUG]         Low uncertainty, no factor
[DEBUG]       5. Point prediction factor (prediction: 11.80837345123291):
[DEBUG]         Predicted points (11.80837345123291) < bid (19): -2.0000
[DEBUG]       Final score for bid 19: 7.9235
[DEBUG]     Bid 19 evaluation score: 7.923
[DEBUG]     Best decision: PASS (score: 8.000)
Pass: Player 1 (min_allowed=17)
[DEBUG] BIDDING ANALYSIS - Player 2 (Hybrid Pro)
[DEBUG]   Bidding hand: ['10S', '9S', 'KS', '7S']
[DEBUG]   Hand strength: 0.107
[DEBUG]   Current bid: 16
[DEBUG]   Present suits: ['S']
[DEBUG]   Point prediction: 5.7 points
[DEBUG]     Updated beliefs for current game state
[DEBUG]     Game phase: GamePhase.BIDDING
[DEBUG]     Current trick: 0 cards
[DEBUG]     Completed tricks: 0

=== RAW OUTPUT: Belief Model Outputs - Player 2 ===
{'phase': 'GamePhase.BIDDING', 'trump_suit_probs': [0.0, 1.0, 0.0, 0.0], 'uncertainty': 0.0, 'void_suits': {0: [0.0, 1.0, 1.0, 1.0], 1: [0.0, 1.0, 1.0, 1.0], 3: [0.0, 1.0, 1.0, 1.0]}, 'opponent_hand_probs': {0: [0.0, 0.0, 0.0625, 0.0625, 0.0625, 0.0, 0.0, 0.0625, 0.0625, 0.0625, 0.0625, 0.0, 0.0625, 0.0, 0.0, 0.0625, 0.0, 0.0625, 0.0, 0.0625, 0.0625, 0.0, 0.0, 0.0625, 0.0, 0.0625, 0.0, 0.0, 0.0, 0.0625, 0.0, 0.0625], 1: [0.0, 0.0, 0.0625, 0.0625, 0.0625, 0.0, 0.0, 0.0625, 0.0625, 0.0625, 0.0625, 0.0, 0.0625, 0.0, 0.0, 0.0625, 0.0, 0.0625, 0.0, 0.0625, 0.0625, 0.0, 0.0, 0.0625, 0.0, 0.0625, 0.0, 0.0, 0.0, 0.0625, 0.0, 0.0625], 3: [0.0, 0.0, 0.0625, 0.0625, 0.0625, 0.0, 0.0, 0.0625, 0.0625, 0.0625, 0.0625, 0.0, 0.0625, 0.0, 0.0, 0.0625, 0.0, 0.0625, 0.0, 0.0625, 0.0625, 0.0, 0.0, 0.0625, 0.0, 0.0625, 0.0, 0.0, 0.0, 0.0625, 0.0, 0.0625]}}
==================================================
[DEBUG]   Trump Analysis:
[DEBUG]     Probabilities: [0. 1. 0. 0.]
[DEBUG]     Predicted trump: D
[DEBUG]     Confidence: 1.0000
[DEBUG]   Opponent Strength Analysis:
[DEBUG]     Opponent 0: 0.0424
[DEBUG]     Opponent 1: 0.0424
[DEBUG]     Opponent 3: 0.0424
[DEBUG]   Void Suit Analysis:
[DEBUG]     Opponent 0 void in: ['D', 'C', 'S']
[DEBUG]     Opponent 1 void in: ['D', 'C', 'S']
[DEBUG]     Opponent 3 void in: ['D', 'C', 'S']
[DEBUG]   Uncertainty: 0.0000
[DEBUG]     Strategy: Smart ISMCTS + Belief Model Bidding
[DEBUG]     Using fast belief model only (ISMCTS not needed)
[DEBUG]     Updated beliefs for current game state
[DEBUG]     Game phase: GamePhase.BIDDING
[DEBUG]     Current trick: 0 cards
[DEBUG]     Completed tricks: 0
[DEBUG]     Belief model predictions obtained
[DEBUG]     Evaluating bid -1 with belief model:
[DEBUG]       Starting score: 0.0
[DEBUG]       1. Trump prediction factor (confidence: 1.0000):
[DEBUG]         High confidence + no trump: -1.0000
[DEBUG]       2. Opponent strength factor (avg: 0.0424):
[DEBUG]         Weak opponents + passing: no bonus
[DEBUG]       3. Void suit factor:
[DEBUG]         Opponent 0 void in: ['D', 'C', 'S']
[DEBUG]           No cards in D
[DEBUG]           No cards in C
[DEBUG]           Have 4 cards in S: +6.0000
[DEBUG]         Opponent 1 void in: ['D', 'C', 'S']
[DEBUG]           No cards in D
[DEBUG]           No cards in C
[DEBUG]           Have 4 cards in S: +6.0000
[DEBUG]         Opponent 3 void in: ['D', 'C', 'S']
[DEBUG]           No cards in D
[DEBUG]           No cards in C
[DEBUG]           Have 4 cards in S: +6.0000
[DEBUG]       4. Uncertainty factor (uncertainty: 0.0000):
[DEBUG]         Low uncertainty, no factor
[DEBUG]       5. Point prediction factor (prediction: 5.735988616943359):
[DEBUG]         Low predicted points (5.735988616943359) when passing: no penalty
[DEBUG]       Final score for bid -1: 17.0000
[DEBUG]     Pass evaluation score: 17.000
[DEBUG]     Evaluating bid 17 with belief model:
[DEBUG]       Starting score: 0.0
[DEBUG]       1. Trump prediction factor (confidence: 1.0000):
[DEBUG]         High confidence + no trump: -1.0000
[DEBUG]       2. Opponent strength factor (avg: 0.0424):
[DEBUG]         Weak opponents + bidding: +1.9152
[DEBUG]       3. Void suit factor:
[DEBUG]         Opponent 0 void in: ['D', 'C', 'S']
[DEBUG]           No cards in D
[DEBUG]           No cards in C
[DEBUG]           Have 4 cards in S: +6.0000
[DEBUG]         Opponent 1 void in: ['D', 'C', 'S']
[DEBUG]           No cards in D
[DEBUG]           No cards in C
[DEBUG]           Have 4 cards in S: +6.0000
[DEBUG]         Opponent 3 void in: ['D', 'C', 'S']
[DEBUG]           No cards in D
[DEBUG]           No cards in C
[DEBUG]           Have 4 cards in S: +6.0000
[DEBUG]       4. Uncertainty factor (uncertainty: 0.0000):
[DEBUG]         Low uncertainty, no factor
[DEBUG]       5. Point prediction factor (prediction: 5.735988616943359):
[DEBUG]         Predicted points (5.735988616943359) < bid (17): -2.0000
[DEBUG]       Final score for bid 17: 16.9152
[DEBUG]     Bid 17 evaluation score: 16.915
[DEBUG]     Evaluating bid 18 with belief model:
[DEBUG]       Starting score: 0.0
[DEBUG]       1. Trump prediction factor (confidence: 1.0000):
[DEBUG]         High confidence + no trump: -1.0000
[DEBUG]       2. Opponent strength factor (avg: 0.0424):
[DEBUG]         Weak opponents + bidding: +1.9152
[DEBUG]       3. Void suit factor:
[DEBUG]         Opponent 0 void in: ['D', 'C', 'S']
[DEBUG]           No cards in D
[DEBUG]           No cards in C
[DEBUG]           Have 4 cards in S: +6.0000
[DEBUG]         Opponent 1 void in: ['D', 'C', 'S']
[DEBUG]           No cards in D
[DEBUG]           No cards in C
[DEBUG]           Have 4 cards in S: +6.0000
[DEBUG]         Opponent 3 void in: ['D', 'C', 'S']
[DEBUG]           No cards in D
[DEBUG]           No cards in C
[DEBUG]           Have 4 cards in S: +6.0000
[DEBUG]       4. Uncertainty factor (uncertainty: 0.0000):
[DEBUG]         Low uncertainty, no factor
[DEBUG]       5. Point prediction factor (prediction: 5.735988616943359):
[DEBUG]         Predicted points (5.735988616943359) < bid (18): -2.0000
[DEBUG]       Final score for bid 18: 16.9152
[DEBUG]     Bid 18 evaluation score: 16.915
[DEBUG]     Evaluating bid 19 with belief model:
[DEBUG]       Starting score: 0.0
[DEBUG]       1. Trump prediction factor (confidence: 1.0000):
[DEBUG]         High confidence + no trump: -1.0000
[DEBUG]       2. Opponent strength factor (avg: 0.0424):
[DEBUG]         Weak opponents + bidding: +1.9152
[DEBUG]       3. Void suit factor:
[DEBUG]         Opponent 0 void in: ['D', 'C', 'S']
[DEBUG]           No cards in D
[DEBUG]           No cards in C
[DEBUG]           Have 4 cards in S: +6.0000
[DEBUG]         Opponent 1 void in: ['D', 'C', 'S']
[DEBUG]           No cards in D
[DEBUG]           No cards in C
[DEBUG]           Have 4 cards in S: +6.0000
[DEBUG]         Opponent 3 void in: ['D', 'C', 'S']
[DEBUG]           No cards in D
[DEBUG]           No cards in C
[DEBUG]           Have 4 cards in S: +6.0000
[DEBUG]       4. Uncertainty factor (uncertainty: 0.0000):
[DEBUG]         Low uncertainty, no factor
[DEBUG]       5. Point prediction factor (prediction: 5.735988616943359):
[DEBUG]         Predicted points (5.735988616943359) < bid (19): -2.0000
[DEBUG]       Final score for bid 19: 16.9152
[DEBUG]     Bid 19 evaluation score: 16.915
[DEBUG]     Best decision: PASS (score: 17.000)
Pass: Player 2 (min_allowed=17)
Auction winner: Player 3 with bid 16
[DEBUG] TRUMP SELECTION - Player 3 (Hybrid Champion)
[DEBUG]   Hand: ['8D', 'JC', 'KH', '10D']
[DEBUG]   Hybrid agent selected trump: D (method: belief_model)
[DEBUG]   Confidence: 1.000
[DEBUG]   Reasoning: Trump probabilities: {'H': np.float32(0.0), 'D': np.float32(1.0), 'C': np.float32(0.0), 'S': np.float32(0.0)}
[DEBUG]     Updating belief model with new information:
[DEBUG]       Action: trump_revealed
[DEBUG]       Belief model update failed: 'Trick' object has no attribute 'copy'
Bidder sets concealed trump suit: D
Phase: concealed, bidder concealed card: [face-down trump]

Full hands (8 cards each):
Player 0 full hand: ['9H', 'QD', 'KC', 'QC', '9C', 'QH', '8H', 'AD']
Player 1 full hand: ['JS', 'JH', '8C', '10H', '9D', 'JD', 'AC', 'AH']
Player 2 full hand: ['10S', '9S', 'KS', '7S', 'AS', 'KD', 'QS', '7C']
Player 3 full hand: ['8D', 'JC', 'KH', '8S', '7D', '10C', '7H']

Player 0 (auction 4 cards): ['9H', 'QD', 'KC', 'QC']
Player 1 (auction 4 cards): ['JS', 'JH', '8C', '10H']
Player 2 (auction 4 cards): ['10S', '9S', 'KS', '7S']
Player 3 (auction 4 cards): ['8D', 'JC', 'KH', '8S']
Auction winner (bidder): Player 3 with bid 16
Bidder sets concealed trump suit: D
Phase: concealed, bidder concealed card: [face-down trump]

[DEBUG]   Player 3 (Hybrid Champion) choosing card:
[DEBUG]     Remaining hand (7 cards): ['8D', 'JC', 'KH', '8S', '7D', '10C', '7H']
[DEBUG]     Legal cards (5): ['JC', 'KH', '8S', '10C', '7H']
[DEBUG]     Current trick: 0 cards played
[DEBUG]     Trump suit: D
[DEBUG]     Hybrid agent selected card: JC (method: belief_model)
[DEBUG]     Confidence: 0.650
[DEBUG]     Reasoning: Card evaluation score: 3.000
[DEBUG]     Updating belief model with new information:
[DEBUG]       Action: card_played
[DEBUG]       Belief model update failed: 'Trick' object has no attribute 'copy'
[DEBUG]   Player 0 (Hybrid Master) choosing card:
[DEBUG]     Remaining hand (8 cards): ['9H', 'QD', 'KC', 'QC', '9C', 'QH', '8H', 'AD']
[DEBUG]     Legal cards (3): ['KC', 'QC', '9C']
[DEBUG]     Current trick: 1 cards played
[DEBUG]     Lead suit: C
[DEBUG]     Trump suit: D
[DEBUG]     Hybrid agent selected card: 9C (method: belief_model)
[DEBUG]     Confidence: 0.600
[DEBUG]     Reasoning: Card evaluation score: 2.000
[DEBUG]     Updating belief model with new information:
[DEBUG]       Action: card_played
[DEBUG]       Belief model update failed: 'Trick' object has no attribute 'copy'
[DEBUG]   Player 1 (Hybrid Expert) choosing card:
[DEBUG]     Remaining hand (8 cards): ['JS', 'JH', '8C', '10H', '9D', 'JD', 'AC', 'AH']
[DEBUG]     Legal cards (2): ['8C', 'AC']
[DEBUG]     Current trick: 2 cards played
[DEBUG]     Lead suit: C
[DEBUG]     Trump suit: D
[DEBUG]     Hybrid agent selected card: AC (method: belief_model)
[DEBUG]     Confidence: 0.550
[DEBUG]     Reasoning: Card evaluation score: 1.000
[DEBUG]     Updating belief model with new information:
[DEBUG]       Action: card_played
[DEBUG]       Belief model update failed: 'Trick' object has no attribute 'copy'
[DEBUG]   Player 2 (Hybrid Pro) choosing card:
[DEBUG]     Remaining hand (8 cards): ['10S', '9S', 'KS', '7S', 'AS', 'KD', 'QS', '7C']
[DEBUG]     Legal cards (1): ['7C']
[DEBUG]     Current trick: 3 cards played
[DEBUG]     Lead suit: C
[DEBUG]     Trump suit: D
[DEBUG]     Hybrid agent selected card: 7C (method: belief_model)
[DEBUG]     Confidence: 0.500
[DEBUG]     Reasoning: Card evaluation score: 0.000
[DEBUG]     Updating belief model with new information:
[DEBUG]       Action: card_played
[DEBUG]       Belief model update failed: 'Trick' object has no attribute 'copy'
Trick 1 order: P3:JC, P0:9C, P1:AC, P2:7C
Player 3 won the hand: 6 points


[DEBUG]   Player 3 (Hybrid Champion) choosing card:
[DEBUG]     Remaining hand (6 cards): ['8D', 'KH', '8S', '7D', '10C', '7H']
[DEBUG]     Legal cards (4): ['KH', '8S', '10C', '7H']
[DEBUG]     Current trick: 0 cards played
[DEBUG]     Trump suit: D
[DEBUG]     Hybrid agent selected card: 10C (method: belief_model)
[DEBUG]     Confidence: 0.550
[DEBUG]     Reasoning: Card evaluation score: 1.000
[DEBUG]     Updating belief model with new information:
[DEBUG]       Action: card_played
[DEBUG]       Belief model update failed: 'Trick' object has no attribute 'copy'
[DEBUG]   Player 0 (Hybrid Master) choosing card:
[DEBUG]     Remaining hand (7 cards): ['9H', 'QD', 'KC', 'QC', 'QH', '8H', 'AD']
[DEBUG]     Legal cards (2): ['KC', 'QC']
[DEBUG]     Current trick: 1 cards played
[DEBUG]     Lead suit: C
[DEBUG]     Trump suit: D
[DEBUG]     Hybrid agent selected card: KC (method: belief_model)
[DEBUG]     Confidence: 0.500
[DEBUG]     Reasoning: Card evaluation score: 0.000
[DEBUG]     Updating belief model with new information:
[DEBUG]       Action: card_played
[DEBUG]       Belief model update failed: 'Trick' object has no attribute 'copy'
[DEBUG]   Player 1 (Hybrid Expert) choosing card:
[DEBUG]     Remaining hand (7 cards): ['JS', 'JH', '8C', '10H', '9D', 'JD', 'AH']
[DEBUG]     Legal cards (1): ['8C']
[DEBUG]     Current trick: 2 cards played
[DEBUG]     Lead suit: C
[DEBUG]     Trump suit: D
[DEBUG]     Hybrid agent selected card: 8C (method: belief_model)
[DEBUG]     Confidence: 0.500
[DEBUG]     Reasoning: Card evaluation score: 0.000
[DEBUG]     Updating belief model with new information:
[DEBUG]       Action: card_played
[DEBUG]       Belief model update failed: 'Trick' object has no attribute 'copy'
[DEBUG]   Player 2 (Hybrid Pro) choosing card:
[DEBUG]     Remaining hand (7 cards): ['10S', '9S', 'KS', '7S', 'AS', 'KD', 'QS']
[DEBUG]     Legal cards (7): ['10S', '9S', 'KS', '7S', 'AS', 'KD', 'QS']
[DEBUG]     Current trick: 3 cards played
[DEBUG]     Lead suit: C
[DEBUG]     Trump suit: D
[DEBUG]     Hybrid agent selected card: 9S (method: belief_model)
[DEBUG]     Confidence: 0.600
[DEBUG]     Reasoning: Card evaluation score: 2.000
[DEBUG]     Updating belief model with new information:
[DEBUG]       Action: card_played
[DEBUG]       Belief model update failed: 'Trick' object has no attribute 'copy'
Trick 2 order: P3:10C, P0:KC, P1:8C, P2:9S
Player 3 won the hand: 3 points


[DEBUG]   Player 3 (Hybrid Champion) choosing card:
[DEBUG]     Remaining hand (5 cards): ['8D', 'KH', '8S', '7D', '7H']
[DEBUG]     Legal cards (3): ['KH', '8S', '7H']
[DEBUG]     Current trick: 0 cards played
[DEBUG]     Trump suit: D
[DEBUG]     Hybrid agent selected card: KH (method: belief_model)
[DEBUG]     Confidence: 0.500
[DEBUG]     Reasoning: Card evaluation score: 0.000
[DEBUG]     Updating belief model with new information:
[DEBUG]       Action: card_played
[DEBUG]       Belief model update failed: 'Trick' object has no attribute 'copy'
[DEBUG]   Player 0 (Hybrid Master) choosing card:
[DEBUG]     Remaining hand (6 cards): ['9H', 'QD', 'QC', 'QH', '8H', 'AD']
[DEBUG]     Legal cards (3): ['9H', 'QH', '8H']
[DEBUG]     Current trick: 1 cards played
[DEBUG]     Lead suit: H
[DEBUG]     Trump suit: D
[DEBUG]     Hybrid agent selected card: 9H (method: belief_model)
[DEBUG]     Confidence: 0.850
[DEBUG]     Reasoning: Card evaluation score: 7.000
[DEBUG]     Updating belief model with new information:
[DEBUG]       Action: card_played
[DEBUG]       Belief model update failed: 'Trick' object has no attribute 'copy'
[DEBUG]   Player 1 (Hybrid Expert) choosing card:
[DEBUG]     Remaining hand (6 cards): ['JS', 'JH', '10H', '9D', 'JD', 'AH']
[DEBUG]     Legal cards (3): ['JH', '10H', 'AH']
[DEBUG]     Current trick: 2 cards played
[DEBUG]     Lead suit: H
[DEBUG]     Trump suit: D
[DEBUG]     Hybrid agent selected card: JH (method: belief_model)
[DEBUG]     Confidence: 0.900
[DEBUG]     Reasoning: Card evaluation score: 8.000
[DEBUG]     Updating belief model with new information:
[DEBUG]       Action: card_played
[DEBUG]       Belief model update failed: 'Trick' object has no attribute 'copy'
[DEBUG]   Player 2 (Hybrid Pro) choosing card:
[DEBUG]     Remaining hand (6 cards): ['10S', 'KS', '7S', 'AS', 'KD', 'QS']
[DEBUG]     Legal cards (6): ['10S', 'KS', '7S', 'AS', 'KD', 'QS']
[DEBUG]     Current trick: 3 cards played
[DEBUG]     Lead suit: H
[DEBUG]     Trump suit: D
[DEBUG]     Hybrid agent selected card: 10S (method: belief_model)
[DEBUG]     Confidence: 0.550
[DEBUG]     Reasoning: Card evaluation score: 1.000
[DEBUG]     Updating belief model with new information:
[DEBUG]       Action: card_played
[DEBUG]       Belief model update failed: 'Trick' object has no attribute 'copy'
Trick 3 order: P3:KH, P0:9H, P1:JH, P2:10S
Player 1 won the hand: 6 points


[DEBUG]   Player 1 (Hybrid Expert) choosing card:
[DEBUG]     Remaining hand (5 cards): ['JS', '10H', '9D', 'JD', 'AH']
[DEBUG]     Legal cards (3): ['JS', '10H', 'AH']
[DEBUG]     Current trick: 0 cards played
[DEBUG]     Trump suit: D
[DEBUG]     Hybrid agent selected card: JS (method: hybrid)
[DEBUG]     Confidence: 0.715
[DEBUG]     Reasoning: Hybrid card: Belief(JS, 0.650) vs ISMCTS(JS, 0.780)
[DEBUG]     Updating belief model with new information:
[DEBUG]       Action: card_played
[DEBUG]       Belief model update failed: 'Trick' object has no attribute 'copy'
[DEBUG]   Player 2 (Hybrid Pro) choosing card:
[DEBUG]     Remaining hand (5 cards): ['KS', '7S', 'AS', 'KD', 'QS']
[DEBUG]     Legal cards (4): ['KS', '7S', 'AS', 'QS']
[DEBUG]     Current trick: 1 cards played
[DEBUG]     Lead suit: S
[DEBUG]     Trump suit: D
[DEBUG]     Hybrid agent selected card: AS (method: hybrid)
[DEBUG]     Confidence: 0.605
[DEBUG]     Reasoning: Hybrid card: Belief(AS, 0.550) vs ISMCTS(AS, 0.660)
[DEBUG]     Updating belief model with new information:
[DEBUG]       Action: card_played
[DEBUG]       Belief model update failed: 'Trick' object has no attribute 'copy'
[DEBUG]   Player 3 (Hybrid Champion) choosing card:
[DEBUG]     Remaining hand (4 cards): ['8D', '8S', '7D', '7H']
[DEBUG]     Legal cards (1): ['8S']
[DEBUG]     Current trick: 2 cards played
[DEBUG]     Lead suit: S
[DEBUG]     Trump suit: D
[DEBUG]     Hybrid agent selected card: 8S (method: hybrid)
[DEBUG]     Confidence: 0.550
[DEBUG]     Reasoning: Hybrid card: Belief(8S, 0.500) vs ISMCTS(8S, 0.600)
[DEBUG]     Updating belief model with new information:
[DEBUG]       Action: card_played
[DEBUG]       Belief model update failed: 'Trick' object has no attribute 'copy'
[DEBUG]   Player 0 (Hybrid Master) choosing card:
[DEBUG]     Remaining hand (5 cards): ['QD', 'QC', 'QH', '8H', 'AD']
[DEBUG]     Legal cards (5): ['QD', 'QC', 'QH', '8H', 'AD']
[DEBUG]     Current trick: 3 cards played
[DEBUG]     Lead suit: S
[DEBUG]     Trump suit: D
[DEBUG]     Hybrid agent selected card: AD (method: hybrid)
[DEBUG]     Confidence: 0.660
[DEBUG]     Reasoning: Hybrid card: Belief(AD, 0.600) vs ISMCTS(AD, 0.720)
[DEBUG]     Updating belief model with new information:
[DEBUG]       Action: card_played
[DEBUG]       Belief model update failed: 'Trick' object has no attribute 'copy'
-- Phase 2 begins: Trump revealed as D by Player 0 on trick 4 --
[DEBUG] TRUMP REVEALED!
[DEBUG]   Player 0 revealed trump D
[DEBUG]   Trick number: 4
[DEBUG]   Card played: AD
[DEBUG]   Game phase changed from CONCEALED to REVEALED
Trick 4 order: P1:JS, P2:AS, P3:8S, P0:AD
Player 0 won the hand: 5 points


[DEBUG]   Player 0 (Hybrid Master) choosing card:
[DEBUG]     Remaining hand (4 cards): ['QD', 'QC', 'QH', '8H']
[DEBUG]     Legal cards (4): ['QD', 'QC', 'QH', '8H']
[DEBUG]     Current trick: 0 cards played
[DEBUG]     Trump suit: D
[DEBUG]     Hybrid agent selected card: QD (method: hybrid)
[DEBUG]     Confidence: 0.550
[DEBUG]     Reasoning: Hybrid card: Belief(QD, 0.500) vs ISMCTS(QD, 0.600)
[DEBUG]     Updating belief model with new information:
[DEBUG]       Action: card_played
[DEBUG]       Belief model update failed: 'Trick' object has no attribute 'copy'
[DEBUG]   Player 1 (Hybrid Expert) choosing card:
[DEBUG]     Remaining hand (4 cards): ['10H', '9D', 'JD', 'AH']
[DEBUG]     Legal cards (2): ['9D', 'JD']
[DEBUG]     Current trick: 1 cards played
[DEBUG]     Lead suit: D
[DEBUG]     Trump suit: D
[DEBUG]     Hybrid agent selected card: JD (method: hybrid)
[DEBUG]     Confidence: 0.925
[DEBUG]     Reasoning: Hybrid card: Belief(JD, 0.900) vs ISMCTS(JD, 0.950)
[DEBUG]     Updating belief model with new information:
[DEBUG]       Action: card_played
[DEBUG]       Belief model update failed: 'Trick' object has no attribute 'copy'
[DEBUG]   Player 2 (Hybrid Pro) choosing card:
[DEBUG]     Remaining hand (4 cards): ['KS', '7S', 'KD', 'QS']
[DEBUG]     Legal cards (1): ['KD']
[DEBUG]     Current trick: 2 cards played
[DEBUG]     Lead suit: D
[DEBUG]     Trump suit: D
[DEBUG]     Hybrid agent selected card: KD (method: hybrid)
[DEBUG]     Confidence: 0.550
[DEBUG]     Reasoning: Hybrid card: Belief(KD, 0.500) vs ISMCTS(KD, 0.600)
[DEBUG]     Updating belief model with new information:
[DEBUG]       Action: card_played
[DEBUG]       Belief model update failed: 'Trick' object has no attribute 'copy'
[DEBUG]   Player 3 (Hybrid Champion) choosing card:
[DEBUG]     Remaining hand (4 cards): ['8D', '7D', '7H', '10D']
[DEBUG]     Legal cards (3): ['8D', '7D', '10D']
[DEBUG]     Current trick: 3 cards played
[DEBUG]     Lead suit: D
[DEBUG]     Trump suit: D
[DEBUG]     Hybrid agent selected card: 10D (method: hybrid)
[DEBUG]     Confidence: 0.660
[DEBUG]     Reasoning: Hybrid card: Belief(10D, 0.600) vs ISMCTS(10D, 0.720)
[DEBUG]     Updating belief model with new information:
[DEBUG]       Action: card_played
[DEBUG]       Belief model update failed: 'Trick' object has no attribute 'copy'
Trick 5 order: P0:QD, P1:JD, P2:KD, P3:10D
Player 1 won the hand: 4 points


[DEBUG]   Player 1 (Hybrid Expert) choosing card:
[DEBUG]     Remaining hand (3 cards): ['10H', '9D', 'AH']
[DEBUG]     Legal cards (3): ['10H', '9D', 'AH']
[DEBUG]     Current trick: 0 cards played
[DEBUG]     Trump suit: D
[DEBUG]     Hybrid agent selected card: 9D (method: hybrid)
[DEBUG]     Confidence: 0.770
[DEBUG]     Reasoning: Hybrid card: Belief(9D, 0.700) vs ISMCTS(9D, 0.840)
[DEBUG]     Updating belief model with new information:
[DEBUG]       Action: card_played
[DEBUG]       Belief model update failed: 'Trick' object has no attribute 'copy'
[DEBUG]   Player 2 (Hybrid Pro) choosing card:
[DEBUG]     Remaining hand (3 cards): ['KS', '7S', 'QS']
[DEBUG]     Legal cards (3): ['KS', '7S', 'QS']
[DEBUG]     Current trick: 1 cards played
[DEBUG]     Lead suit: D
[DEBUG]     Trump suit: D
[DEBUG]     Hybrid agent selected card: KS (method: hybrid)
[DEBUG]     Confidence: 0.550
[DEBUG]     Reasoning: Hybrid card: Belief(KS, 0.500) vs ISMCTS(KS, 0.600)
[DEBUG]     Updating belief model with new information:
[DEBUG]       Action: card_played
[DEBUG]       Belief model update failed: 'Trick' object has no attribute 'copy'
[DEBUG]   Player 3 (Hybrid Champion) choosing card:
[DEBUG]     Remaining hand (3 cards): ['8D', '7D', '7H']
[DEBUG]     Legal cards (2): ['8D', '7D']
[DEBUG]     Current trick: 2 cards played
[DEBUG]     Lead suit: D
[DEBUG]     Trump suit: D
[DEBUG]     Hybrid agent selected card: 8D (method: hybrid)
[DEBUG]     Confidence: 0.550
[DEBUG]     Reasoning: Hybrid card: Belief(8D, 0.500) vs ISMCTS(8D, 0.600)
[DEBUG]     Updating belief model with new information:
[DEBUG]       Action: card_played
[DEBUG]       Belief model update failed: 'Trick' object has no attribute 'copy'
[DEBUG]   Player 0 (Hybrid Master) choosing card:
[DEBUG]     Remaining hand (3 cards): ['QC', 'QH', '8H']
[DEBUG]     Legal cards (3): ['QC', 'QH', '8H']
[DEBUG]     Current trick: 3 cards played
[DEBUG]     Lead suit: D
[DEBUG]     Trump suit: D
[DEBUG]     Hybrid agent selected card: QC (method: hybrid)
[DEBUG]     Confidence: 0.550
[DEBUG]     Reasoning: Hybrid card: Belief(QC, 0.500) vs ISMCTS(QC, 0.600)
[DEBUG]     Updating belief model with new information:
[DEBUG]       Action: card_played
[DEBUG]       Belief model update failed: 'Trick' object has no attribute 'copy'
Trick 6 order: P1:9D, P2:KS, P3:8D, P0:QC
Player 1 won the hand: 2 points


[DEBUG]   Player 1 (Hybrid Expert) choosing card:
[DEBUG]     Remaining hand (2 cards): ['10H', 'AH']
[DEBUG]     Legal cards (2): ['10H', 'AH']
[DEBUG]     Current trick: 0 cards played
[DEBUG]     Trump suit: D
[DEBUG]     Hybrid agent selected card: 10H (method: ismcts)
[DEBUG]     Confidence: 0.660
[DEBUG]     Reasoning: Card evaluation score: 1.000
[DEBUG]     Updating belief model with new information:
[DEBUG]       Action: card_played
[DEBUG]       Belief model update failed: 'Trick' object has no attribute 'copy'
[DEBUG]   Player 2 (Hybrid Pro) choosing card:
[DEBUG]     Remaining hand (2 cards): ['7S', 'QS']
[DEBUG]     Legal cards (2): ['7S', 'QS']
[DEBUG]     Current trick: 1 cards played
[DEBUG]     Lead suit: H
[DEBUG]     Trump suit: D
[DEBUG]     Hybrid agent selected card: 7S (method: ismcts)
[DEBUG]     Confidence: 0.600
[DEBUG]     Reasoning: Card evaluation score: 0.000
[DEBUG]     Updating belief model with new information:
[DEBUG]       Action: card_played
[DEBUG]       Belief model update failed: 'Trick' object has no attribute 'copy'
[DEBUG]   Player 3 (Hybrid Champion) choosing card:
[DEBUG]     Remaining hand (2 cards): ['7D', '7H']
[DEBUG]     Legal cards (1): ['7H']
[DEBUG]     Current trick: 2 cards played
[DEBUG]     Lead suit: H
[DEBUG]     Trump suit: D
[DEBUG]     Hybrid agent selected card: 7H (method: ismcts)
[DEBUG]     Confidence: 0.600
[DEBUG]     Reasoning: Card evaluation score: 0.000
[DEBUG]     Updating belief model with new information:
[DEBUG]       Action: card_played
[DEBUG]       Belief model update failed: 'Trick' object has no attribute 'copy'
[DEBUG]   Player 0 (Hybrid Master) choosing card:
[DEBUG]     Remaining hand (2 cards): ['QH', '8H']
[DEBUG]     Legal cards (2): ['QH', '8H']
[DEBUG]     Current trick: 3 cards played
[DEBUG]     Lead suit: H
[DEBUG]     Trump suit: D
[DEBUG]     Hybrid agent selected card: QH (method: ismcts)
[DEBUG]     Confidence: 0.600
[DEBUG]     Reasoning: Card evaluation score: 0.000
[DEBUG]     Updating belief model with new information:
[DEBUG]       Action: card_played
[DEBUG]       Belief model update failed: 'Trick' object has no attribute 'copy'
Trick 7 order: P1:10H, P2:7S, P3:7H, P0:QH
Player 1 won the hand: 1 points


[DEBUG]   Player 1 (Hybrid Expert) choosing card:
[DEBUG]     Remaining hand (1 cards): ['AH']
[DEBUG]     Legal cards (1): ['AH']
[DEBUG]     Current trick: 0 cards played
[DEBUG]     Trump suit: D
[DEBUG]     Hybrid agent selected card: AH (method: ismcts)
[DEBUG]     Confidence: 0.660
[DEBUG]     Reasoning: Card evaluation score: 1.000
[DEBUG]     Updating belief model with new information:
[DEBUG]       Action: card_played
[DEBUG]       Belief model update failed: 'Trick' object has no attribute 'copy'
[DEBUG]   Player 2 (Hybrid Pro) choosing card:
[DEBUG]     Remaining hand (1 cards): ['QS']
[DEBUG]     Legal cards (1): ['QS']
[DEBUG]     Current trick: 1 cards played
[DEBUG]     Lead suit: H
[DEBUG]     Trump suit: D
[DEBUG]     Hybrid agent selected card: QS (method: ismcts)
[DEBUG]     Confidence: 0.600
[DEBUG]     Reasoning: Card evaluation score: 0.000
[DEBUG]     Updating belief model with new information:
[DEBUG]       Action: card_played
[DEBUG]       Belief model update failed: 'Trick' object has no attribute 'copy'
[DEBUG]   Player 3 (Hybrid Champion) choosing card:
[DEBUG]     Remaining hand (1 cards): ['7D']
[DEBUG]     Legal cards (1): ['7D']
[DEBUG]     Current trick: 2 cards played
[DEBUG]     Lead suit: H
[DEBUG]     Trump suit: D
[DEBUG]     Hybrid agent selected card: 7D (method: ismcts)
[DEBUG]     Confidence: 0.600
[DEBUG]     Reasoning: Card evaluation score: 0.000
[DEBUG]     Updating belief model with new information:
[DEBUG]       Action: card_played
[DEBUG]       Belief model update failed: 'Trick' object has no attribute 'copy'
[DEBUG]   Player 0 (Hybrid Master) choosing card:
[DEBUG]     Remaining hand (1 cards): ['8H']
[DEBUG]     Legal cards (1): ['8H']
[DEBUG]     Current trick: 3 cards played
[DEBUG]     Lead suit: H
[DEBUG]     Trump suit: D
[DEBUG]     Hybrid agent selected card: 8H (method: ismcts)
[DEBUG]     Confidence: 0.600
[DEBUG]     Reasoning: Card evaluation score: 0.000
[DEBUG]     Updating belief model with new information:
[DEBUG]       Action: card_played
[DEBUG]       Belief model update failed: 'Trick' object has no attribute 'copy'
Trick 8 order: P1:AH, P2:QS, P3:7D, P0:8H
Player 3 won the hand: 1 points


=== GAME SUMMARY ===
Team A (Players 0 & 2): 5 points
Team B (Players 1 & 3): 23 points
Bidder: Player 3 (Team B)
Winning Bid: 16
Bid Success: YES
Game Winner: Team B (Players 1 & 3)
Total Tricks: 8