
===== GAME 248 (20250830_115135_158) =====
Player 0 initial hand (bidding): ['9H', '8C', 'KS', '7S']
Player 1 initial hand (bidding): ['9S', '10D', '10H', '8D']
Player 2 initial hand (bidding): ['7D', 'AH', '10C', 'QC']
Player 3 initial hand (bidding): ['JS', '7C', 'AS', 'KD']

===== AUCTION =====
[DEBUG] BIDDING ANALYSIS - Player 0 (Hybrid Agent 0)
[DEBUG]   Bidding hand: ['9H', '8C', 'KS', '7S']
[DEBUG]   Hand strength: 0.071
[DEBUG]   Current bid: 16
[DEBUG]   Present suits: ['C', 'H', 'S']
[DEBUG]   Point prediction: 4.9 points
[DEBUG]     Updated beliefs for current game state
[DEBUG]     Game phase: GamePhase.BIDDING
[DEBUG]     Current trick: 0 cards
[DEBUG]     Completed tricks: 0

=== RAW OUTPUT: Belief Model Outputs - Player 0 ===
{'phase': 'GamePhase.BIDDING', 'trump_suit_probs': [0.0, 1.0, 0.0, 0.0], 'uncertainty': 0.0, 'void_suits': {1: [0.0, 1.0, 1.0, 1.0], 2: [0.0, 1.0, 1.0, 1.0], 3: [0.0, 1.0, 1.0, 1.0]}, 'opponent_hand_probs': {1: [0.0, 0.0, 0.0, 0.0714285746216774, 0.0714285746216774, 0.0, 0.0, 0.0714285746216774, 0.0714285746216774, 0.0714285746216774, 0.0714285746216774, 0.0, 0.0714285746216774, 0.0, 0.0, 0.0714285746216774, 0.0, 0.0, 0.0, 0.0714285746216774, 0.0714285746216774, 0.0, 0.0, 0.0714285746216774, 0.0, 0.0714285746216774, 0.0, 0.0, 0.0, 0.0714285746216774, 0.0, 0.0714285746216774], 2: [0.0, 0.0, 0.0, 0.0714285746216774, 0.0714285746216774, 0.0, 0.0, 0.0714285746216774, 0.0714285746216774, 0.0714285746216774, 0.0714285746216774, 0.0, 0.0714285746216774, 0.0, 0.0, 0.0714285746216774, 0.0, 0.0, 0.0, 0.0714285746216774, 0.0714285746216774, 0.0, 0.0, 0.0714285746216774, 0.0, 0.0714285746216774, 0.0, 0.0, 0.0, 0.0714285746216774, 0.0, 0.0714285746216774], 3: [0.0, 0.0, 0.0, 0.0714285746216774, 0.0714285746216774, 0.0, 0.0, 0.0714285746216774, 0.0714285746216774, 0.0714285746216774, 0.0714285746216774, 0.0, 0.0714285746216774, 0.0, 0.0, 0.0714285746216774, 0.0, 0.0, 0.0, 0.0714285746216774, 0.0714285746216774, 0.0, 0.0, 0.0714285746216774, 0.0, 0.0714285746216774, 0.0, 0.0, 0.0, 0.0714285746216774, 0.0, 0.0714285746216774]}}
==================================================
[DEBUG]   Trump Analysis:
[DEBUG]     Probabilities: [0. 1. 0. 0.]
[DEBUG]     Predicted trump: D
[DEBUG]     Confidence: 1.0000
[DEBUG]   Opponent Strength Analysis:
[DEBUG]     Opponent 1: 0.0434
[DEBUG]     Opponent 2: 0.0434
[DEBUG]     Opponent 3: 0.0434
[DEBUG]   Void Suit Analysis:
[DEBUG]     Opponent 1 void in: ['D', 'C', 'S']
[DEBUG]     Opponent 2 void in: ['D', 'C', 'S']
[DEBUG]     Opponent 3 void in: ['D', 'C', 'S']
[DEBUG]   Uncertainty: 0.0000
[DEBUG]     Strategy: Smart ISMCTS + Belief Model Bidding
[DEBUG]     Using ISMCTS for strategic bidding decision
[DEBUG]     Running ISMCTS with 1000 simulations...
[DEBUG]     ISMCTS completed, best action: 17
Bid: Player 0 proposes 17 (min_allowed=17) – hand_strength=0.071
[DEBUG] BIDDING ANALYSIS - Player 1 (Hybrid Agent 1)
[DEBUG]   Bidding hand: ['9S', '10D', '10H', '8D']
[DEBUG]   Hand strength: 0.143
[DEBUG]   Current bid: 17
[DEBUG]   Present suits: ['D', 'H', 'S']
[DEBUG]   Point prediction: 7.4 points
[DEBUG]     Updated beliefs for current game state
[DEBUG]     Game phase: GamePhase.BIDDING
[DEBUG]     Current trick: 0 cards
[DEBUG]     Completed tricks: 0

=== RAW OUTPUT: Belief Model Outputs - Player 1 ===
{'phase': 'GamePhase.BIDDING', 'trump_suit_probs': [0.0, 1.0, 0.0, 0.0], 'uncertainty': 0.0, 'void_suits': {0: [0.0, 1.0, 1.0, 1.0], 2: [0.0, 1.0, 1.0, 1.0], 3: [0.0, 1.0, 1.0, 1.0]}, 'opponent_hand_probs': {0: [0.0, 0.0, 0.06666667014360428, 0.0, 0.06666667014360428, 0.0, 0.0, 0.06666667014360428, 0.06666667014360428, 0.0, 0.06666667014360428, 0.0, 0.06666667014360428, 0.0, 0.0, 0.06666667014360428, 0.0, 0.06666667014360428, 0.0, 0.06666667014360428, 0.06666667014360428, 0.0, 0.0, 0.06666667014360428, 0.0, 0.06666667014360428, 0.0, 0.0, 0.0, 0.06666667014360428, 0.06666667014360428, 0.06666667014360428], 2: [0.0, 0.0, 0.06666667014360428, 0.0, 0.06666667014360428, 0.0, 0.0, 0.06666667014360428, 0.06666667014360428, 0.0, 0.06666667014360428, 0.0, 0.06666667014360428, 0.0, 0.0, 0.06666667014360428, 0.0, 0.06666667014360428, 0.0, 0.06666667014360428, 0.06666667014360428, 0.0, 0.0, 0.06666667014360428, 0.0, 0.06666667014360428, 0.0, 0.0, 0.0, 0.06666667014360428, 0.06666667014360428, 0.06666667014360428], 3: [0.0, 0.0, 0.06666667014360428, 0.0, 0.06666667014360428, 0.0, 0.0, 0.06666667014360428, 0.06666667014360428, 0.0, 0.06666667014360428, 0.0, 0.06666667014360428, 0.0, 0.0, 0.06666667014360428, 0.0, 0.06666667014360428, 0.0, 0.06666667014360428, 0.06666667014360428, 0.0, 0.0, 0.06666667014360428, 0.0, 0.06666667014360428, 0.0, 0.0, 0.0, 0.06666667014360428, 0.06666667014360428, 0.06666667014360428]}}
==================================================
[DEBUG]   Trump Analysis:
[DEBUG]     Probabilities: [0. 1. 0. 0.]
[DEBUG]     Predicted trump: D
[DEBUG]     Confidence: 1.0000
[DEBUG]   Opponent Strength Analysis:
[DEBUG]     Opponent 0: 0.0429
[DEBUG]     Opponent 2: 0.0429
[DEBUG]     Opponent 3: 0.0429
[DEBUG]   Void Suit Analysis:
[DEBUG]     Opponent 0 void in: ['D', 'C', 'S']
[DEBUG]     Opponent 2 void in: ['D', 'C', 'S']
[DEBUG]     Opponent 3 void in: ['D', 'C', 'S']
[DEBUG]   Uncertainty: 0.0000
[DEBUG]     Strategy: Smart ISMCTS + Belief Model Bidding
[DEBUG]     Using ISMCTS for strategic bidding decision
[DEBUG]     Running ISMCTS with 1000 simulations...
[DEBUG]     ISMCTS completed, best action: 17
Pass: Player 1 (min_allowed=18)
[DEBUG] BIDDING ANALYSIS - Player 2 (Hybrid Agent 2)
[DEBUG]   Bidding hand: ['7D', 'AH', '10C', 'QC']
[DEBUG]   Hand strength: 0.071
[DEBUG]   Current bid: 17
[DEBUG]   Present suits: ['C', 'H', 'D']
[DEBUG]   Point prediction: 6.4 points
[DEBUG]     Updated beliefs for current game state
[DEBUG]     Game phase: GamePhase.BIDDING
[DEBUG]     Current trick: 0 cards
[DEBUG]     Completed tricks: 0

=== RAW OUTPUT: Belief Model Outputs - Player 2 ===
{'phase': 'GamePhase.BIDDING', 'trump_suit_probs': [0.0, 1.0, 0.0, 0.0], 'uncertainty': 0.0, 'void_suits': {0: [0.0, 1.0, 1.0, 1.0], 1: [0.0, 1.0, 1.0, 1.0], 3: [0.0, 1.0, 1.0, 1.0]}, 'opponent_hand_probs': {0: [0.0, 0.0, 0.0714285746216774, 0.0714285746216774, 0.0714285746216774, 0.0, 0.0, 0.0, 0.0, 0.0714285746216774, 0.0714285746216774, 0.0, 0.0714285746216774, 0.0, 0.0, 0.0714285746216774, 0.0, 0.0714285746216774, 0.0, 0.0, 0.0714285746216774, 0.0, 0.0, 0.0714285746216774, 0.0, 0.0714285746216774, 0.0, 0.0, 0.0, 0.0714285746216774, 0.0714285746216774, 0.0714285746216774], 1: [0.0, 0.0, 0.0714285746216774, 0.0714285746216774, 0.0714285746216774, 0.0, 0.0, 0.0, 0.0, 0.0714285746216774, 0.0714285746216774, 0.0, 0.0714285746216774, 0.0, 0.0, 0.0714285746216774, 0.0, 0.0714285746216774, 0.0, 0.0, 0.0714285746216774, 0.0, 0.0, 0.0714285746216774, 0.0, 0.0714285746216774, 0.0, 0.0, 0.0, 0.0714285746216774, 0.0714285746216774, 0.0714285746216774], 3: [0.0, 0.0, 0.0714285746216774, 0.0714285746216774, 0.0714285746216774, 0.0, 0.0, 0.0, 0.0, 0.0714285746216774, 0.0714285746216774, 0.0, 0.0714285746216774, 0.0, 0.0, 0.0714285746216774, 0.0, 0.0714285746216774, 0.0, 0.0, 0.0714285746216774, 0.0, 0.0, 0.0714285746216774, 0.0, 0.0714285746216774, 0.0, 0.0, 0.0, 0.0714285746216774, 0.0714285746216774, 0.0714285746216774]}}
==================================================
[DEBUG]   Trump Analysis:
[DEBUG]     Probabilities: [0. 1. 0. 0.]
[DEBUG]     Predicted trump: D
[DEBUG]     Confidence: 1.0000
[DEBUG]   Opponent Strength Analysis:
[DEBUG]     Opponent 0: 0.0434
[DEBUG]     Opponent 1: 0.0434
[DEBUG]     Opponent 3: 0.0434
[DEBUG]   Void Suit Analysis:
[DEBUG]     Opponent 0 void in: ['D', 'C', 'S']
[DEBUG]     Opponent 1 void in: ['D', 'C', 'S']
[DEBUG]     Opponent 3 void in: ['D', 'C', 'S']
[DEBUG]   Uncertainty: 0.0000
[DEBUG]     Strategy: Smart ISMCTS + Belief Model Bidding
[DEBUG]     Using ISMCTS for strategic bidding decision
[DEBUG]     Running ISMCTS with 1000 simulations...
[DEBUG]     ISMCTS completed, best action: 17
Pass: Player 2 (min_allowed=18)
[DEBUG] BIDDING ANALYSIS - Player 3 (Hybrid Agent 3)
[DEBUG]   Bidding hand: ['JS', '7C', 'AS', 'KD']
[DEBUG]   Hand strength: 0.143
[DEBUG]   Current bid: 17
[DEBUG]   Present suits: ['C', 'D', 'S']
[DEBUG]   Point prediction: 5.3 points
[DEBUG]     Updated beliefs for current game state
[DEBUG]     Game phase: GamePhase.BIDDING
[DEBUG]     Current trick: 0 cards
[DEBUG]     Completed tricks: 0

=== RAW OUTPUT: Belief Model Outputs - Player 3 ===
{'phase': 'GamePhase.BIDDING', 'trump_suit_probs': [0.0, 1.0, 0.0, 0.0], 'uncertainty': 0.0, 'void_suits': {0: [0.0, 1.0, 1.0, 1.0], 1: [0.0, 1.0, 1.0, 1.0], 2: [0.0, 1.0, 1.0, 1.0]}, 'opponent_hand_probs': {0: [0.0, 0.0, 0.0625, 0.0625, 0.0625, 0.0, 0.0, 0.0625, 0.0625, 0.0625, 0.0625, 0.0, 0.0625, 0.0, 0.0, 0.0625, 0.0, 0.0625, 0.0, 0.0625, 0.0625, 0.0, 0.0, 0.0625, 0.0, 0.0625, 0.0, 0.0, 0.0, 0.0625, 0.0625, 0.0], 1: [0.0, 0.0, 0.0625, 0.0625, 0.0625, 0.0, 0.0, 0.0625, 0.0625, 0.0625, 0.0625, 0.0, 0.0625, 0.0, 0.0, 0.0625, 0.0, 0.0625, 0.0, 0.0625, 0.0625, 0.0, 0.0, 0.0625, 0.0, 0.0625, 0.0, 0.0, 0.0, 0.0625, 0.0625, 0.0], 2: [0.0, 0.0, 0.0625, 0.0625, 0.0625, 0.0, 0.0, 0.0625, 0.0625, 0.0625, 0.0625, 0.0, 0.0625, 0.0, 0.0, 0.0625, 0.0, 0.0625, 0.0, 0.0625, 0.0625, 0.0, 0.0, 0.0625, 0.0, 0.0625, 0.0, 0.0, 0.0, 0.0625, 0.0625, 0.0]}}
==================================================
[DEBUG]   Trump Analysis:
[DEBUG]     Probabilities: [0. 1. 0. 0.]
[DEBUG]     Predicted trump: D
[DEBUG]     Confidence: 1.0000
[DEBUG]   Opponent Strength Analysis:
[DEBUG]     Opponent 0: 0.0402
[DEBUG]     Opponent 1: 0.0402
[DEBUG]     Opponent 2: 0.0402
[DEBUG]   Void Suit Analysis:
[DEBUG]     Opponent 0 void in: ['D', 'C', 'S']
[DEBUG]     Opponent 1 void in: ['D', 'C', 'S']
[DEBUG]     Opponent 2 void in: ['D', 'C', 'S']
[DEBUG]   Uncertainty: 0.0000
[DEBUG]     Strategy: Smart ISMCTS + Belief Model Bidding
[DEBUG]     Using ISMCTS for strategic bidding decision
[DEBUG]     Running ISMCTS with 1000 simulations...
[DEBUG]     ISMCTS completed, best action: 17
Pass: Player 3 (min_allowed=18)
Auction winner: Player 0 with bid 17
[DEBUG] TRUMP SELECTION - Player 0 (Hybrid Agent 0)
[DEBUG]   Hand: ['9H', '8C', 'KS', '7S']
[DEBUG]   Hybrid agent selected trump: D (method: belief_model)
[DEBUG]   Confidence: 1.000
[DEBUG]   Reasoning: Trump probabilities: {'H': np.float32(0.0), 'D': np.float32(1.0), 'C': np.float32(0.0), 'S': np.float32(0.0)}
[DEBUG]     Updating belief model with new information:
[DEBUG]       Action: trump_revealed
[DEBUG]         Trump suit set to D
[DEBUG]       Belief model updated successfully
Bidder sets concealed trump suit: D
Phase: concealed, bidder concealed card: [face-down trump]

Full hands (8 cards each):
Player 0 full hand: ['9H', '8C', 'KS', '7S', '10S', 'AD', '8S', 'JH']
Player 1 full hand: ['9S', '10D', '10H', '8D', 'JD', 'QS', 'KC', 'JC']
Player 2 full hand: ['7D', 'AH', '10C', 'QC', 'AC', 'KH', '9C', '7H']
Player 3 full hand: ['JS', '7C', 'AS', 'KD', '8H', 'QH', 'QD', '9D']

Player 0 (auction 4 cards): ['9H', '8C', 'KS', '7S']
Player 1 (auction 4 cards): ['9S', '10D', '10H', '8D']
Player 2 (auction 4 cards): ['7D', 'AH', '10C', 'QC']
Player 3 (auction 4 cards): ['JS', '7C', 'AS', 'KD']
Auction winner (bidder): Player 0 with bid 17
Bidder sets concealed trump suit: D
Phase: concealed, bidder concealed card: [face-down trump]

[DEBUG]   Player 0 (Hybrid Agent 0) choosing card:
[DEBUG]     Remaining hand (8 cards): ['9H', '8C', 'KS', '7S', '10S', 'AD', '8S', 'JH']
[DEBUG]     Legal cards (7): ['9H', '8C', 'KS', '7S', '10S', '8S', 'JH']
[DEBUG]     Current trick: 0 cards played
[DEBUG]     Trump suit: D
[DEBUG]     Hybrid agent selected card: JH (method: belief_model)
[DEBUG]     Confidence: 0.650
[DEBUG]     Reasoning: Card evaluation score: 3.000
[DEBUG]     Updating belief model with new information:
[DEBUG]       Action: card_played
[DEBUG]       Belief model updated successfully
[DEBUG]   Player 1 (Hybrid Agent 1) choosing card:
[DEBUG]     Remaining hand (8 cards): ['9S', '10D', '10H', '8D', 'JD', 'QS', 'KC', 'JC']
[DEBUG]     Legal cards (1): ['10H']
[DEBUG]     Current trick: 1 cards played
[DEBUG]     Lead suit: H
[DEBUG]     Trump suit: D
[DEBUG]     Hybrid agent selected card: 10H (method: belief_model)
[DEBUG]     Confidence: 0.550
[DEBUG]     Reasoning: Card evaluation score: 1.000
[DEBUG]     Updating belief model with new information:
[DEBUG]       Action: card_played
[DEBUG]       Belief model updated successfully
[DEBUG]   Player 2 (Hybrid Agent 2) choosing card:
[DEBUG]     Remaining hand (8 cards): ['7D', 'AH', '10C', 'QC', 'AC', 'KH', '9C', '7H']
[DEBUG]     Legal cards (3): ['AH', 'KH', '7H']
[DEBUG]     Current trick: 2 cards played
[DEBUG]     Lead suit: H
[DEBUG]     Trump suit: D
[DEBUG]     Hybrid agent selected card: AH (method: belief_model)
[DEBUG]     Confidence: 0.550
[DEBUG]     Reasoning: Card evaluation score: 1.000
[DEBUG]     Updating belief model with new information:
[DEBUG]       Action: card_played
[DEBUG]       Belief model updated successfully
[DEBUG]   Player 3 (Hybrid Agent 3) choosing card:
[DEBUG]     Remaining hand (8 cards): ['JS', '7C', 'AS', 'KD', '8H', 'QH', 'QD', '9D']
[DEBUG]     Legal cards (2): ['8H', 'QH']
[DEBUG]     Current trick: 3 cards played
[DEBUG]     Lead suit: H
[DEBUG]     Trump suit: D
[DEBUG]     Hybrid agent selected card: 8H (method: belief_model)
[DEBUG]     Confidence: 0.500
[DEBUG]     Reasoning: Card evaluation score: 0.000
[DEBUG]     Updating belief model with new information:
[DEBUG]       Action: card_played
[DEBUG]       Belief model updated successfully
Trick 1 order: P0:JH, P1:10H, P2:AH, P3:8H
Player 0 won the hand: 5 points


[DEBUG]   Player 0 (Hybrid Agent 0) choosing card:
[DEBUG]     Remaining hand (7 cards): ['9H', '8C', 'KS', '7S', '10S', 'AD', '8S']
[DEBUG]     Legal cards (6): ['9H', '8C', 'KS', '7S', '10S', '8S']
[DEBUG]     Current trick: 0 cards played
[DEBUG]     Trump suit: D
[DEBUG]     Hybrid agent selected card: 9H (method: belief_model)
[DEBUG]     Confidence: 0.600
[DEBUG]     Reasoning: Card evaluation score: 2.000
[DEBUG]     Updating belief model with new information:
[DEBUG]       Action: card_played
[DEBUG]       Belief model updated successfully
[DEBUG]   Player 1 (Hybrid Agent 1) choosing card:
[DEBUG]     Remaining hand (7 cards): ['9S', '10D', '8D', 'JD', 'QS', 'KC', 'JC']
[DEBUG]     Legal cards (7): ['9S', '10D', '8D', 'JD', 'QS', 'KC', 'JC']
[DEBUG]     Current trick: 1 cards played
[DEBUG]     Lead suit: H
[DEBUG]     Trump suit: D
[DEBUG]     Hybrid agent selected card: JD (method: belief_model)
[DEBUG]     Confidence: 0.800
[DEBUG]     Reasoning: Card evaluation score: 6.000
[DEBUG]     Updating belief model with new information:
[DEBUG]       Action: card_played
[DEBUG]         Trump revealed! Phase updated to REVEALED
[DEBUG]         Player 1 void in H (played D)
[DEBUG]       Belief model updated successfully
-- Phase 2 begins: Trump revealed as D by Player 1 on trick 2 --
[DEBUG] TRUMP REVEALED!
[DEBUG]   Player 1 revealed trump D
[DEBUG]   Trick number: 2
[DEBUG]   Card played: JD
[DEBUG]   Game phase changed from CONCEALED to REVEALED
[DEBUG]   Player 2 (Hybrid Agent 2) choosing card:
[DEBUG]     Remaining hand (7 cards): ['7D', '10C', 'QC', 'AC', 'KH', '9C', '7H']
[DEBUG]     Legal cards (2): ['KH', '7H']
[DEBUG]     Current trick: 2 cards played
[DEBUG]     Lead suit: H
[DEBUG]     Trump suit: D
[DEBUG]     Hybrid agent selected card: KH (method: belief_model)
[DEBUG]     Confidence: 0.500
[DEBUG]     Reasoning: Card evaluation score: 0.000
[DEBUG]     Updating belief model with new information:
[DEBUG]       Action: card_played
[DEBUG]       Belief model updated successfully
[DEBUG]   Player 3 (Hybrid Agent 3) choosing card:
[DEBUG]     Remaining hand (7 cards): ['JS', '7C', 'AS', 'KD', 'QH', 'QD', '9D']
[DEBUG]     Legal cards (1): ['QH']
[DEBUG]     Current trick: 3 cards played
[DEBUG]     Lead suit: H
[DEBUG]     Trump suit: D
[DEBUG]     Hybrid agent selected card: QH (method: belief_model)
[DEBUG]     Confidence: 0.500
[DEBUG]     Reasoning: Card evaluation score: 0.000
[DEBUG]     Updating belief model with new information:
[DEBUG]       Action: card_played
[DEBUG]       Belief model updated successfully
Trick 2 order: P0:9H, P1:JD, P2:KH, P3:QH
Player 1 won the hand: 5 points


[DEBUG]   Player 1 (Hybrid Agent 1) choosing card:
[DEBUG]     Remaining hand (6 cards): ['9S', '10D', '8D', 'QS', 'KC', 'JC']
[DEBUG]     Legal cards (6): ['9S', '10D', '8D', 'QS', 'KC', 'JC']
[DEBUG]     Current trick: 0 cards played
[DEBUG]     Trump suit: D
[DEBUG]     Hybrid agent selected card: JC (method: belief_model)
[DEBUG]     Confidence: 0.650
[DEBUG]     Reasoning: Card evaluation score: 3.000
[DEBUG]     Updating belief model with new information:
[DEBUG]       Action: card_played
[DEBUG]       Belief model updated successfully
[DEBUG]   Player 2 (Hybrid Agent 2) choosing card:
[DEBUG]     Remaining hand (6 cards): ['7D', '10C', 'QC', 'AC', '9C', '7H']
[DEBUG]     Legal cards (4): ['10C', 'QC', 'AC', '9C']
[DEBUG]     Current trick: 1 cards played
[DEBUG]     Lead suit: C
[DEBUG]     Trump suit: D
[DEBUG]     Hybrid agent selected card: 9C (method: belief_model)
[DEBUG]     Confidence: 0.600
[DEBUG]     Reasoning: Card evaluation score: 2.000
[DEBUG]     Updating belief model with new information:
[DEBUG]       Action: card_played
[DEBUG]       Belief model updated successfully
[DEBUG]   Player 3 (Hybrid Agent 3) choosing card:
[DEBUG]     Remaining hand (6 cards): ['JS', '7C', 'AS', 'KD', 'QD', '9D']
[DEBUG]     Legal cards (1): ['7C']
[DEBUG]     Current trick: 2 cards played
[DEBUG]     Lead suit: C
[DEBUG]     Trump suit: D
[DEBUG]     Hybrid agent selected card: 7C (method: belief_model)
[DEBUG]     Confidence: 0.500
[DEBUG]     Reasoning: Card evaluation score: 0.000
[DEBUG]     Updating belief model with new information:
[DEBUG]       Action: card_played
[DEBUG]       Belief model updated successfully
[DEBUG]   Player 0 (Hybrid Agent 0) choosing card:
[DEBUG]     Remaining hand (6 cards): ['8C', 'KS', '7S', '10S', 'AD', '8S']
[DEBUG]     Legal cards (1): ['8C']
[DEBUG]     Current trick: 3 cards played
[DEBUG]     Lead suit: C
[DEBUG]     Trump suit: D
[DEBUG]     Hybrid agent selected card: 8C (method: belief_model)
[DEBUG]     Confidence: 0.500
[DEBUG]     Reasoning: Card evaluation score: 0.000
[DEBUG]     Updating belief model with new information:
[DEBUG]       Action: card_played
[DEBUG]       Belief model updated successfully
Trick 3 order: P1:JC, P2:9C, P3:7C, P0:8C
Player 1 won the hand: 5 points


[DEBUG]   Player 1 (Hybrid Agent 1) choosing card:
[DEBUG]     Remaining hand (5 cards): ['9S', '10D', '8D', 'QS', 'KC']
[DEBUG]     Legal cards (5): ['9S', '10D', '8D', 'QS', 'KC']
[DEBUG]     Current trick: 0 cards played
[DEBUG]     Trump suit: D
[DEBUG]     Hybrid agent selected card: 9S (method: hybrid)
[DEBUG]     Confidence: 0.660
[DEBUG]     Reasoning: Hybrid card: Belief(9S, 0.600) vs ISMCTS(9S, 0.720)
[DEBUG]     Updating belief model with new information:
[DEBUG]       Action: card_played
[DEBUG]       Belief model updated successfully
[DEBUG]   Player 2 (Hybrid Agent 2) choosing card:
[DEBUG]     Remaining hand (5 cards): ['7D', '10C', 'QC', 'AC', '7H']
[DEBUG]     Legal cards (5): ['7D', '10C', 'QC', 'AC', '7H']
[DEBUG]     Current trick: 1 cards played
[DEBUG]     Lead suit: S
[DEBUG]     Trump suit: D
[DEBUG]     Hybrid agent selected card: 10C (method: hybrid)
[DEBUG]     Confidence: 0.605
[DEBUG]     Reasoning: Hybrid card: Belief(10C, 0.550) vs ISMCTS(10C, 0.660)
[DEBUG]     Updating belief model with new information:
[DEBUG]       Action: card_played
[DEBUG]         Player 2 void in S (played C)
[DEBUG]       Belief model updated successfully
[DEBUG]   Player 3 (Hybrid Agent 3) choosing card:
[DEBUG]     Remaining hand (5 cards): ['JS', 'AS', 'KD', 'QD', '9D']
[DEBUG]     Legal cards (2): ['JS', 'AS']
[DEBUG]     Current trick: 2 cards played
[DEBUG]     Lead suit: S
[DEBUG]     Trump suit: D
[DEBUG]     Hybrid agent selected card: JS (method: hybrid)
[DEBUG]     Confidence: 0.925
[DEBUG]     Reasoning: Hybrid card: Belief(JS, 0.900) vs ISMCTS(JS, 0.950)
[DEBUG]     Updating belief model with new information:
[DEBUG]       Action: card_played
[DEBUG]       Belief model updated successfully
[DEBUG]   Player 0 (Hybrid Agent 0) choosing card:
[DEBUG]     Remaining hand (5 cards): ['KS', '7S', '10S', 'AD', '8S']
[DEBUG]     Legal cards (4): ['KS', '7S', '10S', '8S']
[DEBUG]     Current trick: 3 cards played
[DEBUG]     Lead suit: S
[DEBUG]     Trump suit: D
[DEBUG]     Hybrid agent selected card: 10S (method: hybrid)
[DEBUG]     Confidence: 0.605
[DEBUG]     Reasoning: Hybrid card: Belief(10S, 0.550) vs ISMCTS(10S, 0.660)
[DEBUG]     Updating belief model with new information:
[DEBUG]       Action: card_played
[DEBUG]       Belief model updated successfully
Trick 4 order: P1:9S, P2:10C, P3:JS, P0:10S
Player 3 won the hand: 7 points


[DEBUG]   Player 3 (Hybrid Agent 3) choosing card:
[DEBUG]     Remaining hand (4 cards): ['AS', 'KD', 'QD', '9D']
[DEBUG]     Legal cards (4): ['AS', 'KD', 'QD', '9D']
[DEBUG]     Current trick: 0 cards played
[DEBUG]     Trump suit: D
[DEBUG]     Hybrid agent selected card: 9D (method: hybrid)
[DEBUG]     Confidence: 0.770
[DEBUG]     Reasoning: Hybrid card: Belief(9D, 0.700) vs ISMCTS(9D, 0.840)
[DEBUG]     Updating belief model with new information:
[DEBUG]       Action: card_played
[DEBUG]       Belief model updated successfully
[DEBUG]   Player 0 (Hybrid Agent 0) choosing card:
[DEBUG]     Remaining hand (4 cards): ['KS', '7S', 'AD', '8S']
[DEBUG]     Legal cards (1): ['AD']
[DEBUG]     Current trick: 1 cards played
[DEBUG]     Lead suit: D
[DEBUG]     Trump suit: D
[DEBUG]     Hybrid agent selected card: AD (method: hybrid)
[DEBUG]     Confidence: 0.660
[DEBUG]     Reasoning: Hybrid card: Belief(AD, 0.600) vs ISMCTS(AD, 0.720)
[DEBUG]     Updating belief model with new information:
[DEBUG]       Action: card_played
[DEBUG]       Belief model updated successfully
[DEBUG]   Player 1 (Hybrid Agent 1) choosing card:
[DEBUG]     Remaining hand (4 cards): ['10D', '8D', 'QS', 'KC']
[DEBUG]     Legal cards (2): ['10D', '8D']
[DEBUG]     Current trick: 2 cards played
[DEBUG]     Lead suit: D
[DEBUG]     Trump suit: D
[DEBUG]     Hybrid agent selected card: 10D (method: hybrid)
[DEBUG]     Confidence: 0.660
[DEBUG]     Reasoning: Hybrid card: Belief(10D, 0.600) vs ISMCTS(10D, 0.720)
[DEBUG]     Updating belief model with new information:
[DEBUG]       Action: card_played
[DEBUG]       Belief model updated successfully
[DEBUG]   Player 2 (Hybrid Agent 2) choosing card:
[DEBUG]     Remaining hand (4 cards): ['7D', 'QC', 'AC', '7H']
[DEBUG]     Legal cards (1): ['7D']
[DEBUG]     Current trick: 3 cards played
[DEBUG]     Lead suit: D
[DEBUG]     Trump suit: D
[DEBUG]     Hybrid agent selected card: 7D (method: hybrid)
[DEBUG]     Confidence: 0.550
[DEBUG]     Reasoning: Hybrid card: Belief(7D, 0.500) vs ISMCTS(7D, 0.600)
[DEBUG]     Updating belief model with new information:
[DEBUG]       Action: card_played
[DEBUG]       Belief model updated successfully
Trick 5 order: P3:9D, P0:AD, P1:10D, P2:7D
Player 3 won the hand: 4 points


[DEBUG]   Player 3 (Hybrid Agent 3) choosing card:
[DEBUG]     Remaining hand (3 cards): ['AS', 'KD', 'QD']
[DEBUG]     Legal cards (3): ['AS', 'KD', 'QD']
[DEBUG]     Current trick: 0 cards played
[DEBUG]     Trump suit: D
[DEBUG]     Hybrid agent selected card: AS (method: hybrid)
[DEBUG]     Confidence: 0.605
[DEBUG]     Reasoning: Hybrid card: Belief(AS, 0.550) vs ISMCTS(AS, 0.660)
[DEBUG]     Updating belief model with new information:
[DEBUG]       Action: card_played
[DEBUG]       Belief model updated successfully
[DEBUG]   Player 0 (Hybrid Agent 0) choosing card:
[DEBUG]     Remaining hand (3 cards): ['KS', '7S', '8S']
[DEBUG]     Legal cards (3): ['KS', '7S', '8S']
[DEBUG]     Current trick: 1 cards played
[DEBUG]     Lead suit: S
[DEBUG]     Trump suit: D
[DEBUG]     Hybrid agent selected card: KS (method: hybrid)
[DEBUG]     Confidence: 0.550
[DEBUG]     Reasoning: Hybrid card: Belief(KS, 0.500) vs ISMCTS(KS, 0.600)
[DEBUG]     Updating belief model with new information:
[DEBUG]       Action: card_played
[DEBUG]       Belief model updated successfully
[DEBUG]   Player 1 (Hybrid Agent 1) choosing card:
[DEBUG]     Remaining hand (3 cards): ['8D', 'QS', 'KC']
[DEBUG]     Legal cards (1): ['QS']
[DEBUG]     Current trick: 2 cards played
[DEBUG]     Lead suit: S
[DEBUG]     Trump suit: D
[DEBUG]     Hybrid agent selected card: QS (method: hybrid)
[DEBUG]     Confidence: 0.550
[DEBUG]     Reasoning: Hybrid card: Belief(QS, 0.500) vs ISMCTS(QS, 0.600)
[DEBUG]     Updating belief model with new information:
[DEBUG]       Action: card_played
[DEBUG]       Belief model updated successfully
[DEBUG]   Player 2 (Hybrid Agent 2) choosing card:
[DEBUG]     Remaining hand (3 cards): ['QC', 'AC', '7H']
[DEBUG]     Legal cards (3): ['QC', 'AC', '7H']
[DEBUG]     Current trick: 3 cards played
[DEBUG]     Lead suit: S
[DEBUG]     Trump suit: D
[DEBUG]     Hybrid agent selected card: AC (method: hybrid)
[DEBUG]     Confidence: 0.605
[DEBUG]     Reasoning: Hybrid card: Belief(AC, 0.550) vs ISMCTS(AC, 0.660)
[DEBUG]     Updating belief model with new information:
[DEBUG]       Action: card_played
[DEBUG]         Player 2 void in S (played C)
[DEBUG]       Belief model updated successfully
Trick 6 order: P3:AS, P0:KS, P1:QS, P2:AC
Player 3 won the hand: 2 points


[DEBUG]   Player 3 (Hybrid Agent 3) choosing card:
[DEBUG]     Remaining hand (2 cards): ['KD', 'QD']
[DEBUG]     Legal cards (2): ['KD', 'QD']
[DEBUG]     Current trick: 0 cards played
[DEBUG]     Trump suit: D
[DEBUG]     Hybrid agent selected card: KD (method: ismcts)
[DEBUG]     Confidence: 0.600
[DEBUG]     Reasoning: Card evaluation score: 0.000
[DEBUG]     Updating belief model with new information:
[DEBUG]       Action: card_played
[DEBUG]       Belief model updated successfully
[DEBUG]   Player 0 (Hybrid Agent 0) choosing card:
[DEBUG]     Remaining hand (2 cards): ['7S', '8S']
[DEBUG]     Legal cards (2): ['7S', '8S']
[DEBUG]     Current trick: 1 cards played
[DEBUG]     Lead suit: D
[DEBUG]     Trump suit: D
[DEBUG]     Hybrid agent selected card: 7S (method: ismcts)
[DEBUG]     Confidence: 0.600
[DEBUG]     Reasoning: Card evaluation score: 0.000
[DEBUG]     Updating belief model with new information:
[DEBUG]       Action: card_played
[DEBUG]         Player 0 void in D (played S)
[DEBUG]       Belief model updated successfully
[DEBUG]   Player 1 (Hybrid Agent 1) choosing card:
[DEBUG]     Remaining hand (2 cards): ['8D', 'KC']
[DEBUG]     Legal cards (1): ['8D']
[DEBUG]     Current trick: 2 cards played
[DEBUG]     Lead suit: D
[DEBUG]     Trump suit: D
[DEBUG]     Hybrid agent selected card: 8D (method: ismcts)
[DEBUG]     Confidence: 0.600
[DEBUG]     Reasoning: Card evaluation score: 0.000
[DEBUG]     Updating belief model with new information:
[DEBUG]       Action: card_played
[DEBUG]       Belief model updated successfully
[DEBUG]   Player 2 (Hybrid Agent 2) choosing card:
[DEBUG]     Remaining hand (2 cards): ['QC', '7H']
[DEBUG]     Legal cards (2): ['QC', '7H']
[DEBUG]     Current trick: 3 cards played
[DEBUG]     Lead suit: D
[DEBUG]     Trump suit: D
[DEBUG]     Hybrid agent selected card: QC (method: ismcts)
[DEBUG]     Confidence: 0.600
[DEBUG]     Reasoning: Card evaluation score: 0.000
[DEBUG]     Updating belief model with new information:
[DEBUG]       Action: card_played
[DEBUG]         Player 2 void in D (played C)
[DEBUG]       Belief model updated successfully
Trick 7 order: P3:KD, P0:7S, P1:8D, P2:QC
Player 3 won the hand: 0 points


[DEBUG]   Player 3 (Hybrid Agent 3) choosing card:
[DEBUG]     Remaining hand (1 cards): ['QD']
[DEBUG]     Legal cards (1): ['QD']
[DEBUG]     Current trick: 0 cards played
[DEBUG]     Trump suit: D
[DEBUG]     Hybrid agent selected card: QD (method: ismcts)
[DEBUG]     Confidence: 0.600
[DEBUG]     Reasoning: Card evaluation score: 0.000
[DEBUG]     Updating belief model with new information:
[DEBUG]       Action: card_played
[DEBUG]       Belief model updated successfully
[DEBUG]   Player 0 (Hybrid Agent 0) choosing card:
[DEBUG]     Remaining hand (1 cards): ['8S']
[DEBUG]     Legal cards (1): ['8S']
[DEBUG]     Current trick: 1 cards played
[DEBUG]     Lead suit: D
[DEBUG]     Trump suit: D
[DEBUG]     Hybrid agent selected card: 8S (method: ismcts)
[DEBUG]     Confidence: 0.600
[DEBUG]     Reasoning: Card evaluation score: 0.000
[DEBUG]     Updating belief model with new information:
[DEBUG]       Action: card_played
[DEBUG]         Player 0 void in D (played S)
[DEBUG]       Belief model updated successfully
[DEBUG]   Player 1 (Hybrid Agent 1) choosing card:
[DEBUG]     Remaining hand (1 cards): ['KC']
[DEBUG]     Legal cards (1): ['KC']
[DEBUG]     Current trick: 2 cards played
[DEBUG]     Lead suit: D
[DEBUG]     Trump suit: D
[DEBUG]     Hybrid agent selected card: KC (method: ismcts)
[DEBUG]     Confidence: 0.600
[DEBUG]     Reasoning: Card evaluation score: 0.000
[DEBUG]     Updating belief model with new information:
[DEBUG]       Action: card_played
[DEBUG]         Player 1 void in D (played C)
[DEBUG]       Belief model updated successfully
[DEBUG]   Player 2 (Hybrid Agent 2) choosing card:
[DEBUG]     Remaining hand (1 cards): ['7H']
[DEBUG]     Legal cards (1): ['7H']
[DEBUG]     Current trick: 3 cards played
[DEBUG]     Lead suit: D
[DEBUG]     Trump suit: D
[DEBUG]     Hybrid agent selected card: 7H (method: ismcts)
[DEBUG]     Confidence: 0.600
[DEBUG]     Reasoning: Card evaluation score: 0.000
[DEBUG]     Updating belief model with new information:
[DEBUG]       Action: card_played
[DEBUG]         Player 2 void in D (played H)
[DEBUG]       Belief model updated successfully
Trick 8 order: P3:QD, P0:8S, P1:KC, P2:7H
Player 3 won the hand: 0 points


=== GAME SUMMARY ===
Team A (Players 0 & 2): 5 points
Team B (Players 1 & 3): 23 points
Bidder: Player 0 (Team A)
Winning Bid: 17
Bid Success: NO
Game Winner: Team A (Players 0 & 2)
Total Tricks: 8