
===== GAME 118 (20250830_051035_711) =====
Player 0 initial hand (bidding): ['10C', 'QS', 'KC', 'JC']
Player 1 initial hand (bidding): ['JD', '8S', 'AC', 'JS']
Player 2 initial hand (bidding): ['AS', '8H', '10H', '9D']
Player 3 initial hand (bidding): ['8C', '9S', '7S', '8D']

===== AUCTION =====
[DEBUG] BIDDING ANALYSIS - Player 0 (Hybrid Agent 0)
[DEBUG]   Bidding hand: ['10C', 'QS', 'KC', 'JC']
[DEBUG]   Hand strength: 0.143
[DEBUG]   Current bid: 16
[DEBUG]   Present suits: ['C', 'S']
[DEBUG]   Point prediction: 7.3 points
[DEBUG]     Updated beliefs for current game state
[DEBUG]     Game phase: GamePhase.BIDDING
[DEBUG]     Current trick: 0 cards
[DEBUG]     Completed tricks: 0

=== RAW OUTPUT: Belief Model Outputs - Player 0 ===
{'phase': 'GamePhase.BIDDING', 'trump_suit_probs': [0.0, 1.0, 0.0, 0.0], 'uncertainty': 0.0, 'void_suits': {1: [0.0, 1.0, 1.0, 1.0], 2: [0.0, 1.0, 1.0, 1.0], 3: [0.0, 1.0, 1.0, 1.0]}, 'opponent_hand_probs': {1: [0.0, 0.0, 0.0714285746216774, 0.0714285746216774, 0.0714285746216774, 0.0, 0.0, 0.0714285746216774, 0.0714285746216774, 0.0714285746216774, 0.0714285746216774, 0.0, 0.0714285746216774, 0.0, 0.0, 0.0714285746216774, 0.0, 0.0714285746216774, 0.0, 0.0, 0.0, 0.0, 0.0, 0.0714285746216774, 0.0, 0.0714285746216774, 0.0, 0.0, 0.0, 0.0, 0.0714285746216774, 0.0714285746216774], 2: [0.0, 0.0, 0.0714285746216774, 0.0714285746216774, 0.0714285746216774, 0.0, 0.0, 0.0714285746216774, 0.0714285746216774, 0.0714285746216774, 0.0714285746216774, 0.0, 0.0714285746216774, 0.0, 0.0, 0.0714285746216774, 0.0, 0.0714285746216774, 0.0, 0.0, 0.0, 0.0, 0.0, 0.0714285746216774, 0.0, 0.0714285746216774, 0.0, 0.0, 0.0, 0.0, 0.0714285746216774, 0.0714285746216774], 3: [0.0, 0.0, 0.0714285746216774, 0.0714285746216774, 0.0714285746216774, 0.0, 0.0, 0.0714285746216774, 0.0714285746216774, 0.0714285746216774, 0.0714285746216774, 0.0, 0.0714285746216774, 0.0, 0.0, 0.0714285746216774, 0.0, 0.0714285746216774, 0.0, 0.0, 0.0, 0.0, 0.0, 0.0714285746216774, 0.0, 0.0714285746216774, 0.0, 0.0, 0.0, 0.0, 0.0714285746216774, 0.0714285746216774]}}
==================================================
[DEBUG]   Trump Analysis:
[DEBUG]     Probabilities: [0. 1. 0. 0.]
[DEBUG]     Predicted trump: D
[DEBUG]     Confidence: 1.0000
[DEBUG]   Opponent Strength Analysis:
[DEBUG]     Opponent 1: 0.0383
[DEBUG]     Opponent 2: 0.0383
[DEBUG]     Opponent 3: 0.0383
[DEBUG]   Void Suit Analysis:
[DEBUG]     Opponent 1 void in: ['D', 'C', 'S']
[DEBUG]     Opponent 2 void in: ['D', 'C', 'S']
[DEBUG]     Opponent 3 void in: ['D', 'C', 'S']
[DEBUG]   Uncertainty: 0.0000
[DEBUG]     Strategy: Smart ISMCTS + Belief Model Bidding
[DEBUG]     Using ISMCTS for strategic bidding decision
[DEBUG]     Running ISMCTS with 1000 simulations...
[DEBUG]     ISMCTS completed, best action: 17
Bid: Player 0 proposes 17 (min_allowed=17) – hand_strength=0.143
[DEBUG] BIDDING ANALYSIS - Player 1 (Hybrid Agent 1)
[DEBUG]   Bidding hand: ['JD', '8S', 'AC', 'JS']
[DEBUG]   Hand strength: 0.250
[DEBUG]   Current bid: 17
[DEBUG]   Present suits: ['C', 'S', 'D']
[DEBUG]   Point prediction: 8.3 points
[DEBUG]     Updated beliefs for current game state
[DEBUG]     Game phase: GamePhase.BIDDING
[DEBUG]     Current trick: 0 cards
[DEBUG]     Completed tricks: 0

=== RAW OUTPUT: Belief Model Outputs - Player 1 ===
{'phase': 'GamePhase.BIDDING', 'trump_suit_probs': [0.0, 1.0, 0.0, 0.0], 'uncertainty': 0.0, 'void_suits': {0: [0.0, 1.0, 1.0, 1.0], 2: [0.0, 1.0, 1.0, 1.0], 3: [0.0, 1.0, 1.0, 1.0]}, 'opponent_hand_probs': {0: [0.0, 0.0, 0.0714285746216774, 0.0714285746216774, 0.0714285746216774, 0.0, 0.0, 0.0714285746216774, 0.0714285746216774, 0.0714285746216774, 0.0714285746216774, 0.0, 0.0, 0.0, 0.0, 0.0714285746216774, 0.0, 0.0714285746216774, 0.0, 0.0714285746216774, 0.0714285746216774, 0.0, 0.0, 0.0, 0.0, 0.0, 0.0, 0.0, 0.0, 0.0714285746216774, 0.0714285746216774, 0.0714285746216774], 2: [0.0, 0.0, 0.0714285746216774, 0.0714285746216774, 0.0714285746216774, 0.0, 0.0, 0.0714285746216774, 0.0714285746216774, 0.0714285746216774, 0.0714285746216774, 0.0, 0.0, 0.0, 0.0, 0.0714285746216774, 0.0, 0.0714285746216774, 0.0, 0.0714285746216774, 0.0714285746216774, 0.0, 0.0, 0.0, 0.0, 0.0, 0.0, 0.0, 0.0, 0.0714285746216774, 0.0714285746216774, 0.0714285746216774], 3: [0.0, 0.0, 0.0714285746216774, 0.0714285746216774, 0.0714285746216774, 0.0, 0.0, 0.0714285746216774, 0.0714285746216774, 0.0714285746216774, 0.0714285746216774, 0.0, 0.0, 0.0, 0.0, 0.0714285746216774, 0.0, 0.0714285746216774, 0.0, 0.0714285746216774, 0.0714285746216774, 0.0, 0.0, 0.0, 0.0, 0.0, 0.0, 0.0, 0.0, 0.0714285746216774, 0.0714285746216774, 0.0714285746216774]}}
==================================================
[DEBUG]   Trump Analysis:
[DEBUG]     Probabilities: [0. 1. 0. 0.]
[DEBUG]     Predicted trump: D
[DEBUG]     Confidence: 1.0000
[DEBUG]   Opponent Strength Analysis:
[DEBUG]     Opponent 0: 0.0383
[DEBUG]     Opponent 2: 0.0383
[DEBUG]     Opponent 3: 0.0383
[DEBUG]   Void Suit Analysis:
[DEBUG]     Opponent 0 void in: ['D', 'C', 'S']
[DEBUG]     Opponent 2 void in: ['D', 'C', 'S']
[DEBUG]     Opponent 3 void in: ['D', 'C', 'S']
[DEBUG]   Uncertainty: 0.0000
[DEBUG]     Strategy: Smart ISMCTS + Belief Model Bidding
[DEBUG]     Using ISMCTS for strategic bidding decision
[DEBUG]     Running ISMCTS with 1000 simulations...
[DEBUG]     ISMCTS completed, best action: 17
Pass: Player 1 (min_allowed=18)
[DEBUG] BIDDING ANALYSIS - Player 2 (Hybrid Agent 2)
[DEBUG]   Bidding hand: ['AS', '8H', '10H', '9D']
[DEBUG]   Hand strength: 0.143
[DEBUG]   Current bid: 17
[DEBUG]   Present suits: ['D', 'H', 'S']
[DEBUG]   Point prediction: 5.3 points
[DEBUG]     Updated beliefs for current game state
[DEBUG]     Game phase: GamePhase.BIDDING
[DEBUG]     Current trick: 0 cards
[DEBUG]     Completed tricks: 0

=== RAW OUTPUT: Belief Model Outputs - Player 2 ===
{'phase': 'GamePhase.BIDDING', 'trump_suit_probs': [0.0, 1.0, 0.0, 0.0], 'uncertainty': 0.0, 'void_suits': {0: [0.0, 1.0, 1.0, 1.0], 1: [0.0, 1.0, 1.0, 1.0], 3: [0.0, 1.0, 1.0, 1.0]}, 'opponent_hand_probs': {0: [0.0, 0.0, 0.0714285746216774, 0.0, 0.0714285746216774, 0.0, 0.0, 0.0714285746216774, 0.0714285746216774, 0.0714285746216774, 0.0, 0.0, 0.0714285746216774, 0.0, 0.0, 0.0714285746216774, 0.0, 0.0714285746216774, 0.0, 0.0714285746216774, 0.0714285746216774, 0.0, 0.0, 0.0714285746216774, 0.0, 0.0714285746216774, 0.0, 0.0, 0.0, 0.0714285746216774, 0.0714285746216774, 0.0], 1: [0.0, 0.0, 0.0714285746216774, 0.0, 0.0714285746216774, 0.0, 0.0, 0.0714285746216774, 0.0714285746216774, 0.0714285746216774, 0.0, 0.0, 0.0714285746216774, 0.0, 0.0, 0.0714285746216774, 0.0, 0.0714285746216774, 0.0, 0.0714285746216774, 0.0714285746216774, 0.0, 0.0, 0.0714285746216774, 0.0, 0.0714285746216774, 0.0, 0.0, 0.0, 0.0714285746216774, 0.0714285746216774, 0.0], 3: [0.0, 0.0, 0.0714285746216774, 0.0, 0.0714285746216774, 0.0, 0.0, 0.0714285746216774, 0.0714285746216774, 0.0714285746216774, 0.0, 0.0, 0.0714285746216774, 0.0, 0.0, 0.0714285746216774, 0.0, 0.0714285746216774, 0.0, 0.0714285746216774, 0.0714285746216774, 0.0, 0.0, 0.0714285746216774, 0.0, 0.0714285746216774, 0.0, 0.0, 0.0, 0.0714285746216774, 0.0714285746216774, 0.0]}}
==================================================
[DEBUG]   Trump Analysis:
[DEBUG]     Probabilities: [0. 1. 0. 0.]
[DEBUG]     Predicted trump: D
[DEBUG]     Confidence: 1.0000
[DEBUG]   Opponent Strength Analysis:
[DEBUG]     Opponent 0: 0.0383
[DEBUG]     Opponent 1: 0.0383
[DEBUG]     Opponent 3: 0.0383
[DEBUG]   Void Suit Analysis:
[DEBUG]     Opponent 0 void in: ['D', 'C', 'S']
[DEBUG]     Opponent 1 void in: ['D', 'C', 'S']
[DEBUG]     Opponent 3 void in: ['D', 'C', 'S']
[DEBUG]   Uncertainty: 0.0000
[DEBUG]     Strategy: Smart ISMCTS + Belief Model Bidding
[DEBUG]     Using ISMCTS for strategic bidding decision
[DEBUG]     Running ISMCTS with 1000 simulations...
[DEBUG]     ISMCTS completed, best action: 17
Pass: Player 2 (min_allowed=18)
[DEBUG] BIDDING ANALYSIS - Player 3 (Hybrid Agent 3)
[DEBUG]   Bidding hand: ['8C', '9S', '7S', '8D']
[DEBUG]   Hand strength: 0.071
[DEBUG]   Current bid: 17
[DEBUG]   Present suits: ['C', 'D', 'S']
[DEBUG]   Point prediction: 9.8 points
[DEBUG]     Updated beliefs for current game state
[DEBUG]     Game phase: GamePhase.BIDDING
[DEBUG]     Current trick: 0 cards
[DEBUG]     Completed tricks: 0

=== RAW OUTPUT: Belief Model Outputs - Player 3 ===
{'phase': 'GamePhase.BIDDING', 'trump_suit_probs': [0.0, 1.0, 0.0, 0.0], 'uncertainty': 0.0, 'void_suits': {0: [0.0, 1.0, 1.0, 1.0], 1: [0.0, 1.0, 1.0, 1.0], 2: [0.0, 1.0, 1.0, 1.0]}, 'opponent_hand_probs': {0: [0.0, 0.0, 0.06666667014360428, 0.06666667014360428, 0.06666667014360428, 0.0, 0.0, 0.06666667014360428, 0.06666667014360428, 0.0, 0.06666667014360428, 0.0, 0.06666667014360428, 0.0, 0.0, 0.06666667014360428, 0.0, 0.0, 0.0, 0.06666667014360428, 0.06666667014360428, 0.0, 0.0, 0.06666667014360428, 0.0, 0.06666667014360428, 0.0, 0.0, 0.0, 0.06666667014360428, 0.06666667014360428, 0.06666667014360428], 1: [0.0, 0.0, 0.06666667014360428, 0.06666667014360428, 0.06666667014360428, 0.0, 0.0, 0.06666667014360428, 0.06666667014360428, 0.0, 0.06666667014360428, 0.0, 0.06666667014360428, 0.0, 0.0, 0.06666667014360428, 0.0, 0.0, 0.0, 0.06666667014360428, 0.06666667014360428, 0.0, 0.0, 0.06666667014360428, 0.0, 0.06666667014360428, 0.0, 0.0, 0.0, 0.06666667014360428, 0.06666667014360428, 0.06666667014360428], 2: [0.0, 0.0, 0.06666667014360428, 0.06666667014360428, 0.06666667014360428, 0.0, 0.0, 0.06666667014360428, 0.06666667014360428, 0.0, 0.06666667014360428, 0.0, 0.06666667014360428, 0.0, 0.0, 0.06666667014360428, 0.0, 0.0, 0.0, 0.06666667014360428, 0.06666667014360428, 0.0, 0.0, 0.06666667014360428, 0.0, 0.06666667014360428, 0.0, 0.0, 0.0, 0.06666667014360428, 0.06666667014360428, 0.06666667014360428]}}
==================================================
[DEBUG]   Trump Analysis:
[DEBUG]     Probabilities: [0. 1. 0. 0.]
[DEBUG]     Predicted trump: D
[DEBUG]     Confidence: 1.0000
[DEBUG]   Opponent Strength Analysis:
[DEBUG]     Opponent 0: 0.0452
[DEBUG]     Opponent 1: 0.0452
[DEBUG]     Opponent 2: 0.0452
[DEBUG]   Void Suit Analysis:
[DEBUG]     Opponent 0 void in: ['D', 'C', 'S']
[DEBUG]     Opponent 1 void in: ['D', 'C', 'S']
[DEBUG]     Opponent 2 void in: ['D', 'C', 'S']
[DEBUG]   Uncertainty: 0.0000
[DEBUG]     Strategy: Smart ISMCTS + Belief Model Bidding
[DEBUG]     Using ISMCTS for strategic bidding decision
[DEBUG]     Running ISMCTS with 1000 simulations...
[DEBUG]     ISMCTS completed, best action: 17
Pass: Player 3 (min_allowed=18)
Auction winner: Player 0 with bid 17
[DEBUG] TRUMP SELECTION - Player 0 (Hybrid Agent 0)
[DEBUG]   Hand: ['10C', 'QS', 'KC', 'JC']
[DEBUG]   Hybrid agent selected trump: D (method: belief_model)
[DEBUG]   Confidence: 1.000
[DEBUG]   Reasoning: Trump probabilities: {'H': np.float32(0.0), 'D': np.float32(1.0), 'C': np.float32(0.0), 'S': np.float32(0.0)}
[DEBUG]     Updating belief model with new information:
[DEBUG]       Action: trump_revealed
[DEBUG]         Trump suit set to D
[DEBUG]       Belief model updated successfully
Bidder sets concealed trump suit: D
Phase: concealed, bidder concealed card: [face-down trump]

Full hands (8 cards each):
Player 0 full hand: ['10C', 'QS', 'KC', 'JC', '7H', 'AD', 'KS', '10S']
Player 1 full hand: ['JD', '8S', 'AC', 'JS', 'KH', 'QC', 'AH', 'QD']
Player 2 full hand: ['AS', '8H', '10H', '9D', '9H', 'KD', '7D', '7C']
Player 3 full hand: ['8C', '9S', '7S', '8D', '9C', 'QH', '10D', 'JH']

Player 0 (auction 4 cards): ['10C', 'QS', 'KC', 'JC']
Player 1 (auction 4 cards): ['JD', '8S', 'AC', 'JS']
Player 2 (auction 4 cards): ['AS', '8H', '10H', '9D']
Player 3 (auction 4 cards): ['8C', '9S', '7S', '8D']
Auction winner (bidder): Player 0 with bid 17
Bidder sets concealed trump suit: D
Phase: concealed, bidder concealed card: [face-down trump]

[DEBUG]   Player 0 (Hybrid Agent 0) choosing card:
[DEBUG]     Remaining hand (8 cards): ['10C', 'QS', 'KC', 'JC', '7H', 'AD', 'KS', '10S']
[DEBUG]     Legal cards (7): ['10C', 'QS', 'KC', 'JC', '7H', 'KS', '10S']
[DEBUG]     Current trick: 0 cards played
[DEBUG]     Trump suit: D
[DEBUG]     Hybrid agent selected card: JC (method: belief_model)
[DEBUG]     Confidence: 0.650
[DEBUG]     Reasoning: Card evaluation score: 3.000
[DEBUG]     Updating belief model with new information:
[DEBUG]       Action: card_played
[DEBUG]       Belief model updated successfully
[DEBUG]   Player 1 (Hybrid Agent 1) choosing card:
[DEBUG]     Remaining hand (8 cards): ['JD', '8S', 'AC', 'JS', 'KH', 'QC', 'AH', 'QD']
[DEBUG]     Legal cards (2): ['AC', 'QC']
[DEBUG]     Current trick: 1 cards played
[DEBUG]     Lead suit: C
[DEBUG]     Trump suit: D
[DEBUG]     Hybrid agent selected card: AC (method: belief_model)
[DEBUG]     Confidence: 0.550
[DEBUG]     Reasoning: Card evaluation score: 1.000
[DEBUG]     Updating belief model with new information:
[DEBUG]       Action: card_played
[DEBUG]       Belief model updated successfully
[DEBUG]   Player 2 (Hybrid Agent 2) choosing card:
[DEBUG]     Remaining hand (8 cards): ['AS', '8H', '10H', '9D', '9H', 'KD', '7D', '7C']
[DEBUG]     Legal cards (1): ['7C']
[DEBUG]     Current trick: 2 cards played
[DEBUG]     Lead suit: C
[DEBUG]     Trump suit: D
[DEBUG]     Hybrid agent selected card: 7C (method: belief_model)
[DEBUG]     Confidence: 0.500
[DEBUG]     Reasoning: Card evaluation score: 0.000
[DEBUG]     Updating belief model with new information:
[DEBUG]       Action: card_played
[DEBUG]       Belief model updated successfully
[DEBUG]   Player 3 (Hybrid Agent 3) choosing card:
[DEBUG]     Remaining hand (8 cards): ['8C', '9S', '7S', '8D', '9C', 'QH', '10D', 'JH']
[DEBUG]     Legal cards (2): ['8C', '9C']
[DEBUG]     Current trick: 3 cards played
[DEBUG]     Lead suit: C
[DEBUG]     Trump suit: D
[DEBUG]     Hybrid agent selected card: 9C (method: belief_model)
[DEBUG]     Confidence: 0.600
[DEBUG]     Reasoning: Card evaluation score: 2.000
[DEBUG]     Updating belief model with new information:
[DEBUG]       Action: card_played
[DEBUG]       Belief model updated successfully
Trick 1 order: P0:JC, P1:AC, P2:7C, P3:9C
Player 0 won the hand: 6 points


[DEBUG]   Player 0 (Hybrid Agent 0) choosing card:
[DEBUG]     Remaining hand (7 cards): ['10C', 'QS', 'KC', '7H', 'AD', 'KS', '10S']
[DEBUG]     Legal cards (6): ['10C', 'QS', 'KC', '7H', 'KS', '10S']
[DEBUG]     Current trick: 0 cards played
[DEBUG]     Trump suit: D
[DEBUG]     Hybrid agent selected card: 10C (method: belief_model)
[DEBUG]     Confidence: 0.550
[DEBUG]     Reasoning: Card evaluation score: 1.000
[DEBUG]     Updating belief model with new information:
[DEBUG]       Action: card_played
[DEBUG]       Belief model updated successfully
[DEBUG]   Player 1 (Hybrid Agent 1) choosing card:
[DEBUG]     Remaining hand (7 cards): ['JD', '8S', 'JS', 'KH', 'QC', 'AH', 'QD']
[DEBUG]     Legal cards (1): ['QC']
[DEBUG]     Current trick: 1 cards played
[DEBUG]     Lead suit: C
[DEBUG]     Trump suit: D
[DEBUG]     Hybrid agent selected card: QC (method: belief_model)
[DEBUG]     Confidence: 0.500
[DEBUG]     Reasoning: Card evaluation score: 0.000
[DEBUG]     Updating belief model with new information:
[DEBUG]       Action: card_played
[DEBUG]       Belief model updated successfully
[DEBUG]   Player 2 (Hybrid Agent 2) choosing card:
[DEBUG]     Remaining hand (7 cards): ['AS', '8H', '10H', '9D', '9H', 'KD', '7D']
[DEBUG]     Legal cards (7): ['AS', '8H', '10H', '9D', '9H', 'KD', '7D']
[DEBUG]     Current trick: 2 cards played
[DEBUG]     Lead suit: C
[DEBUG]     Trump suit: D
[DEBUG]     Hybrid agent selected card: 9D (method: belief_model)
[DEBUG]     Confidence: 0.700
[DEBUG]     Reasoning: Card evaluation score: 4.000
[DEBUG]     Updating belief model with new information:
[DEBUG]       Action: card_played
[DEBUG]         Trump revealed! Phase updated to REVEALED
[DEBUG]         Player 2 void in C (played D)
[DEBUG]       Belief model updated successfully
-- Phase 2 begins: Trump revealed as D by Player 2 on trick 2 --
[DEBUG] TRUMP REVEALED!
[DEBUG]   Player 2 revealed trump D
[DEBUG]   Trick number: 2
[DEBUG]   Card played: 9D
[DEBUG]   Game phase changed from CONCEALED to REVEALED
[DEBUG]   Player 3 (Hybrid Agent 3) choosing card:
[DEBUG]     Remaining hand (7 cards): ['8C', '9S', '7S', '8D', 'QH', '10D', 'JH']
[DEBUG]     Legal cards (1): ['8C']
[DEBUG]     Current trick: 3 cards played
[DEBUG]     Lead suit: C
[DEBUG]     Trump suit: D
[DEBUG]     Hybrid agent selected card: 8C (method: belief_model)
[DEBUG]     Confidence: 0.500
[DEBUG]     Reasoning: Card evaluation score: 0.000
[DEBUG]     Updating belief model with new information:
[DEBUG]       Action: card_played
[DEBUG]       Belief model updated successfully
Trick 2 order: P0:10C, P1:QC, P2:9D, P3:8C
Player 2 won the hand: 3 points


[DEBUG]   Player 2 (Hybrid Agent 2) choosing card:
[DEBUG]     Remaining hand (6 cards): ['AS', '8H', '10H', '9H', 'KD', '7D']
[DEBUG]     Legal cards (6): ['AS', '8H', '10H', '9H', 'KD', '7D']
[DEBUG]     Current trick: 0 cards played
[DEBUG]     Trump suit: D
[DEBUG]     Hybrid agent selected card: 9H (method: belief_model)
[DEBUG]     Confidence: 0.600
[DEBUG]     Reasoning: Card evaluation score: 2.000
[DEBUG]     Updating belief model with new information:
[DEBUG]       Action: card_played
[DEBUG]       Belief model updated successfully
[DEBUG]   Player 3 (Hybrid Agent 3) choosing card:
[DEBUG]     Remaining hand (6 cards): ['9S', '7S', '8D', 'QH', '10D', 'JH']
[DEBUG]     Legal cards (2): ['QH', 'JH']
[DEBUG]     Current trick: 1 cards played
[DEBUG]     Lead suit: H
[DEBUG]     Trump suit: D
[DEBUG]     Hybrid agent selected card: JH (method: belief_model)
[DEBUG]     Confidence: 0.900
[DEBUG]     Reasoning: Card evaluation score: 8.000
[DEBUG]     Updating belief model with new information:
[DEBUG]       Action: card_played
[DEBUG]       Belief model updated successfully
[DEBUG]   Player 0 (Hybrid Agent 0) choosing card:
[DEBUG]     Remaining hand (6 cards): ['QS', 'KC', '7H', 'AD', 'KS', '10S']
[DEBUG]     Legal cards (1): ['7H']
[DEBUG]     Current trick: 2 cards played
[DEBUG]     Lead suit: H
[DEBUG]     Trump suit: D
[DEBUG]     Hybrid agent selected card: 7H (method: belief_model)
[DEBUG]     Confidence: 0.500
[DEBUG]     Reasoning: Card evaluation score: 0.000
[DEBUG]     Updating belief model with new information:
[DEBUG]       Action: card_played
[DEBUG]       Belief model updated successfully
[DEBUG]   Player 1 (Hybrid Agent 1) choosing card:
[DEBUG]     Remaining hand (6 cards): ['JD', '8S', 'JS', 'KH', 'AH', 'QD']
[DEBUG]     Legal cards (2): ['KH', 'AH']
[DEBUG]     Current trick: 3 cards played
[DEBUG]     Lead suit: H
[DEBUG]     Trump suit: D
[DEBUG]     Hybrid agent selected card: AH (method: belief_model)
[DEBUG]     Confidence: 0.550
[DEBUG]     Reasoning: Card evaluation score: 1.000
[DEBUG]     Updating belief model with new information:
[DEBUG]       Action: card_played
[DEBUG]       Belief model updated successfully
Trick 3 order: P2:9H, P3:JH, P0:7H, P1:AH
Player 3 won the hand: 6 points


[DEBUG]   Player 3 (Hybrid Agent 3) choosing card:
[DEBUG]     Remaining hand (5 cards): ['9S', '7S', '8D', 'QH', '10D']
[DEBUG]     Legal cards (5): ['9S', '7S', '8D', 'QH', '10D']
[DEBUG]     Current trick: 0 cards played
[DEBUG]     Trump suit: D
[DEBUG]     Hybrid agent selected card: 9S (method: hybrid)
[DEBUG]     Confidence: 0.660
[DEBUG]     Reasoning: Hybrid card: Belief(9S, 0.600) vs ISMCTS(9S, 0.720)
[DEBUG]     Updating belief model with new information:
[DEBUG]       Action: card_played
[DEBUG]       Belief model updated successfully
[DEBUG]   Player 0 (Hybrid Agent 0) choosing card:
[DEBUG]     Remaining hand (5 cards): ['QS', 'KC', 'AD', 'KS', '10S']
[DEBUG]     Legal cards (3): ['QS', 'KS', '10S']
[DEBUG]     Current trick: 1 cards played
[DEBUG]     Lead suit: S
[DEBUG]     Trump suit: D
[DEBUG]     Hybrid agent selected card: 10S (method: hybrid)
[DEBUG]     Confidence: 0.605
[DEBUG]     Reasoning: Hybrid card: Belief(10S, 0.550) vs ISMCTS(10S, 0.660)
[DEBUG]     Updating belief model with new information:
[DEBUG]       Action: card_played
[DEBUG]       Belief model updated successfully
[DEBUG]   Player 1 (Hybrid Agent 1) choosing card:
[DEBUG]     Remaining hand (5 cards): ['JD', '8S', 'JS', 'KH', 'QD']
[DEBUG]     Legal cards (2): ['8S', 'JS']
[DEBUG]     Current trick: 2 cards played
[DEBUG]     Lead suit: S
[DEBUG]     Trump suit: D
[DEBUG]     Hybrid agent selected card: JS (method: hybrid)
[DEBUG]     Confidence: 0.925
[DEBUG]     Reasoning: Hybrid card: Belief(JS, 0.900) vs ISMCTS(JS, 0.950)
[DEBUG]     Updating belief model with new information:
[DEBUG]       Action: card_played
[DEBUG]       Belief model updated successfully
[DEBUG]   Player 2 (Hybrid Agent 2) choosing card:
[DEBUG]     Remaining hand (5 cards): ['AS', '8H', '10H', 'KD', '7D']
[DEBUG]     Legal cards (1): ['AS']
[DEBUG]     Current trick: 3 cards played
[DEBUG]     Lead suit: S
[DEBUG]     Trump suit: D
[DEBUG]     Hybrid agent selected card: AS (method: hybrid)
[DEBUG]     Confidence: 0.605
[DEBUG]     Reasoning: Hybrid card: Belief(AS, 0.550) vs ISMCTS(AS, 0.660)
[DEBUG]     Updating belief model with new information:
[DEBUG]       Action: card_played
[DEBUG]       Belief model updated successfully
Trick 4 order: P3:9S, P0:10S, P1:JS, P2:AS
Player 1 won the hand: 7 points


[DEBUG]   Player 1 (Hybrid Agent 1) choosing card:
[DEBUG]     Remaining hand (4 cards): ['JD', '8S', 'KH', 'QD']
[DEBUG]     Legal cards (4): ['JD', '8S', 'KH', 'QD']
[DEBUG]     Current trick: 0 cards played
[DEBUG]     Trump suit: D
[DEBUG]     Hybrid agent selected card: JD (method: hybrid)
[DEBUG]     Confidence: 0.875
[DEBUG]     Reasoning: Hybrid card: Belief(JD, 0.800) vs ISMCTS(JD, 0.950)
[DEBUG]     Updating belief model with new information:
[DEBUG]       Action: card_played
[DEBUG]       Belief model updated successfully
[DEBUG]   Player 2 (Hybrid Agent 2) choosing card:
[DEBUG]     Remaining hand (4 cards): ['8H', '10H', 'KD', '7D']
[DEBUG]     Legal cards (2): ['KD', '7D']
[DEBUG]     Current trick: 1 cards played
[DEBUG]     Lead suit: D
[DEBUG]     Trump suit: D
[DEBUG]     Hybrid agent selected card: KD (method: hybrid)
[DEBUG]     Confidence: 0.550
[DEBUG]     Reasoning: Hybrid card: Belief(KD, 0.500) vs ISMCTS(KD, 0.600)
[DEBUG]     Updating belief model with new information:
[DEBUG]       Action: card_played
[DEBUG]       Belief model updated successfully
[DEBUG]   Player 3 (Hybrid Agent 3) choosing card:
[DEBUG]     Remaining hand (4 cards): ['7S', '8D', 'QH', '10D']
[DEBUG]     Legal cards (2): ['8D', '10D']
[DEBUG]     Current trick: 2 cards played
[DEBUG]     Lead suit: D
[DEBUG]     Trump suit: D
[DEBUG]     Hybrid agent selected card: 10D (method: hybrid)
[DEBUG]     Confidence: 0.660
[DEBUG]     Reasoning: Hybrid card: Belief(10D, 0.600) vs ISMCTS(10D, 0.720)
[DEBUG]     Updating belief model with new information:
[DEBUG]       Action: card_played
[DEBUG]       Belief model updated successfully
[DEBUG]   Player 0 (Hybrid Agent 0) choosing card:
[DEBUG]     Remaining hand (4 cards): ['QS', 'KC', 'AD', 'KS']
[DEBUG]     Legal cards (1): ['AD']
[DEBUG]     Current trick: 3 cards played
[DEBUG]     Lead suit: D
[DEBUG]     Trump suit: D
[DEBUG]     Hybrid agent selected card: AD (method: hybrid)
[DEBUG]     Confidence: 0.660
[DEBUG]     Reasoning: Hybrid card: Belief(AD, 0.600) vs ISMCTS(AD, 0.720)
[DEBUG]     Updating belief model with new information:
[DEBUG]       Action: card_played
[DEBUG]       Belief model updated successfully
Trick 5 order: P1:JD, P2:KD, P3:10D, P0:AD
Player 1 won the hand: 5 points


[DEBUG]   Player 1 (Hybrid Agent 1) choosing card:
[DEBUG]     Remaining hand (3 cards): ['8S', 'KH', 'QD']
[DEBUG]     Legal cards (3): ['8S', 'KH', 'QD']
[DEBUG]     Current trick: 0 cards played
[DEBUG]     Trump suit: D
[DEBUG]     Hybrid agent selected card: 8S (method: hybrid)
[DEBUG]     Confidence: 0.550
[DEBUG]     Reasoning: Hybrid card: Belief(8S, 0.500) vs ISMCTS(8S, 0.600)
[DEBUG]     Updating belief model with new information:
[DEBUG]       Action: card_played
[DEBUG]       Belief model updated successfully
[DEBUG]   Player 2 (Hybrid Agent 2) choosing card:
[DEBUG]     Remaining hand (3 cards): ['8H', '10H', '7D']
[DEBUG]     Legal cards (3): ['8H', '10H', '7D']
[DEBUG]     Current trick: 1 cards played
[DEBUG]     Lead suit: S
[DEBUG]     Trump suit: D
[DEBUG]     Hybrid agent selected card: 10H (method: hybrid)
[DEBUG]     Confidence: 0.605
[DEBUG]     Reasoning: Hybrid card: Belief(10H, 0.550) vs ISMCTS(10H, 0.660)
[DEBUG]     Updating belief model with new information:
[DEBUG]       Action: card_played
[DEBUG]         Player 2 void in S (played H)
[DEBUG]       Belief model updated successfully
[DEBUG]   Player 3 (Hybrid Agent 3) choosing card:
[DEBUG]     Remaining hand (3 cards): ['7S', '8D', 'QH']
[DEBUG]     Legal cards (1): ['7S']
[DEBUG]     Current trick: 2 cards played
[DEBUG]     Lead suit: S
[DEBUG]     Trump suit: D
[DEBUG]     Hybrid agent selected card: 7S (method: hybrid)
[DEBUG]     Confidence: 0.550
[DEBUG]     Reasoning: Hybrid card: Belief(7S, 0.500) vs ISMCTS(7S, 0.600)
[DEBUG]     Updating belief model with new information:
[DEBUG]       Action: card_played
[DEBUG]       Belief model updated successfully
[DEBUG]   Player 0 (Hybrid Agent 0) choosing card:
[DEBUG]     Remaining hand (3 cards): ['QS', 'KC', 'KS']
[DEBUG]     Legal cards (2): ['QS', 'KS']
[DEBUG]     Current trick: 3 cards played
[DEBUG]     Lead suit: S
[DEBUG]     Trump suit: D
[DEBUG]     Hybrid agent selected card: QS (method: hybrid)
[DEBUG]     Confidence: 0.550
[DEBUG]     Reasoning: Hybrid card: Belief(QS, 0.500) vs ISMCTS(QS, 0.600)
[DEBUG]     Updating belief model with new information:
[DEBUG]       Action: card_played
[DEBUG]       Belief model updated successfully
Trick 6 order: P1:8S, P2:10H, P3:7S, P0:QS
Player 0 won the hand: 1 points


[DEBUG]   Player 0 (Hybrid Agent 0) choosing card:
[DEBUG]     Remaining hand (2 cards): ['KC', 'KS']
[DEBUG]     Legal cards (2): ['KC', 'KS']
[DEBUG]     Current trick: 0 cards played
[DEBUG]     Trump suit: D
[DEBUG]     Hybrid agent selected card: KC (method: ismcts)
[DEBUG]     Confidence: 0.600
[DEBUG]     Reasoning: Card evaluation score: 0.000
[DEBUG]     Updating belief model with new information:
[DEBUG]       Action: card_played
[DEBUG]       Belief model updated successfully
[DEBUG]   Player 1 (Hybrid Agent 1) choosing card:
[DEBUG]     Remaining hand (2 cards): ['KH', 'QD']
[DEBUG]     Legal cards (2): ['KH', 'QD']
[DEBUG]     Current trick: 1 cards played
[DEBUG]     Lead suit: C
[DEBUG]     Trump suit: D
[DEBUG]     Hybrid agent selected card: KH (method: ismcts)
[DEBUG]     Confidence: 0.600
[DEBUG]     Reasoning: Card evaluation score: 0.000
[DEBUG]     Updating belief model with new information:
[DEBUG]       Action: card_played
[DEBUG]         Player 1 void in C (played H)
[DEBUG]       Belief model updated successfully
[DEBUG]   Player 2 (Hybrid Agent 2) choosing card:
[DEBUG]     Remaining hand (2 cards): ['8H', '7D']
[DEBUG]     Legal cards (2): ['8H', '7D']
[DEBUG]     Current trick: 2 cards played
[DEBUG]     Lead suit: C
[DEBUG]     Trump suit: D
[DEBUG]     Hybrid agent selected card: 8H (method: ismcts)
[DEBUG]     Confidence: 0.600
[DEBUG]     Reasoning: Card evaluation score: 0.000
[DEBUG]     Updating belief model with new information:
[DEBUG]       Action: card_played
[DEBUG]         Player 2 void in C (played H)
[DEBUG]       Belief model updated successfully
[DEBUG]   Player 3 (Hybrid Agent 3) choosing card:
[DEBUG]     Remaining hand (2 cards): ['8D', 'QH']
[DEBUG]     Legal cards (2): ['8D', 'QH']
[DEBUG]     Current trick: 3 cards played
[DEBUG]     Lead suit: C
[DEBUG]     Trump suit: D
[DEBUG]     Hybrid agent selected card: 8D (method: ismcts)
[DEBUG]     Confidence: 0.600
[DEBUG]     Reasoning: Card evaluation score: 0.000
[DEBUG]     Updating belief model with new information:
[DEBUG]       Action: card_played
[DEBUG]         Player 3 void in C (played D)
[DEBUG]       Belief model updated successfully
Trick 7 order: P0:KC, P1:KH, P2:8H, P3:8D
Player 3 won the hand: 0 points


[DEBUG]   Player 3 (Hybrid Agent 3) choosing card:
[DEBUG]     Remaining hand (1 cards): ['QH']
[DEBUG]     Legal cards (1): ['QH']
[DEBUG]     Current trick: 0 cards played
[DEBUG]     Trump suit: D
[DEBUG]     Hybrid agent selected card: QH (method: ismcts)
[DEBUG]     Confidence: 0.600
[DEBUG]     Reasoning: Card evaluation score: 0.000
[DEBUG]     Updating belief model with new information:
[DEBUG]       Action: card_played
[DEBUG]       Belief model updated successfully
[DEBUG]   Player 0 (Hybrid Agent 0) choosing card:
[DEBUG]     Remaining hand (1 cards): ['KS']
[DEBUG]     Legal cards (1): ['KS']
[DEBUG]     Current trick: 1 cards played
[DEBUG]     Lead suit: H
[DEBUG]     Trump suit: D
[DEBUG]     Hybrid agent selected card: KS (method: ismcts)
[DEBUG]     Confidence: 0.600
[DEBUG]     Reasoning: Card evaluation score: 0.000
[DEBUG]     Updating belief model with new information:
[DEBUG]       Action: card_played
[DEBUG]         Player 0 void in H (played S)
[DEBUG]       Belief model updated successfully
[DEBUG]   Player 1 (Hybrid Agent 1) choosing card:
[DEBUG]     Remaining hand (1 cards): ['QD']
[DEBUG]     Legal cards (1): ['QD']
[DEBUG]     Current trick: 2 cards played
[DEBUG]     Lead suit: H
[DEBUG]     Trump suit: D
[DEBUG]     Hybrid agent selected card: QD (method: ismcts)
[DEBUG]     Confidence: 0.600
[DEBUG]     Reasoning: Card evaluation score: 0.000
[DEBUG]     Updating belief model with new information:
[DEBUG]       Action: card_played
[DEBUG]         Player 1 void in H (played D)
[DEBUG]       Belief model updated successfully
[DEBUG]   Player 2 (Hybrid Agent 2) choosing card:
[DEBUG]     Remaining hand (1 cards): ['7D']
[DEBUG]     Legal cards (1): ['7D']
[DEBUG]     Current trick: 3 cards played
[DEBUG]     Lead suit: H
[DEBUG]     Trump suit: D
[DEBUG]     Hybrid agent selected card: 7D (method: ismcts)
[DEBUG]     Confidence: 0.600
[DEBUG]     Reasoning: Card evaluation score: 0.000
[DEBUG]     Updating belief model with new information:
[DEBUG]       Action: card_played
[DEBUG]         Player 2 void in H (played D)
[DEBUG]       Belief model updated successfully
Trick 8 order: P3:QH, P0:KS, P1:QD, P2:7D
Player 1 won the hand: 0 points


=== GAME SUMMARY ===
Team A (Players 0 & 2): 10 points
Team B (Players 1 & 3): 18 points
Bidder: Player 0 (Team A)
Winning Bid: 17
Bid Success: NO
Game Winner: Team A (Players 0 & 2)
Total Tricks: 8