
===== GAME 435 (20250831_003632_490) =====
Player 0 initial hand (bidding): ['KH', '7C', 'QC', 'AH']
Player 1 initial hand (bidding): ['8C', '7D', 'AS', 'AC']
Player 2 initial hand (bidding): ['8S', '10H', '10C', 'QS']
Player 3 initial hand (bidding): ['QH', 'KS', '10D', 'JD']

===== AUCTION =====
[DEBUG] BIDDING ANALYSIS - Player 0 (Hybrid Agent 0)
[DEBUG]   Bidding hand: ['KH', '7C', 'QC', 'AH']
[DEBUG]   Hand strength: 0.036
[DEBUG]   Current bid: 16
[DEBUG]   Present suits: ['C', 'H']
[DEBUG]   Point prediction: 4.1 points
[DEBUG]     Updated beliefs for current game state
[DEBUG]     Game phase: GamePhase.BIDDING
[DEBUG]     Current trick: 0 cards
[DEBUG]     Completed tricks: 0

=== RAW OUTPUT: Belief Model Outputs - Player 0 ===
{'phase': 'GamePhase.BIDDING', 'trump_suit_probs': [0.0, 1.0, 0.0, 0.0], 'uncertainty': 0.0, 'void_suits': {1: [0.0, 1.0, 1.0, 1.0], 2: [0.0, 1.0, 1.0, 1.0], 3: [0.0, 1.0, 1.0, 1.0]}, 'opponent_hand_probs': {1: [0.0, 0.0, 0.0625, 0.0625, 0.0625, 0.0, 0.0, 0.0, 0.0625, 0.0625, 0.0625, 0.0, 0.0625, 0.0, 0.0, 0.0625, 0.0, 0.0625, 0.0, 0.0625, 0.0625, 0.0, 0.0, 0.0625, 0.0, 0.0625, 0.0, 0.0, 0.0, 0.0625, 0.0625, 0.0625], 2: [0.0, 0.0, 0.0625, 0.0625, 0.0625, 0.0, 0.0, 0.0, 0.0625, 0.0625, 0.0625, 0.0, 0.0625, 0.0, 0.0, 0.0625, 0.0, 0.0625, 0.0, 0.0625, 0.0625, 0.0, 0.0, 0.0625, 0.0, 0.0625, 0.0, 0.0, 0.0, 0.0625, 0.0625, 0.0625], 3: [0.0, 0.0, 0.0625, 0.0625, 0.0625, 0.0, 0.0, 0.0, 0.0625, 0.0625, 0.0625, 0.0, 0.0625, 0.0, 0.0, 0.0625, 0.0, 0.0625, 0.0, 0.0625, 0.0625, 0.0, 0.0, 0.0625, 0.0, 0.0625, 0.0, 0.0, 0.0, 0.0625, 0.0625, 0.0625]}}
==================================================
[DEBUG]   Trump Analysis:
[DEBUG]     Probabilities: [0. 1. 0. 0.]
[DEBUG]     Predicted trump: D
[DEBUG]     Confidence: 1.0000
[DEBUG]   Opponent Strength Analysis:
[DEBUG]     Opponent 1: 0.0402
[DEBUG]     Opponent 2: 0.0402
[DEBUG]     Opponent 3: 0.0402
[DEBUG]   Void Suit Analysis:
[DEBUG]     Opponent 1 void in: ['D', 'C', 'S']
[DEBUG]     Opponent 2 void in: ['D', 'C', 'S']
[DEBUG]     Opponent 3 void in: ['D', 'C', 'S']
[DEBUG]   Uncertainty: 0.0000
[DEBUG]     Strategy: Smart ISMCTS + Belief Model Bidding
[DEBUG]     Using ISMCTS for strategic bidding decision
[DEBUG]     Running ISMCTS with 1000 simulations...
[DEBUG]     ISMCTS completed, best action: 17
Bid: Player 0 proposes 17 (min_allowed=17) – hand_strength=0.036
[DEBUG] BIDDING ANALYSIS - Player 1 (Hybrid Agent 1)
[DEBUG]   Bidding hand: ['8C', '7D', 'AS', 'AC']
[DEBUG]   Hand strength: 0.071
[DEBUG]   Current bid: 17
[DEBUG]   Present suits: ['C', 'S', 'D']
[DEBUG]   Point prediction: 3.5 points
[DEBUG]     Updated beliefs for current game state
[DEBUG]     Game phase: GamePhase.BIDDING
[DEBUG]     Current trick: 0 cards
[DEBUG]     Completed tricks: 0

=== RAW OUTPUT: Belief Model Outputs - Player 1 ===
{'phase': 'GamePhase.BIDDING', 'trump_suit_probs': [0.0, 1.0, 0.0, 0.0], 'uncertainty': 0.0, 'void_suits': {0: [0.0, 1.0, 1.0, 1.0], 2: [0.0, 1.0, 1.0, 1.0], 3: [0.0, 1.0, 1.0, 1.0]}, 'opponent_hand_probs': {0: [0.0, 0.0, 0.07692307978868484, 0.07692307978868484, 0.07692307978868484, 0.0, 0.0, 0.07692307978868484, 0.0, 0.07692307978868484, 0.07692307978868484, 0.0, 0.07692307978868484, 0.0, 0.0, 0.07692307978868484, 0.0, 0.0, 0.0, 0.07692307978868484, 0.07692307978868484, 0.0, 0.0, 0.0, 0.0, 0.07692307978868484, 0.0, 0.0, 0.0, 0.07692307978868484, 0.07692307978868484, 0.0], 2: [0.0, 0.0, 0.07692307978868484, 0.07692307978868484, 0.07692307978868484, 0.0, 0.0, 0.07692307978868484, 0.0, 0.07692307978868484, 0.07692307978868484, 0.0, 0.07692307978868484, 0.0, 0.0, 0.07692307978868484, 0.0, 0.0, 0.0, 0.07692307978868484, 0.07692307978868484, 0.0, 0.0, 0.0, 0.0, 0.07692307978868484, 0.0, 0.0, 0.0, 0.07692307978868484, 0.07692307978868484, 0.0], 3: [0.0, 0.0, 0.07692307978868484, 0.07692307978868484, 0.07692307978868484, 0.0, 0.0, 0.07692307978868484, 0.0, 0.07692307978868484, 0.07692307978868484, 0.0, 0.07692307978868484, 0.0, 0.0, 0.07692307978868484, 0.0, 0.0, 0.0, 0.07692307978868484, 0.07692307978868484, 0.0, 0.0, 0.0, 0.0, 0.07692307978868484, 0.0, 0.0, 0.0, 0.07692307978868484, 0.07692307978868484, 0.0]}}
==================================================
[DEBUG]   Trump Analysis:
[DEBUG]     Probabilities: [0. 1. 0. 0.]
[DEBUG]     Predicted trump: D
[DEBUG]     Confidence: 1.0000
[DEBUG]   Opponent Strength Analysis:
[DEBUG]     Opponent 0: 0.0467
[DEBUG]     Opponent 2: 0.0467
[DEBUG]     Opponent 3: 0.0467
[DEBUG]   Void Suit Analysis:
[DEBUG]     Opponent 0 void in: ['D', 'C', 'S']
[DEBUG]     Opponent 2 void in: ['D', 'C', 'S']
[DEBUG]     Opponent 3 void in: ['D', 'C', 'S']
[DEBUG]   Uncertainty: 0.0000
[DEBUG]     Strategy: Smart ISMCTS + Belief Model Bidding
[DEBUG]     Using ISMCTS for strategic bidding decision
[DEBUG]     Running ISMCTS with 1000 simulations...
[DEBUG]     ISMCTS completed, best action: 17
Pass: Player 1 (min_allowed=18)
[DEBUG] BIDDING ANALYSIS - Player 2 (Hybrid Agent 2)
[DEBUG]   Bidding hand: ['8S', '10H', '10C', 'QS']
[DEBUG]   Hand strength: 0.071
[DEBUG]   Current bid: 17
[DEBUG]   Present suits: ['C', 'H', 'S']
[DEBUG]   Point prediction: 5.3 points
[DEBUG]     Updated beliefs for current game state
[DEBUG]     Game phase: GamePhase.BIDDING
[DEBUG]     Current trick: 0 cards
[DEBUG]     Completed tricks: 0

=== RAW OUTPUT: Belief Model Outputs - Player 2 ===
{'phase': 'GamePhase.BIDDING', 'trump_suit_probs': [0.0, 1.0, 0.0, 0.0], 'uncertainty': 0.0, 'void_suits': {0: [0.0, 1.0, 1.0, 1.0], 1: [0.0, 1.0, 1.0, 1.0], 3: [0.0, 1.0, 1.0, 1.0]}, 'opponent_hand_probs': {0: [0.0, 0.0, 0.07692307978868484, 0.0, 0.07692307978868484, 0.0, 0.0, 0.07692307978868484, 0.07692307978868484, 0.07692307978868484, 0.07692307978868484, 0.0, 0.07692307978868484, 0.0, 0.0, 0.07692307978868484, 0.0, 0.07692307978868484, 0.0, 0.0, 0.07692307978868484, 0.0, 0.0, 0.07692307978868484, 0.0, 0.0, 0.0, 0.0, 0.0, 0.0, 0.07692307978868484, 0.07692307978868484], 1: [0.0, 0.0, 0.07692307978868484, 0.0, 0.07692307978868484, 0.0, 0.0, 0.07692307978868484, 0.07692307978868484, 0.07692307978868484, 0.07692307978868484, 0.0, 0.07692307978868484, 0.0, 0.0, 0.07692307978868484, 0.0, 0.07692307978868484, 0.0, 0.0, 0.07692307978868484, 0.0, 0.0, 0.07692307978868484, 0.0, 0.0, 0.0, 0.0, 0.0, 0.0, 0.07692307978868484, 0.07692307978868484], 3: [0.0, 0.0, 0.07692307978868484, 0.0, 0.07692307978868484, 0.0, 0.0, 0.07692307978868484, 0.07692307978868484, 0.07692307978868484, 0.07692307978868484, 0.0, 0.07692307978868484, 0.0, 0.0, 0.07692307978868484, 0.0, 0.07692307978868484, 0.0, 0.0, 0.07692307978868484, 0.0, 0.0, 0.07692307978868484, 0.0, 0.0, 0.0, 0.0, 0.0, 0.0, 0.07692307978868484, 0.07692307978868484]}}
==================================================
[DEBUG]   Trump Analysis:
[DEBUG]     Probabilities: [0. 1. 0. 0.]
[DEBUG]     Predicted trump: D
[DEBUG]     Confidence: 1.0000
[DEBUG]   Opponent Strength Analysis:
[DEBUG]     Opponent 0: 0.0467
[DEBUG]     Opponent 1: 0.0467
[DEBUG]     Opponent 3: 0.0467
[DEBUG]   Void Suit Analysis:
[DEBUG]     Opponent 0 void in: ['D', 'C', 'S']
[DEBUG]     Opponent 1 void in: ['D', 'C', 'S']
[DEBUG]     Opponent 3 void in: ['D', 'C', 'S']
[DEBUG]   Uncertainty: 0.0000
[DEBUG]     Strategy: Smart ISMCTS + Belief Model Bidding
[DEBUG]     Using ISMCTS for strategic bidding decision
[DEBUG]     Running ISMCTS with 1000 simulations...
[DEBUG]     ISMCTS completed, best action: 17
Pass: Player 2 (min_allowed=18)
[DEBUG] BIDDING ANALYSIS - Player 3 (Hybrid Agent 3)
[DEBUG]   Bidding hand: ['QH', 'KS', '10D', 'JD']
[DEBUG]   Hand strength: 0.143
[DEBUG]   Current bid: 17
[DEBUG]   Present suits: ['D', 'H', 'S']
[DEBUG]   Point prediction: 10.7 points
[DEBUG]     Updated beliefs for current game state
[DEBUG]     Game phase: GamePhase.BIDDING
[DEBUG]     Current trick: 0 cards
[DEBUG]     Completed tricks: 0

=== RAW OUTPUT: Belief Model Outputs - Player 3 ===
{'phase': 'GamePhase.BIDDING', 'trump_suit_probs': [0.0, 1.0, 0.0, 0.0], 'uncertainty': 0.0, 'void_suits': {0: [0.0, 1.0, 1.0, 1.0], 1: [0.0, 1.0, 1.0, 1.0], 2: [0.0, 1.0, 1.0, 1.0]}, 'opponent_hand_probs': {0: [0.0, 0.0, 0.06666667014360428, 0.06666667014360428, 0.06666667014360428, 0.0, 0.0, 0.06666667014360428, 0.06666667014360428, 0.06666667014360428, 0.06666667014360428, 0.0, 0.0, 0.0, 0.0, 0.06666667014360428, 0.0, 0.06666667014360428, 0.0, 0.06666667014360428, 0.06666667014360428, 0.0, 0.0, 0.06666667014360428, 0.0, 0.06666667014360428, 0.0, 0.0, 0.0, 0.06666667014360428, 0.0, 0.06666667014360428], 1: [0.0, 0.0, 0.06666667014360428, 0.06666667014360428, 0.06666667014360428, 0.0, 0.0, 0.06666667014360428, 0.06666667014360428, 0.06666667014360428, 0.06666667014360428, 0.0, 0.0, 0.0, 0.0, 0.06666667014360428, 0.0, 0.06666667014360428, 0.0, 0.06666667014360428, 0.06666667014360428, 0.0, 0.0, 0.06666667014360428, 0.0, 0.06666667014360428, 0.0, 0.0, 0.0, 0.06666667014360428, 0.0, 0.06666667014360428], 2: [0.0, 0.0, 0.06666667014360428, 0.06666667014360428, 0.06666667014360428, 0.0, 0.0, 0.06666667014360428, 0.06666667014360428, 0.06666667014360428, 0.06666667014360428, 0.0, 0.0, 0.0, 0.0, 0.06666667014360428, 0.0, 0.06666667014360428, 0.0, 0.06666667014360428, 0.06666667014360428, 0.0, 0.0, 0.06666667014360428, 0.0, 0.06666667014360428, 0.0, 0.0, 0.0, 0.06666667014360428, 0.0, 0.06666667014360428]}}
==================================================
[DEBUG]   Trump Analysis:
[DEBUG]     Probabilities: [0. 1. 0. 0.]
[DEBUG]     Predicted trump: D
[DEBUG]     Confidence: 1.0000
[DEBUG]   Opponent Strength Analysis:
[DEBUG]     Opponent 0: 0.0381
[DEBUG]     Opponent 1: 0.0381
[DEBUG]     Opponent 2: 0.0381
[DEBUG]   Void Suit Analysis:
[DEBUG]     Opponent 0 void in: ['D', 'C', 'S']
[DEBUG]     Opponent 1 void in: ['D', 'C', 'S']
[DEBUG]     Opponent 2 void in: ['D', 'C', 'S']
[DEBUG]   Uncertainty: 0.0000
[DEBUG]     Strategy: Smart ISMCTS + Belief Model Bidding
[DEBUG]     Using ISMCTS for strategic bidding decision
[DEBUG]     Running ISMCTS with 1000 simulations...
[DEBUG]     ISMCTS completed, best action: 17
Pass: Player 3 (min_allowed=18)
Auction winner: Player 0 with bid 17
[DEBUG] TRUMP SELECTION - Player 0 (Hybrid Agent 0)
[DEBUG]   Hand: ['KH', '7C', 'QC', 'AH']
[DEBUG]   Hybrid agent selected trump: D (method: belief_model)
[DEBUG]   Confidence: 1.000
[DEBUG]   Reasoning: Trump probabilities: {'H': np.float32(0.0), 'D': np.float32(1.0), 'C': np.float32(0.0), 'S': np.float32(0.0)}
[DEBUG]     Updating belief model with new information:
[DEBUG]       Action: trump_revealed
[DEBUG]         Trump suit set to D
[DEBUG]       Belief model updated successfully
Bidder sets concealed trump suit: D
Phase: concealed, bidder concealed card: [face-down trump]

Full hands (8 cards each):
Player 0 full hand: ['KH', '7C', 'QC', 'AH', '7S', '7H', '9C', 'JC']
Player 1 full hand: ['8C', '7D', 'AS', 'AC', '9D', 'AD', '8D', '9H']
Player 2 full hand: ['8S', '10H', '10C', 'QS', 'KC', 'JH', '8H', 'KD']
Player 3 full hand: ['QH', 'KS', '10D', 'JD', '10S', 'JS', '9S', 'QD']

Player 0 (auction 4 cards): ['KH', '7C', 'QC', 'AH']
Player 1 (auction 4 cards): ['8C', '7D', 'AS', 'AC']
Player 2 (auction 4 cards): ['8S', '10H', '10C', 'QS']
Player 3 (auction 4 cards): ['QH', 'KS', '10D', 'JD']
Auction winner (bidder): Player 0 with bid 17
Bidder sets concealed trump suit: D
Phase: concealed, bidder concealed card: [face-down trump]

[DEBUG]   Player 0 (Hybrid Agent 0) choosing card:
[DEBUG]     Remaining hand (8 cards): ['KH', '7C', 'QC', 'AH', '7S', '7H', '9C', 'JC']
[DEBUG]     Legal cards (8): ['KH', '7C', 'QC', 'AH', '7S', '7H', '9C', 'JC']
[DEBUG]     Current trick: 0 cards played
[DEBUG]     Trump suit: D
[DEBUG]     Hybrid agent selected card: JC (method: belief_model)
[DEBUG]     Confidence: 0.650
[DEBUG]     Reasoning: Card evaluation score: 3.000
[DEBUG]     Updating belief model with new information:
[DEBUG]       Action: card_played
[DEBUG]       Belief model updated successfully
[DEBUG]   Player 1 (Hybrid Agent 1) choosing card:
[DEBUG]     Remaining hand (8 cards): ['8C', '7D', 'AS', 'AC', '9D', 'AD', '8D', '9H']
[DEBUG]     Legal cards (2): ['8C', 'AC']
[DEBUG]     Current trick: 1 cards played
[DEBUG]     Lead suit: C
[DEBUG]     Trump suit: D
[DEBUG]     Hybrid agent selected card: AC (method: belief_model)
[DEBUG]     Confidence: 0.550
[DEBUG]     Reasoning: Card evaluation score: 1.000
[DEBUG]     Updating belief model with new information:
[DEBUG]       Action: card_played
[DEBUG]       Belief model updated successfully
[DEBUG]   Player 2 (Hybrid Agent 2) choosing card:
[DEBUG]     Remaining hand (8 cards): ['8S', '10H', '10C', 'QS', 'KC', 'JH', '8H', 'KD']
[DEBUG]     Legal cards (2): ['10C', 'KC']
[DEBUG]     Current trick: 2 cards played
[DEBUG]     Lead suit: C
[DEBUG]     Trump suit: D
[DEBUG]     Hybrid agent selected card: 10C (method: belief_model)
[DEBUG]     Confidence: 0.550
[DEBUG]     Reasoning: Card evaluation score: 1.000
[DEBUG]     Updating belief model with new information:
[DEBUG]       Action: card_played
[DEBUG]       Belief model updated successfully
[DEBUG]   Player 3 (Hybrid Agent 3) choosing card:
[DEBUG]     Remaining hand (8 cards): ['QH', 'KS', '10D', 'JD', '10S', 'JS', '9S', 'QD']
[DEBUG]     Legal cards (8): ['QH', 'KS', '10D', 'JD', '10S', 'JS', '9S', 'QD']
[DEBUG]     Current trick: 3 cards played
[DEBUG]     Lead suit: C
[DEBUG]     Trump suit: D
[DEBUG]     Hybrid agent selected card: JD (method: belief_model)
[DEBUG]     Confidence: 0.800
[DEBUG]     Reasoning: Card evaluation score: 6.000
[DEBUG]     Updating belief model with new information:
[DEBUG]       Action: card_played
[DEBUG]         Trump revealed! Phase updated to REVEALED
[DEBUG]         Player 3 void in C (played D)
[DEBUG]       Belief model updated successfully
-- Phase 2 begins: Trump revealed as D by Player 3 on trick 1 --
[DEBUG] TRUMP REVEALED!
[DEBUG]   Player 3 revealed trump D
[DEBUG]   Trick number: 1
[DEBUG]   Card played: JD
[DEBUG]   Game phase changed from CONCEALED to REVEALED
Trick 1 order: P0:JC, P1:AC, P2:10C, P3:JD
Player 3 won the hand: 8 points


[DEBUG]   Player 3 (Hybrid Agent 3) choosing card:
[DEBUG]     Remaining hand (7 cards): ['QH', 'KS', '10D', '10S', 'JS', '9S', 'QD']
[DEBUG]     Legal cards (7): ['QH', 'KS', '10D', '10S', 'JS', '9S', 'QD']
[DEBUG]     Current trick: 0 cards played
[DEBUG]     Trump suit: D
[DEBUG]     Hybrid agent selected card: JS (method: belief_model)
[DEBUG]     Confidence: 0.650
[DEBUG]     Reasoning: Card evaluation score: 3.000
[DEBUG]     Updating belief model with new information:
[DEBUG]       Action: card_played
[DEBUG]       Belief model updated successfully
[DEBUG]   Player 0 (Hybrid Agent 0) choosing card:
[DEBUG]     Remaining hand (7 cards): ['KH', '7C', 'QC', 'AH', '7S', '7H', '9C']
[DEBUG]     Legal cards (1): ['7S']
[DEBUG]     Current trick: 1 cards played
[DEBUG]     Lead suit: S
[DEBUG]     Trump suit: D
[DEBUG]     Hybrid agent selected card: 7S (method: belief_model)
[DEBUG]     Confidence: 0.500
[DEBUG]     Reasoning: Card evaluation score: 0.000
[DEBUG]     Updating belief model with new information:
[DEBUG]       Action: card_played
[DEBUG]       Belief model updated successfully
[DEBUG]   Player 1 (Hybrid Agent 1) choosing card:
[DEBUG]     Remaining hand (7 cards): ['8C', '7D', 'AS', '9D', 'AD', '8D', '9H']
[DEBUG]     Legal cards (1): ['AS']
[DEBUG]     Current trick: 2 cards played
[DEBUG]     Lead suit: S
[DEBUG]     Trump suit: D
[DEBUG]     Hybrid agent selected card: AS (method: belief_model)
[DEBUG]     Confidence: 0.550
[DEBUG]     Reasoning: Card evaluation score: 1.000
[DEBUG]     Updating belief model with new information:
[DEBUG]       Action: card_played
[DEBUG]       Belief model updated successfully
[DEBUG]   Player 2 (Hybrid Agent 2) choosing card:
[DEBUG]     Remaining hand (7 cards): ['8S', '10H', 'QS', 'KC', 'JH', '8H', 'KD']
[DEBUG]     Legal cards (2): ['8S', 'QS']
[DEBUG]     Current trick: 3 cards played
[DEBUG]     Lead suit: S
[DEBUG]     Trump suit: D
[DEBUG]     Hybrid agent selected card: 8S (method: belief_model)
[DEBUG]     Confidence: 0.500
[DEBUG]     Reasoning: Card evaluation score: 0.000
[DEBUG]     Updating belief model with new information:
[DEBUG]       Action: card_played
[DEBUG]       Belief model updated successfully
Trick 2 order: P3:JS, P0:7S, P1:AS, P2:8S
Player 3 won the hand: 4 points


[DEBUG]   Player 3 (Hybrid Agent 3) choosing card:
[DEBUG]     Remaining hand (6 cards): ['QH', 'KS', '10D', '10S', '9S', 'QD']
[DEBUG]     Legal cards (6): ['QH', 'KS', '10D', '10S', '9S', 'QD']
[DEBUG]     Current trick: 0 cards played
[DEBUG]     Trump suit: D
[DEBUG]     Hybrid agent selected card: 10D (method: belief_model)
[DEBUG]     Confidence: 0.600
[DEBUG]     Reasoning: Card evaluation score: 2.000
[DEBUG]     Updating belief model with new information:
[DEBUG]       Action: card_played
[DEBUG]       Belief model updated successfully
[DEBUG]   Player 0 (Hybrid Agent 0) choosing card:
[DEBUG]     Remaining hand (6 cards): ['KH', '7C', 'QC', 'AH', '7H', '9C']
[DEBUG]     Legal cards (6): ['KH', '7C', 'QC', 'AH', '7H', '9C']
[DEBUG]     Current trick: 1 cards played
[DEBUG]     Lead suit: D
[DEBUG]     Trump suit: D
[DEBUG]     Hybrid agent selected card: 9C (method: belief_model)
[DEBUG]     Confidence: 0.600
[DEBUG]     Reasoning: Card evaluation score: 2.000
[DEBUG]     Updating belief model with new information:
[DEBUG]       Action: card_played
[DEBUG]         Player 0 void in D (played C)
[DEBUG]       Belief model updated successfully
[DEBUG]   Player 1 (Hybrid Agent 1) choosing card:
[DEBUG]     Remaining hand (6 cards): ['8C', '7D', '9D', 'AD', '8D', '9H']
[DEBUG]     Legal cards (4): ['7D', '9D', 'AD', '8D']
[DEBUG]     Current trick: 2 cards played
[DEBUG]     Lead suit: D
[DEBUG]     Trump suit: D
[DEBUG]     Hybrid agent selected card: 9D (method: belief_model)
[DEBUG]     Confidence: 0.900
[DEBUG]     Reasoning: Card evaluation score: 9.000
[DEBUG]     Updating belief model with new information:
[DEBUG]       Action: card_played
[DEBUG]       Belief model updated successfully
[DEBUG]   Player 2 (Hybrid Agent 2) choosing card:
[DEBUG]     Remaining hand (6 cards): ['10H', 'QS', 'KC', 'JH', '8H', 'KD']
[DEBUG]     Legal cards (1): ['KD']
[DEBUG]     Current trick: 3 cards played
[DEBUG]     Lead suit: D
[DEBUG]     Trump suit: D
[DEBUG]     Hybrid agent selected card: KD (method: belief_model)
[DEBUG]     Confidence: 0.500
[DEBUG]     Reasoning: Card evaluation score: 0.000
[DEBUG]     Updating belief model with new information:
[DEBUG]       Action: card_played
[DEBUG]       Belief model updated successfully
Trick 3 order: P3:10D, P0:9C, P1:9D, P2:KD
Player 1 won the hand: 5 points


[DEBUG]   Player 1 (Hybrid Agent 1) choosing card:
[DEBUG]     Remaining hand (5 cards): ['8C', '7D', 'AD', '8D', '9H']
[DEBUG]     Legal cards (5): ['8C', '7D', 'AD', '8D', '9H']
[DEBUG]     Current trick: 0 cards played
[DEBUG]     Trump suit: D
[DEBUG]     Hybrid agent selected card: AD (method: hybrid)
[DEBUG]     Confidence: 0.660
[DEBUG]     Reasoning: Hybrid card: Belief(AD, 0.600) vs ISMCTS(AD, 0.720)
[DEBUG]     Updating belief model with new information:
[DEBUG]       Action: card_played
[DEBUG]       Belief model updated successfully
[DEBUG]   Player 2 (Hybrid Agent 2) choosing card:
[DEBUG]     Remaining hand (5 cards): ['10H', 'QS', 'KC', 'JH', '8H']
[DEBUG]     Legal cards (5): ['10H', 'QS', 'KC', 'JH', '8H']
[DEBUG]     Current trick: 1 cards played
[DEBUG]     Lead suit: D
[DEBUG]     Trump suit: D
[DEBUG]     Hybrid agent selected card: JH (method: hybrid)
[DEBUG]     Confidence: 0.715
[DEBUG]     Reasoning: Hybrid card: Belief(JH, 0.650) vs ISMCTS(JH, 0.780)
[DEBUG]     Updating belief model with new information:
[DEBUG]       Action: card_played
[DEBUG]         Player 2 void in D (played H)
[DEBUG]       Belief model updated successfully
[DEBUG]   Player 3 (Hybrid Agent 3) choosing card:
[DEBUG]     Remaining hand (5 cards): ['QH', 'KS', '10S', '9S', 'QD']
[DEBUG]     Legal cards (1): ['QD']
[DEBUG]     Current trick: 2 cards played
[DEBUG]     Lead suit: D
[DEBUG]     Trump suit: D
[DEBUG]     Hybrid agent selected card: QD (method: hybrid)
[DEBUG]     Confidence: 0.550
[DEBUG]     Reasoning: Hybrid card: Belief(QD, 0.500) vs ISMCTS(QD, 0.600)
[DEBUG]     Updating belief model with new information:
[DEBUG]       Action: card_played
[DEBUG]       Belief model updated successfully
[DEBUG]   Player 0 (Hybrid Agent 0) choosing card:
[DEBUG]     Remaining hand (5 cards): ['KH', '7C', 'QC', 'AH', '7H']
[DEBUG]     Legal cards (5): ['KH', '7C', 'QC', 'AH', '7H']
[DEBUG]     Current trick: 3 cards played
[DEBUG]     Lead suit: D
[DEBUG]     Trump suit: D
[DEBUG]     Hybrid agent selected card: AH (method: hybrid)
[DEBUG]     Confidence: 0.605
[DEBUG]     Reasoning: Hybrid card: Belief(AH, 0.550) vs ISMCTS(AH, 0.660)
[DEBUG]     Updating belief model with new information:
[DEBUG]       Action: card_played
[DEBUG]         Player 0 void in D (played H)
[DEBUG]       Belief model updated successfully
Trick 4 order: P1:AD, P2:JH, P3:QD, P0:AH
Player 1 won the hand: 5 points


[DEBUG]   Player 1 (Hybrid Agent 1) choosing card:
[DEBUG]     Remaining hand (4 cards): ['8C', '7D', '8D', '9H']
[DEBUG]     Legal cards (4): ['8C', '7D', '8D', '9H']
[DEBUG]     Current trick: 0 cards played
[DEBUG]     Trump suit: D
[DEBUG]     Hybrid agent selected card: 9H (method: hybrid)
[DEBUG]     Confidence: 0.660
[DEBUG]     Reasoning: Hybrid card: Belief(9H, 0.600) vs ISMCTS(9H, 0.720)
[DEBUG]     Updating belief model with new information:
[DEBUG]       Action: card_played
[DEBUG]       Belief model updated successfully
[DEBUG]   Player 2 (Hybrid Agent 2) choosing card:
[DEBUG]     Remaining hand (4 cards): ['10H', 'QS', 'KC', '8H']
[DEBUG]     Legal cards (2): ['10H', '8H']
[DEBUG]     Current trick: 1 cards played
[DEBUG]     Lead suit: H
[DEBUG]     Trump suit: D
[DEBUG]     Hybrid agent selected card: 10H (method: hybrid)
[DEBUG]     Confidence: 0.605
[DEBUG]     Reasoning: Hybrid card: Belief(10H, 0.550) vs ISMCTS(10H, 0.660)
[DEBUG]     Updating belief model with new information:
[DEBUG]       Action: card_played
[DEBUG]       Belief model updated successfully
[DEBUG]   Player 3 (Hybrid Agent 3) choosing card:
[DEBUG]     Remaining hand (4 cards): ['QH', 'KS', '10S', '9S']
[DEBUG]     Legal cards (1): ['QH']
[DEBUG]     Current trick: 2 cards played
[DEBUG]     Lead suit: H
[DEBUG]     Trump suit: D
[DEBUG]     Hybrid agent selected card: QH (method: hybrid)
[DEBUG]     Confidence: 0.550
[DEBUG]     Reasoning: Hybrid card: Belief(QH, 0.500) vs ISMCTS(QH, 0.600)
[DEBUG]     Updating belief model with new information:
[DEBUG]       Action: card_played
[DEBUG]       Belief model updated successfully
[DEBUG]   Player 0 (Hybrid Agent 0) choosing card:
[DEBUG]     Remaining hand (4 cards): ['KH', '7C', 'QC', '7H']
[DEBUG]     Legal cards (2): ['KH', '7H']
[DEBUG]     Current trick: 3 cards played
[DEBUG]     Lead suit: H
[DEBUG]     Trump suit: D
[DEBUG]     Hybrid agent selected card: KH (method: hybrid)
[DEBUG]     Confidence: 0.550
[DEBUG]     Reasoning: Hybrid card: Belief(KH, 0.500) vs ISMCTS(KH, 0.600)
[DEBUG]     Updating belief model with new information:
[DEBUG]       Action: card_played
[DEBUG]       Belief model updated successfully
Trick 5 order: P1:9H, P2:10H, P3:QH, P0:KH
Player 1 won the hand: 3 points


[DEBUG]   Player 1 (Hybrid Agent 1) choosing card:
[DEBUG]     Remaining hand (3 cards): ['8C', '7D', '8D']
[DEBUG]     Legal cards (3): ['8C', '7D', '8D']
[DEBUG]     Current trick: 0 cards played
[DEBUG]     Trump suit: D
[DEBUG]     Hybrid agent selected card: 8C (method: hybrid)
[DEBUG]     Confidence: 0.550
[DEBUG]     Reasoning: Hybrid card: Belief(8C, 0.500) vs ISMCTS(8C, 0.600)
[DEBUG]     Updating belief model with new information:
[DEBUG]       Action: card_played
[DEBUG]       Belief model updated successfully
[DEBUG]   Player 2 (Hybrid Agent 2) choosing card:
[DEBUG]     Remaining hand (3 cards): ['QS', 'KC', '8H']
[DEBUG]     Legal cards (1): ['KC']
[DEBUG]     Current trick: 1 cards played
[DEBUG]     Lead suit: C
[DEBUG]     Trump suit: D
[DEBUG]     Hybrid agent selected card: KC (method: hybrid)
[DEBUG]     Confidence: 0.550
[DEBUG]     Reasoning: Hybrid card: Belief(KC, 0.500) vs ISMCTS(KC, 0.600)
[DEBUG]     Updating belief model with new information:
[DEBUG]       Action: card_played
[DEBUG]       Belief model updated successfully
[DEBUG]   Player 3 (Hybrid Agent 3) choosing card:
[DEBUG]     Remaining hand (3 cards): ['KS', '10S', '9S']
[DEBUG]     Legal cards (3): ['KS', '10S', '9S']
[DEBUG]     Current trick: 2 cards played
[DEBUG]     Lead suit: C
[DEBUG]     Trump suit: D
[DEBUG]     Hybrid agent selected card: 9S (method: hybrid)
[DEBUG]     Confidence: 0.660
[DEBUG]     Reasoning: Hybrid card: Belief(9S, 0.600) vs ISMCTS(9S, 0.720)
[DEBUG]     Updating belief model with new information:
[DEBUG]       Action: card_played
[DEBUG]         Player 3 void in C (played S)
[DEBUG]       Belief model updated successfully
[DEBUG]   Player 0 (Hybrid Agent 0) choosing card:
[DEBUG]     Remaining hand (3 cards): ['7C', 'QC', '7H']
[DEBUG]     Legal cards (2): ['7C', 'QC']
[DEBUG]     Current trick: 3 cards played
[DEBUG]     Lead suit: C
[DEBUG]     Trump suit: D
[DEBUG]     Hybrid agent selected card: 7C (method: hybrid)
[DEBUG]     Confidence: 0.550
[DEBUG]     Reasoning: Hybrid card: Belief(7C, 0.500) vs ISMCTS(7C, 0.600)
[DEBUG]     Updating belief model with new information:
[DEBUG]       Action: card_played
[DEBUG]       Belief model updated successfully
Trick 6 order: P1:8C, P2:KC, P3:9S, P0:7C
Player 2 won the hand: 2 points


[DEBUG]   Player 2 (Hybrid Agent 2) choosing card:
[DEBUG]     Remaining hand (2 cards): ['QS', '8H']
[DEBUG]     Legal cards (2): ['QS', '8H']
[DEBUG]     Current trick: 0 cards played
[DEBUG]     Trump suit: D
[DEBUG]     Hybrid agent selected card: QS (method: ismcts)
[DEBUG]     Confidence: 0.600
[DEBUG]     Reasoning: Card evaluation score: 0.000
[DEBUG]     Updating belief model with new information:
[DEBUG]       Action: card_played
[DEBUG]       Belief model updated successfully
[DEBUG]   Player 3 (Hybrid Agent 3) choosing card:
[DEBUG]     Remaining hand (2 cards): ['KS', '10S']
[DEBUG]     Legal cards (2): ['KS', '10S']
[DEBUG]     Current trick: 1 cards played
[DEBUG]     Lead suit: S
[DEBUG]     Trump suit: D
[DEBUG]     Hybrid agent selected card: 10S (method: ismcts)
[DEBUG]     Confidence: 0.950
[DEBUG]     Reasoning: Card evaluation score: 6.000
[DEBUG]     Updating belief model with new information:
[DEBUG]       Action: card_played
[DEBUG]       Belief model updated successfully
[DEBUG]   Player 0 (Hybrid Agent 0) choosing card:
[DEBUG]     Remaining hand (2 cards): ['QC', '7H']
[DEBUG]     Legal cards (2): ['QC', '7H']
[DEBUG]     Current trick: 2 cards played
[DEBUG]     Lead suit: S
[DEBUG]     Trump suit: D
[DEBUG]     Hybrid agent selected card: QC (method: ismcts)
[DEBUG]     Confidence: 0.600
[DEBUG]     Reasoning: Card evaluation score: 0.000
[DEBUG]     Updating belief model with new information:
[DEBUG]       Action: card_played
[DEBUG]         Player 0 void in S (played C)
[DEBUG]       Belief model updated successfully
[DEBUG]   Player 1 (Hybrid Agent 1) choosing card:
[DEBUG]     Remaining hand (2 cards): ['7D', '8D']
[DEBUG]     Legal cards (2): ['7D', '8D']
[DEBUG]     Current trick: 3 cards played
[DEBUG]     Lead suit: S
[DEBUG]     Trump suit: D
[DEBUG]     Hybrid agent selected card: 7D (method: ismcts)
[DEBUG]     Confidence: 0.600
[DEBUG]     Reasoning: Card evaluation score: 0.000
[DEBUG]     Updating belief model with new information:
[DEBUG]       Action: card_played
[DEBUG]         Player 1 void in S (played D)
[DEBUG]       Belief model updated successfully
Trick 7 order: P2:QS, P3:10S, P0:QC, P1:7D
Player 1 won the hand: 1 points


[DEBUG]   Player 1 (Hybrid Agent 1) choosing card:
[DEBUG]     Remaining hand (1 cards): ['8D']
[DEBUG]     Legal cards (1): ['8D']
[DEBUG]     Current trick: 0 cards played
[DEBUG]     Trump suit: D
[DEBUG]     Hybrid agent selected card: 8D (method: ismcts)
[DEBUG]     Confidence: 0.600
[DEBUG]     Reasoning: Card evaluation score: 0.000
[DEBUG]     Updating belief model with new information:
[DEBUG]       Action: card_played
[DEBUG]       Belief model updated successfully
[DEBUG]   Player 2 (Hybrid Agent 2) choosing card:
[DEBUG]     Remaining hand (1 cards): ['8H']
[DEBUG]     Legal cards (1): ['8H']
[DEBUG]     Current trick: 1 cards played
[DEBUG]     Lead suit: D
[DEBUG]     Trump suit: D
[DEBUG]     Hybrid agent selected card: 8H (method: ismcts)
[DEBUG]     Confidence: 0.600
[DEBUG]     Reasoning: Card evaluation score: 0.000
[DEBUG]     Updating belief model with new information:
[DEBUG]       Action: card_played
[DEBUG]         Player 2 void in D (played H)
[DEBUG]       Belief model updated successfully
[DEBUG]   Player 3 (Hybrid Agent 3) choosing card:
[DEBUG]     Remaining hand (1 cards): ['KS']
[DEBUG]     Legal cards (1): ['KS']
[DEBUG]     Current trick: 2 cards played
[DEBUG]     Lead suit: D
[DEBUG]     Trump suit: D
[DEBUG]     Hybrid agent selected card: KS (method: ismcts)
[DEBUG]     Confidence: 0.600
[DEBUG]     Reasoning: Card evaluation score: 0.000
[DEBUG]     Updating belief model with new information:
[DEBUG]       Action: card_played
[DEBUG]         Player 3 void in D (played S)
[DEBUG]       Belief model updated successfully
[DEBUG]   Player 0 (Hybrid Agent 0) choosing card:
[DEBUG]     Remaining hand (1 cards): ['7H']
[DEBUG]     Legal cards (1): ['7H']
[DEBUG]     Current trick: 3 cards played
[DEBUG]     Lead suit: D
[DEBUG]     Trump suit: D
[DEBUG]     Hybrid agent selected card: 7H (method: ismcts)
[DEBUG]     Confidence: 0.600
[DEBUG]     Reasoning: Card evaluation score: 0.000
[DEBUG]     Updating belief model with new information:
[DEBUG]       Action: card_played
[DEBUG]         Player 0 void in D (played H)
[DEBUG]       Belief model updated successfully
Trick 8 order: P1:8D, P2:8H, P3:KS, P0:7H
Player 1 won the hand: 0 points


=== GAME SUMMARY ===
Team A (Players 0 & 2): 2 points
Team B (Players 1 & 3): 26 points
Bidder: Player 0 (Team A)
Winning Bid: 17
Bid Success: NO
Game Winner: Team A (Players 0 & 2)
Total Tricks: 8