
===== GAME 134 (20250830_054421_440) =====
Player 0 initial hand (bidding): ['AS', '7S', '8C', '8S']
Player 1 initial hand (bidding): ['QS', '7D', 'AH', 'JC']
Player 2 initial hand (bidding): ['8D', '10C', 'AC', 'JD']
Player 3 initial hand (bidding): ['9S', '10H', '10S', 'KH']

===== AUCTION =====
[DEBUG] BIDDING ANALYSIS - Player 0 (Hybrid Agent 0)
[DEBUG]   Bidding hand: ['AS', '7S', '8C', '8S']
[DEBUG]   Hand strength: 0.036
[DEBUG]   Current bid: 16
[DEBUG]   Present suits: ['C', 'S']
[DEBUG]   Point prediction: 2.6 points
[DEBUG]     Updated beliefs for current game state
[DEBUG]     Game phase: GamePhase.BIDDING
[DEBUG]     Current trick: 0 cards
[DEBUG]     Completed tricks: 0

=== RAW OUTPUT: Belief Model Outputs - Player 0 ===
{'phase': 'GamePhase.BIDDING', 'trump_suit_probs': [0.0, 1.0, 0.0, 0.0], 'uncertainty': 0.0, 'void_suits': {1: [0.0, 1.0, 1.0, 1.0], 2: [0.0, 1.0, 1.0, 1.0], 3: [0.0, 1.0, 1.0, 1.0]}, 'opponent_hand_probs': {1: [0.0, 0.0, 0.0714285746216774, 0.0714285746216774, 0.0714285746216774, 0.0, 0.0, 0.0714285746216774, 0.0714285746216774, 0.0714285746216774, 0.0714285746216774, 0.0, 0.0714285746216774, 0.0, 0.0, 0.0714285746216774, 0.0, 0.0, 0.0, 0.0714285746216774, 0.0714285746216774, 0.0, 0.0, 0.0714285746216774, 0.0, 0.0, 0.0, 0.0, 0.0, 0.0714285746216774, 0.0714285746216774, 0.0], 2: [0.0, 0.0, 0.0714285746216774, 0.0714285746216774, 0.0714285746216774, 0.0, 0.0, 0.0714285746216774, 0.0714285746216774, 0.0714285746216774, 0.0714285746216774, 0.0, 0.0714285746216774, 0.0, 0.0, 0.0714285746216774, 0.0, 0.0, 0.0, 0.0714285746216774, 0.0714285746216774, 0.0, 0.0, 0.0714285746216774, 0.0, 0.0, 0.0, 0.0, 0.0, 0.0714285746216774, 0.0714285746216774, 0.0], 3: [0.0, 0.0, 0.0714285746216774, 0.0714285746216774, 0.0714285746216774, 0.0, 0.0, 0.0714285746216774, 0.0714285746216774, 0.0714285746216774, 0.0714285746216774, 0.0, 0.0714285746216774, 0.0, 0.0, 0.0714285746216774, 0.0, 0.0, 0.0, 0.0714285746216774, 0.0714285746216774, 0.0, 0.0, 0.0714285746216774, 0.0, 0.0, 0.0, 0.0, 0.0, 0.0714285746216774, 0.0714285746216774, 0.0]}}
==================================================
[DEBUG]   Trump Analysis:
[DEBUG]     Probabilities: [0. 1. 0. 0.]
[DEBUG]     Predicted trump: D
[DEBUG]     Confidence: 1.0000
[DEBUG]   Opponent Strength Analysis:
[DEBUG]     Opponent 1: 0.0459
[DEBUG]     Opponent 2: 0.0459
[DEBUG]     Opponent 3: 0.0459
[DEBUG]   Void Suit Analysis:
[DEBUG]     Opponent 1 void in: ['D', 'C', 'S']
[DEBUG]     Opponent 2 void in: ['D', 'C', 'S']
[DEBUG]     Opponent 3 void in: ['D', 'C', 'S']
[DEBUG]   Uncertainty: 0.0000
[DEBUG]     Strategy: Smart ISMCTS + Belief Model Bidding
[DEBUG]     Using ISMCTS for strategic bidding decision
[DEBUG]     Running ISMCTS with 1000 simulations...
[DEBUG]     ISMCTS completed, best action: 17
Bid: Player 0 proposes 17 (min_allowed=17) – hand_strength=0.036
[DEBUG] BIDDING ANALYSIS - Player 1 (Hybrid Agent 1)
[DEBUG]   Bidding hand: ['QS', '7D', 'AH', 'JC']
[DEBUG]   Hand strength: 0.143
[DEBUG]   Current bid: 17
[DEBUG]   Present suits: ['D', 'H', 'C', 'S']
[DEBUG]   Point prediction: 6.2 points
[DEBUG]     Updated beliefs for current game state
[DEBUG]     Game phase: GamePhase.BIDDING
[DEBUG]     Current trick: 0 cards
[DEBUG]     Completed tricks: 0

=== RAW OUTPUT: Belief Model Outputs - Player 1 ===
{'phase': 'GamePhase.BIDDING', 'trump_suit_probs': [0.0, 1.0, 0.0, 0.0], 'uncertainty': 0.0, 'void_suits': {0: [0.0, 1.0, 1.0, 1.0], 2: [0.0, 1.0, 1.0, 1.0], 3: [0.0, 1.0, 1.0, 1.0]}, 'opponent_hand_probs': {0: [0.0, 0.0, 0.07692307978868484, 0.07692307978868484, 0.07692307978868484, 0.0, 0.0, 0.0, 0.0, 0.07692307978868484, 0.07692307978868484, 0.0, 0.07692307978868484, 0.0, 0.0, 0.07692307978868484, 0.0, 0.07692307978868484, 0.0, 0.07692307978868484, 0.0, 0.0, 0.0, 0.07692307978868484, 0.0, 0.07692307978868484, 0.0, 0.0, 0.0, 0.0, 0.07692307978868484, 0.07692307978868484], 2: [0.0, 0.0, 0.07692307978868484, 0.07692307978868484, 0.07692307978868484, 0.0, 0.0, 0.0, 0.0, 0.07692307978868484, 0.07692307978868484, 0.0, 0.07692307978868484, 0.0, 0.0, 0.07692307978868484, 0.0, 0.07692307978868484, 0.0, 0.07692307978868484, 0.0, 0.0, 0.0, 0.07692307978868484, 0.0, 0.07692307978868484, 0.0, 0.0, 0.0, 0.0, 0.07692307978868484, 0.07692307978868484], 3: [0.0, 0.0, 0.07692307978868484, 0.07692307978868484, 0.07692307978868484, 0.0, 0.0, 0.0, 0.0, 0.07692307978868484, 0.07692307978868484, 0.0, 0.07692307978868484, 0.0, 0.0, 0.07692307978868484, 0.0, 0.07692307978868484, 0.0, 0.07692307978868484, 0.0, 0.0, 0.0, 0.07692307978868484, 0.0, 0.07692307978868484, 0.0, 0.0, 0.0, 0.0, 0.07692307978868484, 0.07692307978868484]}}
==================================================
[DEBUG]   Trump Analysis:
[DEBUG]     Probabilities: [0. 1. 0. 0.]
[DEBUG]     Predicted trump: D
[DEBUG]     Confidence: 1.0000
[DEBUG]   Opponent Strength Analysis:
[DEBUG]     Opponent 0: 0.0412
[DEBUG]     Opponent 2: 0.0412
[DEBUG]     Opponent 3: 0.0412
[DEBUG]   Void Suit Analysis:
[DEBUG]     Opponent 0 void in: ['D', 'C', 'S']
[DEBUG]     Opponent 2 void in: ['D', 'C', 'S']
[DEBUG]     Opponent 3 void in: ['D', 'C', 'S']
[DEBUG]   Uncertainty: 0.0000
[DEBUG]     Strategy: Smart ISMCTS + Belief Model Bidding
[DEBUG]     Using ISMCTS for strategic bidding decision
[DEBUG]     Running ISMCTS with 1000 simulations...
[DEBUG]     ISMCTS completed, best action: 17
Pass: Player 1 (min_allowed=18)
[DEBUG] BIDDING ANALYSIS - Player 2 (Hybrid Agent 2)
[DEBUG]   Bidding hand: ['8D', '10C', 'AC', 'JD']
[DEBUG]   Hand strength: 0.179
[DEBUG]   Current bid: 17
[DEBUG]   Present suits: ['C', 'D']
[DEBUG]   Point prediction: 8.0 points
[DEBUG]     Updated beliefs for current game state
[DEBUG]     Game phase: GamePhase.BIDDING
[DEBUG]     Current trick: 0 cards
[DEBUG]     Completed tricks: 0

=== RAW OUTPUT: Belief Model Outputs - Player 2 ===
{'phase': 'GamePhase.BIDDING', 'trump_suit_probs': [0.0, 1.0, 0.0, 0.0], 'uncertainty': 0.0, 'void_suits': {0: [0.0, 1.0, 1.0, 1.0], 1: [0.0, 1.0, 1.0, 1.0], 3: [0.0, 1.0, 1.0, 1.0]}, 'opponent_hand_probs': {0: [0.0, 0.0, 0.07692307978868484, 0.07692307978868484, 0.07692307978868484, 0.0, 0.0, 0.07692307978868484, 0.07692307978868484, 0.0, 0.07692307978868484, 0.0, 0.0, 0.0, 0.0, 0.07692307978868484, 0.0, 0.07692307978868484, 0.0, 0.0, 0.07692307978868484, 0.0, 0.0, 0.0, 0.0, 0.07692307978868484, 0.0, 0.0, 0.0, 0.07692307978868484, 0.07692307978868484, 0.07692307978868484], 1: [0.0, 0.0, 0.07692307978868484, 0.07692307978868484, 0.07692307978868484, 0.0, 0.0, 0.07692307978868484, 0.07692307978868484, 0.0, 0.07692307978868484, 0.0, 0.0, 0.0, 0.0, 0.07692307978868484, 0.0, 0.07692307978868484, 0.0, 0.0, 0.07692307978868484, 0.0, 0.0, 0.0, 0.0, 0.07692307978868484, 0.0, 0.0, 0.0, 0.07692307978868484, 0.07692307978868484, 0.07692307978868484], 3: [0.0, 0.0, 0.07692307978868484, 0.07692307978868484, 0.07692307978868484, 0.0, 0.0, 0.07692307978868484, 0.07692307978868484, 0.0, 0.07692307978868484, 0.0, 0.0, 0.0, 0.0, 0.07692307978868484, 0.0, 0.07692307978868484, 0.0, 0.0, 0.07692307978868484, 0.0, 0.0, 0.0, 0.0, 0.07692307978868484, 0.0, 0.0, 0.0, 0.07692307978868484, 0.07692307978868484, 0.07692307978868484]}}
==================================================
[DEBUG]   Trump Analysis:
[DEBUG]     Probabilities: [0. 1. 0. 0.]
[DEBUG]     Predicted trump: D
[DEBUG]     Confidence: 1.0000
[DEBUG]   Opponent Strength Analysis:
[DEBUG]     Opponent 0: 0.0385
[DEBUG]     Opponent 1: 0.0385
[DEBUG]     Opponent 3: 0.0385
[DEBUG]   Void Suit Analysis:
[DEBUG]     Opponent 0 void in: ['D', 'C', 'S']
[DEBUG]     Opponent 1 void in: ['D', 'C', 'S']
[DEBUG]     Opponent 3 void in: ['D', 'C', 'S']
[DEBUG]   Uncertainty: 0.0000
[DEBUG]     Strategy: Smart ISMCTS + Belief Model Bidding
[DEBUG]     Using ISMCTS for strategic bidding decision
[DEBUG]     Running ISMCTS with 1000 simulations...
[DEBUG]     ISMCTS completed, best action: 17
Pass: Player 2 (min_allowed=18)
[DEBUG] BIDDING ANALYSIS - Player 3 (Hybrid Agent 3)
[DEBUG]   Bidding hand: ['9S', '10H', '10S', 'KH']
[DEBUG]   Hand strength: 0.143
[DEBUG]   Current bid: 17
[DEBUG]   Present suits: ['H', 'S']
[DEBUG]   Point prediction: 6.3 points
[DEBUG]     Updated beliefs for current game state
[DEBUG]     Game phase: GamePhase.BIDDING
[DEBUG]     Current trick: 0 cards
[DEBUG]     Completed tricks: 0

=== RAW OUTPUT: Belief Model Outputs - Player 3 ===
{'phase': 'GamePhase.BIDDING', 'trump_suit_probs': [0.0, 1.0, 0.0, 0.0], 'uncertainty': 0.0, 'void_suits': {0: [0.0, 1.0, 1.0, 1.0], 1: [0.0, 1.0, 1.0, 1.0], 2: [0.0, 1.0, 1.0, 1.0]}, 'opponent_hand_probs': {0: [0.0, 0.0, 0.0625, 0.0, 0.0625, 0.0, 0.0, 0.0625, 0.0625, 0.0625, 0.0625, 0.0, 0.0625, 0.0, 0.0, 0.0625, 0.0, 0.0625, 0.0, 0.0625, 0.0625, 0.0, 0.0, 0.0625, 0.0, 0.0625, 0.0, 0.0, 0.0, 0.0625, 0.0625, 0.0625], 1: [0.0, 0.0, 0.0625, 0.0, 0.0625, 0.0, 0.0, 0.0625, 0.0625, 0.0625, 0.0625, 0.0, 0.0625, 0.0, 0.0, 0.0625, 0.0, 0.0625, 0.0, 0.0625, 0.0625, 0.0, 0.0, 0.0625, 0.0, 0.0625, 0.0, 0.0, 0.0, 0.0625, 0.0625, 0.0625], 2: [0.0, 0.0, 0.0625, 0.0, 0.0625, 0.0, 0.0, 0.0625, 0.0625, 0.0625, 0.0625, 0.0, 0.0625, 0.0, 0.0, 0.0625, 0.0, 0.0625, 0.0, 0.0625, 0.0625, 0.0, 0.0, 0.0625, 0.0, 0.0625, 0.0, 0.0, 0.0, 0.0625, 0.0625, 0.0625]}}
==================================================
[DEBUG]   Trump Analysis:
[DEBUG]     Probabilities: [0. 1. 0. 0.]
[DEBUG]     Predicted trump: D
[DEBUG]     Confidence: 1.0000
[DEBUG]   Opponent Strength Analysis:
[DEBUG]     Opponent 0: 0.0402
[DEBUG]     Opponent 1: 0.0402
[DEBUG]     Opponent 2: 0.0402
[DEBUG]   Void Suit Analysis:
[DEBUG]     Opponent 0 void in: ['D', 'C', 'S']
[DEBUG]     Opponent 1 void in: ['D', 'C', 'S']
[DEBUG]     Opponent 2 void in: ['D', 'C', 'S']
[DEBUG]   Uncertainty: 0.0000
[DEBUG]     Strategy: Smart ISMCTS + Belief Model Bidding
[DEBUG]     Using ISMCTS for strategic bidding decision
[DEBUG]     Running ISMCTS with 1000 simulations...
[DEBUG]     ISMCTS completed, best action: 17
Pass: Player 3 (min_allowed=18)
Auction winner: Player 0 with bid 17
[DEBUG] TRUMP SELECTION - Player 0 (Hybrid Agent 0)
[DEBUG]   Hand: ['AS', '7S', '8C', '8S']
[DEBUG]   Hybrid agent selected trump: D (method: belief_model)
[DEBUG]   Confidence: 1.000
[DEBUG]   Reasoning: Trump probabilities: {'H': np.float32(0.0), 'D': np.float32(1.0), 'C': np.float32(0.0), 'S': np.float32(0.0)}
[DEBUG]     Updating belief model with new information:
[DEBUG]       Action: trump_revealed
[DEBUG]         Trump suit set to D
[DEBUG]       Belief model updated successfully
Bidder sets concealed trump suit: D
Phase: concealed, bidder concealed card: [face-down trump]

Full hands (8 cards each):
Player 0 full hand: ['AS', '7S', '8C', '8S', '7C', '7H', 'QC', 'AD']
Player 1 full hand: ['QS', '7D', 'AH', 'JC', '9H', '8H', 'QH', 'JS']
Player 2 full hand: ['8D', '10C', 'AC', 'JD', 'QD', '9D', '10D', 'KD']
Player 3 full hand: ['9S', '10H', '10S', 'KH', '9C', 'KC', 'KS', 'JH']

Player 0 (auction 4 cards): ['AS', '7S', '8C', '8S']
Player 1 (auction 4 cards): ['QS', '7D', 'AH', 'JC']
Player 2 (auction 4 cards): ['8D', '10C', 'AC', 'JD']
Player 3 (auction 4 cards): ['9S', '10H', '10S', 'KH']
Auction winner (bidder): Player 0 with bid 17
Bidder sets concealed trump suit: D
Phase: concealed, bidder concealed card: [face-down trump]

[DEBUG]   Player 0 (Hybrid Agent 0) choosing card:
[DEBUG]     Remaining hand (8 cards): ['AS', '7S', '8C', '8S', '7C', '7H', 'QC', 'AD']
[DEBUG]     Legal cards (7): ['AS', '7S', '8C', '8S', '7C', '7H', 'QC']
[DEBUG]     Current trick: 0 cards played
[DEBUG]     Trump suit: D
[DEBUG]     Hybrid agent selected card: AS (method: belief_model)
[DEBUG]     Confidence: 0.550
[DEBUG]     Reasoning: Card evaluation score: 1.000
[DEBUG]     Updating belief model with new information:
[DEBUG]       Action: card_played
[DEBUG]       Belief model updated successfully
[DEBUG]   Player 1 (Hybrid Agent 1) choosing card:
[DEBUG]     Remaining hand (8 cards): ['QS', '7D', 'AH', 'JC', '9H', '8H', 'QH', 'JS']
[DEBUG]     Legal cards (2): ['QS', 'JS']
[DEBUG]     Current trick: 1 cards played
[DEBUG]     Lead suit: S
[DEBUG]     Trump suit: D
[DEBUG]     Hybrid agent selected card: JS (method: belief_model)
[DEBUG]     Confidence: 0.900
[DEBUG]     Reasoning: Card evaluation score: 8.000
[DEBUG]     Updating belief model with new information:
[DEBUG]       Action: card_played
[DEBUG]       Belief model updated successfully
[DEBUG]   Player 2 (Hybrid Agent 2) choosing card:
[DEBUG]     Remaining hand (8 cards): ['8D', '10C', 'AC', 'JD', 'QD', '9D', '10D', 'KD']
[DEBUG]     Legal cards (8): ['8D', '10C', 'AC', 'JD', 'QD', '9D', '10D', 'KD']
[DEBUG]     Current trick: 2 cards played
[DEBUG]     Lead suit: S
[DEBUG]     Trump suit: D
[DEBUG]     Hybrid agent selected card: JD (method: belief_model)
[DEBUG]     Confidence: 0.800
[DEBUG]     Reasoning: Card evaluation score: 6.000
[DEBUG]     Updating belief model with new information:
[DEBUG]       Action: card_played
[DEBUG]         Trump revealed! Phase updated to REVEALED
[DEBUG]         Player 2 void in S (played D)
[DEBUG]       Belief model updated successfully
-- Phase 2 begins: Trump revealed as D by Player 2 on trick 1 --
[DEBUG] TRUMP REVEALED!
[DEBUG]   Player 2 revealed trump D
[DEBUG]   Trick number: 1
[DEBUG]   Card played: JD
[DEBUG]   Game phase changed from CONCEALED to REVEALED
[DEBUG]   Player 3 (Hybrid Agent 3) choosing card:
[DEBUG]     Remaining hand (8 cards): ['9S', '10H', '10S', 'KH', '9C', 'KC', 'KS', 'JH']
[DEBUG]     Legal cards (3): ['9S', '10S', 'KS']
[DEBUG]     Current trick: 3 cards played
[DEBUG]     Lead suit: S
[DEBUG]     Trump suit: D
[DEBUG]     Hybrid agent selected card: 9S (method: belief_model)
[DEBUG]     Confidence: 0.600
[DEBUG]     Reasoning: Card evaluation score: 2.000
[DEBUG]     Updating belief model with new information:
[DEBUG]       Action: card_played
[DEBUG]       Belief model updated successfully
Trick 1 order: P0:AS, P1:JS, P2:JD, P3:9S
Player 2 won the hand: 9 points


[DEBUG]   Player 2 (Hybrid Agent 2) choosing card:
[DEBUG]     Remaining hand (7 cards): ['8D', '10C', 'AC', 'QD', '9D', '10D', 'KD']
[DEBUG]     Legal cards (7): ['8D', '10C', 'AC', 'QD', '9D', '10D', 'KD']
[DEBUG]     Current trick: 0 cards played
[DEBUG]     Trump suit: D
[DEBUG]     Hybrid agent selected card: 9D (method: belief_model)
[DEBUG]     Confidence: 0.700
[DEBUG]     Reasoning: Card evaluation score: 4.000
[DEBUG]     Updating belief model with new information:
[DEBUG]       Action: card_played
[DEBUG]       Belief model updated successfully
[DEBUG]   Player 3 (Hybrid Agent 3) choosing card:
[DEBUG]     Remaining hand (7 cards): ['10H', '10S', 'KH', '9C', 'KC', 'KS', 'JH']
[DEBUG]     Legal cards (7): ['10H', '10S', 'KH', '9C', 'KC', 'KS', 'JH']
[DEBUG]     Current trick: 1 cards played
[DEBUG]     Lead suit: D
[DEBUG]     Trump suit: D
[DEBUG]     Hybrid agent selected card: JH (method: belief_model)
[DEBUG]     Confidence: 0.650
[DEBUG]     Reasoning: Card evaluation score: 3.000
[DEBUG]     Updating belief model with new information:
[DEBUG]       Action: card_played
[DEBUG]         Player 3 void in D (played H)
[DEBUG]       Belief model updated successfully
[DEBUG]   Player 0 (Hybrid Agent 0) choosing card:
[DEBUG]     Remaining hand (7 cards): ['7S', '8C', '8S', '7C', '7H', 'QC', 'AD']
[DEBUG]     Legal cards (1): ['AD']
[DEBUG]     Current trick: 2 cards played
[DEBUG]     Lead suit: D
[DEBUG]     Trump suit: D
[DEBUG]     Hybrid agent selected card: AD (method: belief_model)
[DEBUG]     Confidence: 0.600
[DEBUG]     Reasoning: Card evaluation score: 2.000
[DEBUG]     Updating belief model with new information:
[DEBUG]       Action: card_played
[DEBUG]       Belief model updated successfully
[DEBUG]   Player 1 (Hybrid Agent 1) choosing card:
[DEBUG]     Remaining hand (7 cards): ['QS', '7D', 'AH', 'JC', '9H', '8H', 'QH']
[DEBUG]     Legal cards (1): ['7D']
[DEBUG]     Current trick: 3 cards played
[DEBUG]     Lead suit: D
[DEBUG]     Trump suit: D
[DEBUG]     Hybrid agent selected card: 7D (method: belief_model)
[DEBUG]     Confidence: 0.500
[DEBUG]     Reasoning: Card evaluation score: 0.000
[DEBUG]     Updating belief model with new information:
[DEBUG]       Action: card_played
[DEBUG]       Belief model updated successfully
Trick 2 order: P2:9D, P3:JH, P0:AD, P1:7D
Player 2 won the hand: 6 points


[DEBUG]   Player 2 (Hybrid Agent 2) choosing card:
[DEBUG]     Remaining hand (6 cards): ['8D', '10C', 'AC', 'QD', '10D', 'KD']
[DEBUG]     Legal cards (6): ['8D', '10C', 'AC', 'QD', '10D', 'KD']
[DEBUG]     Current trick: 0 cards played
[DEBUG]     Trump suit: D
[DEBUG]     Hybrid agent selected card: 10D (method: belief_model)
[DEBUG]     Confidence: 0.600
[DEBUG]     Reasoning: Card evaluation score: 2.000
[DEBUG]     Updating belief model with new information:
[DEBUG]       Action: card_played
[DEBUG]       Belief model updated successfully
[DEBUG]   Player 3 (Hybrid Agent 3) choosing card:
[DEBUG]     Remaining hand (6 cards): ['10H', '10S', 'KH', '9C', 'KC', 'KS']
[DEBUG]     Legal cards (6): ['10H', '10S', 'KH', '9C', 'KC', 'KS']
[DEBUG]     Current trick: 1 cards played
[DEBUG]     Lead suit: D
[DEBUG]     Trump suit: D
[DEBUG]     Hybrid agent selected card: 9C (method: belief_model)
[DEBUG]     Confidence: 0.600
[DEBUG]     Reasoning: Card evaluation score: 2.000
[DEBUG]     Updating belief model with new information:
[DEBUG]       Action: card_played
[DEBUG]         Player 3 void in D (played C)
[DEBUG]       Belief model updated successfully
[DEBUG]   Player 0 (Hybrid Agent 0) choosing card:
[DEBUG]     Remaining hand (6 cards): ['7S', '8C', '8S', '7C', '7H', 'QC']
[DEBUG]     Legal cards (6): ['7S', '8C', '8S', '7C', '7H', 'QC']
[DEBUG]     Current trick: 2 cards played
[DEBUG]     Lead suit: D
[DEBUG]     Trump suit: D
[DEBUG]     Hybrid agent selected card: 7S (method: belief_model)
[DEBUG]     Confidence: 0.500
[DEBUG]     Reasoning: Card evaluation score: 0.000
[DEBUG]     Updating belief model with new information:
[DEBUG]       Action: card_played
[DEBUG]         Player 0 void in D (played S)
[DEBUG]       Belief model updated successfully
[DEBUG]   Player 1 (Hybrid Agent 1) choosing card:
[DEBUG]     Remaining hand (6 cards): ['QS', 'AH', 'JC', '9H', '8H', 'QH']
[DEBUG]     Legal cards (6): ['QS', 'AH', 'JC', '9H', '8H', 'QH']
[DEBUG]     Current trick: 3 cards played
[DEBUG]     Lead suit: D
[DEBUG]     Trump suit: D
[DEBUG]     Hybrid agent selected card: JC (method: belief_model)
[DEBUG]     Confidence: 0.650
[DEBUG]     Reasoning: Card evaluation score: 3.000
[DEBUG]     Updating belief model with new information:
[DEBUG]       Action: card_played
[DEBUG]         Player 1 void in D (played C)
[DEBUG]       Belief model updated successfully
Trick 3 order: P2:10D, P3:9C, P0:7S, P1:JC
Player 2 won the hand: 6 points


[DEBUG]   Player 2 (Hybrid Agent 2) choosing card:
[DEBUG]     Remaining hand (5 cards): ['8D', '10C', 'AC', 'QD', 'KD']
[DEBUG]     Legal cards (5): ['8D', '10C', 'AC', 'QD', 'KD']
[DEBUG]     Current trick: 0 cards played
[DEBUG]     Trump suit: D
[DEBUG]     Hybrid agent selected card: 10C (method: hybrid)
[DEBUG]     Confidence: 0.605
[DEBUG]     Reasoning: Hybrid card: Belief(10C, 0.550) vs ISMCTS(10C, 0.660)
[DEBUG]     Updating belief model with new information:
[DEBUG]       Action: card_played
[DEBUG]       Belief model updated successfully
[DEBUG]   Player 3 (Hybrid Agent 3) choosing card:
[DEBUG]     Remaining hand (5 cards): ['10H', '10S', 'KH', 'KC', 'KS']
[DEBUG]     Legal cards (1): ['KC']
[DEBUG]     Current trick: 1 cards played
[DEBUG]     Lead suit: C
[DEBUG]     Trump suit: D
[DEBUG]     Hybrid agent selected card: KC (method: hybrid)
[DEBUG]     Confidence: 0.550
[DEBUG]     Reasoning: Hybrid card: Belief(KC, 0.500) vs ISMCTS(KC, 0.600)
[DEBUG]     Updating belief model with new information:
[DEBUG]       Action: card_played
[DEBUG]       Belief model updated successfully
[DEBUG]   Player 0 (Hybrid Agent 0) choosing card:
[DEBUG]     Remaining hand (5 cards): ['8C', '8S', '7C', '7H', 'QC']
[DEBUG]     Legal cards (3): ['8C', '7C', 'QC']
[DEBUG]     Current trick: 2 cards played
[DEBUG]     Lead suit: C
[DEBUG]     Trump suit: D
[DEBUG]     Hybrid agent selected card: 8C (method: hybrid)
[DEBUG]     Confidence: 0.550
[DEBUG]     Reasoning: Hybrid card: Belief(8C, 0.500) vs ISMCTS(8C, 0.600)
[DEBUG]     Updating belief model with new information:
[DEBUG]       Action: card_played
[DEBUG]       Belief model updated successfully
[DEBUG]   Player 1 (Hybrid Agent 1) choosing card:
[DEBUG]     Remaining hand (5 cards): ['QS', 'AH', '9H', '8H', 'QH']
[DEBUG]     Legal cards (5): ['QS', 'AH', '9H', '8H', 'QH']
[DEBUG]     Current trick: 3 cards played
[DEBUG]     Lead suit: C
[DEBUG]     Trump suit: D
[DEBUG]     Hybrid agent selected card: 9H (method: hybrid)
[DEBUG]     Confidence: 0.660
[DEBUG]     Reasoning: Hybrid card: Belief(9H, 0.600) vs ISMCTS(9H, 0.720)
[DEBUG]     Updating belief model with new information:
[DEBUG]       Action: card_played
[DEBUG]         Player 1 void in C (played H)
[DEBUG]       Belief model updated successfully
Trick 4 order: P2:10C, P3:KC, P0:8C, P1:9H
Player 2 won the hand: 3 points


[DEBUG]   Player 2 (Hybrid Agent 2) choosing card:
[DEBUG]     Remaining hand (4 cards): ['8D', 'AC', 'QD', 'KD']
[DEBUG]     Legal cards (4): ['8D', 'AC', 'QD', 'KD']
[DEBUG]     Current trick: 0 cards played
[DEBUG]     Trump suit: D
[DEBUG]     Hybrid agent selected card: AC (method: hybrid)
[DEBUG]     Confidence: 0.605
[DEBUG]     Reasoning: Hybrid card: Belief(AC, 0.550) vs ISMCTS(AC, 0.660)
[DEBUG]     Updating belief model with new information:
[DEBUG]       Action: card_played
[DEBUG]       Belief model updated successfully
[DEBUG]   Player 3 (Hybrid Agent 3) choosing card:
[DEBUG]     Remaining hand (4 cards): ['10H', '10S', 'KH', 'KS']
[DEBUG]     Legal cards (4): ['10H', '10S', 'KH', 'KS']
[DEBUG]     Current trick: 1 cards played
[DEBUG]     Lead suit: C
[DEBUG]     Trump suit: D
[DEBUG]     Hybrid agent selected card: 10H (method: hybrid)
[DEBUG]     Confidence: 0.605
[DEBUG]     Reasoning: Hybrid card: Belief(10H, 0.550) vs ISMCTS(10H, 0.660)
[DEBUG]     Updating belief model with new information:
[DEBUG]       Action: card_played
[DEBUG]         Player 3 void in C (played H)
[DEBUG]       Belief model updated successfully
[DEBUG]   Player 0 (Hybrid Agent 0) choosing card:
[DEBUG]     Remaining hand (4 cards): ['8S', '7C', '7H', 'QC']
[DEBUG]     Legal cards (2): ['7C', 'QC']
[DEBUG]     Current trick: 2 cards played
[DEBUG]     Lead suit: C
[DEBUG]     Trump suit: D
[DEBUG]     Hybrid agent selected card: 7C (method: hybrid)
[DEBUG]     Confidence: 0.550
[DEBUG]     Reasoning: Hybrid card: Belief(7C, 0.500) vs ISMCTS(7C, 0.600)
[DEBUG]     Updating belief model with new information:
[DEBUG]       Action: card_played
[DEBUG]       Belief model updated successfully
[DEBUG]   Player 1 (Hybrid Agent 1) choosing card:
[DEBUG]     Remaining hand (4 cards): ['QS', 'AH', '8H', 'QH']
[DEBUG]     Legal cards (4): ['QS', 'AH', '8H', 'QH']
[DEBUG]     Current trick: 3 cards played
[DEBUG]     Lead suit: C
[DEBUG]     Trump suit: D
[DEBUG]     Hybrid agent selected card: AH (method: hybrid)
[DEBUG]     Confidence: 0.605
[DEBUG]     Reasoning: Hybrid card: Belief(AH, 0.550) vs ISMCTS(AH, 0.660)
[DEBUG]     Updating belief model with new information:
[DEBUG]       Action: card_played
[DEBUG]         Player 1 void in C (played H)
[DEBUG]       Belief model updated successfully
Trick 5 order: P2:AC, P3:10H, P0:7C, P1:AH
Player 2 won the hand: 3 points


[DEBUG]   Player 2 (Hybrid Agent 2) choosing card:
[DEBUG]     Remaining hand (3 cards): ['8D', 'QD', 'KD']
[DEBUG]     Legal cards (3): ['8D', 'QD', 'KD']
[DEBUG]     Current trick: 0 cards played
[DEBUG]     Trump suit: D
[DEBUG]     Hybrid agent selected card: 8D (method: hybrid)
[DEBUG]     Confidence: 0.550
[DEBUG]     Reasoning: Hybrid card: Belief(8D, 0.500) vs ISMCTS(8D, 0.600)
[DEBUG]     Updating belief model with new information:
[DEBUG]       Action: card_played
[DEBUG]       Belief model updated successfully
[DEBUG]   Player 3 (Hybrid Agent 3) choosing card:
[DEBUG]     Remaining hand (3 cards): ['10S', 'KH', 'KS']
[DEBUG]     Legal cards (3): ['10S', 'KH', 'KS']
[DEBUG]     Current trick: 1 cards played
[DEBUG]     Lead suit: D
[DEBUG]     Trump suit: D
[DEBUG]     Hybrid agent selected card: 10S (method: hybrid)
[DEBUG]     Confidence: 0.605
[DEBUG]     Reasoning: Hybrid card: Belief(10S, 0.550) vs ISMCTS(10S, 0.660)
[DEBUG]     Updating belief model with new information:
[DEBUG]       Action: card_played
[DEBUG]         Player 3 void in D (played S)
[DEBUG]       Belief model updated successfully
[DEBUG]   Player 0 (Hybrid Agent 0) choosing card:
[DEBUG]     Remaining hand (3 cards): ['8S', '7H', 'QC']
[DEBUG]     Legal cards (3): ['8S', '7H', 'QC']
[DEBUG]     Current trick: 2 cards played
[DEBUG]     Lead suit: D
[DEBUG]     Trump suit: D
[DEBUG]     Hybrid agent selected card: 8S (method: hybrid)
[DEBUG]     Confidence: 0.550
[DEBUG]     Reasoning: Hybrid card: Belief(8S, 0.500) vs ISMCTS(8S, 0.600)
[DEBUG]     Updating belief model with new information:
[DEBUG]       Action: card_played
[DEBUG]         Player 0 void in D (played S)
[DEBUG]       Belief model updated successfully
[DEBUG]   Player 1 (Hybrid Agent 1) choosing card:
[DEBUG]     Remaining hand (3 cards): ['QS', '8H', 'QH']
[DEBUG]     Legal cards (3): ['QS', '8H', 'QH']
[DEBUG]     Current trick: 3 cards played
[DEBUG]     Lead suit: D
[DEBUG]     Trump suit: D
[DEBUG]     Hybrid agent selected card: QS (method: hybrid)
[DEBUG]     Confidence: 0.550
[DEBUG]     Reasoning: Hybrid card: Belief(QS, 0.500) vs ISMCTS(QS, 0.600)
[DEBUG]     Updating belief model with new information:
[DEBUG]       Action: card_played
[DEBUG]         Player 1 void in D (played S)
[DEBUG]       Belief model updated successfully
Trick 6 order: P2:8D, P3:10S, P0:8S, P1:QS
Player 2 won the hand: 1 points


[DEBUG]   Player 2 (Hybrid Agent 2) choosing card:
[DEBUG]     Remaining hand (2 cards): ['QD', 'KD']
[DEBUG]     Legal cards (2): ['QD', 'KD']
[DEBUG]     Current trick: 0 cards played
[DEBUG]     Trump suit: D
[DEBUG]     Hybrid agent selected card: QD (method: ismcts)
[DEBUG]     Confidence: 0.600
[DEBUG]     Reasoning: Card evaluation score: 0.000
[DEBUG]     Updating belief model with new information:
[DEBUG]       Action: card_played
[DEBUG]       Belief model updated successfully
[DEBUG]   Player 3 (Hybrid Agent 3) choosing card:
[DEBUG]     Remaining hand (2 cards): ['KH', 'KS']
[DEBUG]     Legal cards (2): ['KH', 'KS']
[DEBUG]     Current trick: 1 cards played
[DEBUG]     Lead suit: D
[DEBUG]     Trump suit: D
[DEBUG]     Hybrid agent selected card: KH (method: ismcts)
[DEBUG]     Confidence: 0.600
[DEBUG]     Reasoning: Card evaluation score: 0.000
[DEBUG]     Updating belief model with new information:
[DEBUG]       Action: card_played
[DEBUG]         Player 3 void in D (played H)
[DEBUG]       Belief model updated successfully
[DEBUG]   Player 0 (Hybrid Agent 0) choosing card:
[DEBUG]     Remaining hand (2 cards): ['7H', 'QC']
[DEBUG]     Legal cards (2): ['7H', 'QC']
[DEBUG]     Current trick: 2 cards played
[DEBUG]     Lead suit: D
[DEBUG]     Trump suit: D
[DEBUG]     Hybrid agent selected card: 7H (method: ismcts)
[DEBUG]     Confidence: 0.600
[DEBUG]     Reasoning: Card evaluation score: 0.000
[DEBUG]     Updating belief model with new information:
[DEBUG]       Action: card_played
[DEBUG]         Player 0 void in D (played H)
[DEBUG]       Belief model updated successfully
[DEBUG]   Player 1 (Hybrid Agent 1) choosing card:
[DEBUG]     Remaining hand (2 cards): ['8H', 'QH']
[DEBUG]     Legal cards (2): ['8H', 'QH']
[DEBUG]     Current trick: 3 cards played
[DEBUG]     Lead suit: D
[DEBUG]     Trump suit: D
[DEBUG]     Hybrid agent selected card: 8H (method: ismcts)
[DEBUG]     Confidence: 0.600
[DEBUG]     Reasoning: Card evaluation score: 0.000
[DEBUG]     Updating belief model with new information:
[DEBUG]       Action: card_played
[DEBUG]         Player 1 void in D (played H)
[DEBUG]       Belief model updated successfully
Trick 7 order: P2:QD, P3:KH, P0:7H, P1:8H
Player 2 won the hand: 0 points


[DEBUG]   Player 2 (Hybrid Agent 2) choosing card:
[DEBUG]     Remaining hand (1 cards): ['KD']
[DEBUG]     Legal cards (1): ['KD']
[DEBUG]     Current trick: 0 cards played
[DEBUG]     Trump suit: D
[DEBUG]     Hybrid agent selected card: KD (method: ismcts)
[DEBUG]     Confidence: 0.600
[DEBUG]     Reasoning: Card evaluation score: 0.000
[DEBUG]     Updating belief model with new information:
[DEBUG]       Action: card_played
[DEBUG]       Belief model updated successfully
[DEBUG]   Player 3 (Hybrid Agent 3) choosing card:
[DEBUG]     Remaining hand (1 cards): ['KS']
[DEBUG]     Legal cards (1): ['KS']
[DEBUG]     Current trick: 1 cards played
[DEBUG]     Lead suit: D
[DEBUG]     Trump suit: D
[DEBUG]     Hybrid agent selected card: KS (method: ismcts)
[DEBUG]     Confidence: 0.600
[DEBUG]     Reasoning: Card evaluation score: 0.000
[DEBUG]     Updating belief model with new information:
[DEBUG]       Action: card_played
[DEBUG]         Player 3 void in D (played S)
[DEBUG]       Belief model updated successfully
[DEBUG]   Player 0 (Hybrid Agent 0) choosing card:
[DEBUG]     Remaining hand (1 cards): ['QC']
[DEBUG]     Legal cards (1): ['QC']
[DEBUG]     Current trick: 2 cards played
[DEBUG]     Lead suit: D
[DEBUG]     Trump suit: D
[DEBUG]     Hybrid agent selected card: QC (method: ismcts)
[DEBUG]     Confidence: 0.600
[DEBUG]     Reasoning: Card evaluation score: 0.000
[DEBUG]     Updating belief model with new information:
[DEBUG]       Action: card_played
[DEBUG]         Player 0 void in D (played C)
[DEBUG]       Belief model updated successfully
[DEBUG]   Player 1 (Hybrid Agent 1) choosing card:
[DEBUG]     Remaining hand (1 cards): ['QH']
[DEBUG]     Legal cards (1): ['QH']
[DEBUG]     Current trick: 3 cards played
[DEBUG]     Lead suit: D
[DEBUG]     Trump suit: D
[DEBUG]     Hybrid agent selected card: QH (method: ismcts)
[DEBUG]     Confidence: 0.600
[DEBUG]     Reasoning: Card evaluation score: 0.000
[DEBUG]     Updating belief model with new information:
[DEBUG]       Action: card_played
[DEBUG]         Player 1 void in D (played H)
[DEBUG]       Belief model updated successfully
Trick 8 order: P2:KD, P3:KS, P0:QC, P1:QH
Player 2 won the hand: 0 points


=== GAME SUMMARY ===
Team A (Players 0 & 2): 28 points
Team B (Players 1 & 3): 0 points
Bidder: Player 0 (Team A)
Winning Bid: 17
Bid Success: YES
Game Winner: Team A (Players 0 & 2)
Total Tricks: 8