
===== GAME 477 (20250831_025142_924) =====
Player 0 initial hand (bidding): ['JS', 'QS', '10C', 'AS']
Player 1 initial hand (bidding): ['9S', '8H', 'JH', '7H']
Player 2 initial hand (bidding): ['7D', 'KH', '8C', '9H']
Player 3 initial hand (bidding): ['7C', 'AD', '7S', 'JD']

===== AUCTION =====
[DEBUG] BIDDING ANALYSIS - Player 0 (Hybrid Agent 0)
[DEBUG]   Bidding hand: ['JS', 'QS', '10C', 'AS']
[DEBUG]   Hand strength: 0.179
[DEBUG]   Current bid: 16
[DEBUG]   Present suits: ['C', 'S']
[DEBUG]   Point prediction: 8.9 points
[DEBUG]     Updated beliefs for current game state
[DEBUG]     Game phase: GamePhase.BIDDING
[DEBUG]     Current trick: 0 cards
[DEBUG]     Completed tricks: 0

=== RAW OUTPUT: Belief Model Outputs - Player 0 ===
{'phase': 'GamePhase.BIDDING', 'trump_suit_probs': [0.0, 1.0, 0.0, 0.0], 'uncertainty': 0.0, 'void_suits': {1: [0.0, 1.0, 1.0, 1.0], 2: [0.0, 1.0, 1.0, 1.0], 3: [0.0, 1.0, 1.0, 1.0]}, 'opponent_hand_probs': {1: [0.0, 0.0, 0.0714285746216774, 0.0714285746216774, 0.0714285746216774, 0.0, 0.0, 0.0714285746216774, 0.0714285746216774, 0.0714285746216774, 0.0714285746216774, 0.0, 0.0714285746216774, 0.0, 0.0, 0.0714285746216774, 0.0, 0.0714285746216774, 0.0, 0.0, 0.0714285746216774, 0.0, 0.0, 0.0714285746216774, 0.0, 0.0714285746216774, 0.0, 0.0, 0.0, 0.0, 0.0714285746216774, 0.0], 2: [0.0, 0.0, 0.0714285746216774, 0.0714285746216774, 0.0714285746216774, 0.0, 0.0, 0.0714285746216774, 0.0714285746216774, 0.0714285746216774, 0.0714285746216774, 0.0, 0.0714285746216774, 0.0, 0.0, 0.0714285746216774, 0.0, 0.0714285746216774, 0.0, 0.0, 0.0714285746216774, 0.0, 0.0, 0.0714285746216774, 0.0, 0.0714285746216774, 0.0, 0.0, 0.0, 0.0, 0.0714285746216774, 0.0], 3: [0.0, 0.0, 0.0714285746216774, 0.0714285746216774, 0.0714285746216774, 0.0, 0.0, 0.0714285746216774, 0.0714285746216774, 0.0714285746216774, 0.0714285746216774, 0.0, 0.0714285746216774, 0.0, 0.0, 0.0714285746216774, 0.0, 0.0714285746216774, 0.0, 0.0, 0.0714285746216774, 0.0, 0.0, 0.0714285746216774, 0.0, 0.0714285746216774, 0.0, 0.0, 0.0, 0.0, 0.0714285746216774, 0.0]}}
==================================================
[DEBUG]   Trump Analysis:
[DEBUG]     Probabilities: [0. 1. 0. 0.]
[DEBUG]     Predicted trump: D
[DEBUG]     Confidence: 1.0000
[DEBUG]   Opponent Strength Analysis:
[DEBUG]     Opponent 1: 0.0434
[DEBUG]     Opponent 2: 0.0434
[DEBUG]     Opponent 3: 0.0434
[DEBUG]   Void Suit Analysis:
[DEBUG]     Opponent 1 void in: ['D', 'C', 'S']
[DEBUG]     Opponent 2 void in: ['D', 'C', 'S']
[DEBUG]     Opponent 3 void in: ['D', 'C', 'S']
[DEBUG]   Uncertainty: 0.0000
[DEBUG]     Strategy: Smart ISMCTS + Belief Model Bidding
[DEBUG]     Using ISMCTS for strategic bidding decision
[DEBUG]     Running ISMCTS with 1000 simulations...
[DEBUG]     ISMCTS completed, best action: 17
Bid: Player 0 proposes 17 (min_allowed=17) – hand_strength=0.179
[DEBUG] BIDDING ANALYSIS - Player 1 (Hybrid Agent 1)
[DEBUG]   Bidding hand: ['9S', '8H', 'JH', '7H']
[DEBUG]   Hand strength: 0.179
[DEBUG]   Current bid: 17
[DEBUG]   Present suits: ['H', 'S']
[DEBUG]   Point prediction: 6.6 points
[DEBUG]     Updated beliefs for current game state
[DEBUG]     Game phase: GamePhase.BIDDING
[DEBUG]     Current trick: 0 cards
[DEBUG]     Completed tricks: 0

=== RAW OUTPUT: Belief Model Outputs - Player 1 ===
{'phase': 'GamePhase.BIDDING', 'trump_suit_probs': [0.0, 1.0, 0.0, 0.0], 'uncertainty': 0.0, 'void_suits': {0: [0.0, 1.0, 1.0, 1.0], 2: [0.0, 1.0, 1.0, 1.0], 3: [0.0, 1.0, 1.0, 1.0]}, 'opponent_hand_probs': {0: [0.0, 0.0, 0.0625, 0.0625, 0.0, 0.0, 0.0, 0.0625, 0.0625, 0.0625, 0.0625, 0.0, 0.0625, 0.0, 0.0, 0.0625, 0.0, 0.0625, 0.0, 0.0625, 0.0625, 0.0, 0.0, 0.0625, 0.0, 0.0625, 0.0, 0.0, 0.0, 0.0625, 0.0625, 0.0625], 2: [0.0, 0.0, 0.0625, 0.0625, 0.0, 0.0, 0.0, 0.0625, 0.0625, 0.0625, 0.0625, 0.0, 0.0625, 0.0, 0.0, 0.0625, 0.0, 0.0625, 0.0, 0.0625, 0.0625, 0.0, 0.0, 0.0625, 0.0, 0.0625, 0.0, 0.0, 0.0, 0.0625, 0.0625, 0.0625], 3: [0.0, 0.0, 0.0625, 0.0625, 0.0, 0.0, 0.0, 0.0625, 0.0625, 0.0625, 0.0625, 0.0, 0.0625, 0.0, 0.0, 0.0625, 0.0, 0.0625, 0.0, 0.0625, 0.0625, 0.0, 0.0, 0.0625, 0.0, 0.0625, 0.0, 0.0, 0.0, 0.0625, 0.0625, 0.0625]}}
==================================================
[DEBUG]   Trump Analysis:
[DEBUG]     Probabilities: [0. 1. 0. 0.]
[DEBUG]     Predicted trump: D
[DEBUG]     Confidence: 1.0000
[DEBUG]   Opponent Strength Analysis:
[DEBUG]     Opponent 0: 0.0357
[DEBUG]     Opponent 2: 0.0357
[DEBUG]     Opponent 3: 0.0357
[DEBUG]   Void Suit Analysis:
[DEBUG]     Opponent 0 void in: ['D', 'C', 'S']
[DEBUG]     Opponent 2 void in: ['D', 'C', 'S']
[DEBUG]     Opponent 3 void in: ['D', 'C', 'S']
[DEBUG]   Uncertainty: 0.0000
[DEBUG]     Strategy: Smart ISMCTS + Belief Model Bidding
[DEBUG]     Using ISMCTS for strategic bidding decision
[DEBUG]     Running ISMCTS with 1000 simulations...
[DEBUG]     ISMCTS completed, best action: 17
Pass: Player 1 (min_allowed=18)
[DEBUG] BIDDING ANALYSIS - Player 2 (Hybrid Agent 2)
[DEBUG]   Bidding hand: ['7D', 'KH', '8C', '9H']
[DEBUG]   Hand strength: 0.071
[DEBUG]   Current bid: 17
[DEBUG]   Present suits: ['C', 'H', 'D']
[DEBUG]   Point prediction: 6.2 points
[DEBUG]     Updated beliefs for current game state
[DEBUG]     Game phase: GamePhase.BIDDING
[DEBUG]     Current trick: 0 cards
[DEBUG]     Completed tricks: 0

=== RAW OUTPUT: Belief Model Outputs - Player 2 ===
{'phase': 'GamePhase.BIDDING', 'trump_suit_probs': [0.0, 1.0, 0.0, 0.0], 'uncertainty': 0.0, 'void_suits': {0: [0.0, 1.0, 1.0, 1.0], 1: [0.0, 1.0, 1.0, 1.0], 3: [0.0, 1.0, 1.0, 1.0]}, 'opponent_hand_probs': {0: [0.0, 0.0, 0.0, 0.0714285746216774, 0.0714285746216774, 0.0, 0.0, 0.0714285746216774, 0.0, 0.0714285746216774, 0.0714285746216774, 0.0, 0.0714285746216774, 0.0, 0.0, 0.0714285746216774, 0.0, 0.0, 0.0, 0.0714285746216774, 0.0714285746216774, 0.0, 0.0, 0.0714285746216774, 0.0, 0.0714285746216774, 0.0, 0.0, 0.0, 0.0714285746216774, 0.0714285746216774, 0.0714285746216774], 1: [0.0, 0.0, 0.0, 0.0714285746216774, 0.0714285746216774, 0.0, 0.0, 0.0714285746216774, 0.0, 0.0714285746216774, 0.0714285746216774, 0.0, 0.0714285746216774, 0.0, 0.0, 0.0714285746216774, 0.0, 0.0, 0.0, 0.0714285746216774, 0.0714285746216774, 0.0, 0.0, 0.0714285746216774, 0.0, 0.0714285746216774, 0.0, 0.0, 0.0, 0.0714285746216774, 0.0714285746216774, 0.0714285746216774], 3: [0.0, 0.0, 0.0, 0.0714285746216774, 0.0714285746216774, 0.0, 0.0, 0.0714285746216774, 0.0, 0.0714285746216774, 0.0714285746216774, 0.0, 0.0714285746216774, 0.0, 0.0, 0.0714285746216774, 0.0, 0.0, 0.0, 0.0714285746216774, 0.0714285746216774, 0.0, 0.0, 0.0714285746216774, 0.0, 0.0714285746216774, 0.0, 0.0, 0.0, 0.0714285746216774, 0.0714285746216774, 0.0714285746216774]}}
==================================================
[DEBUG]   Trump Analysis:
[DEBUG]     Probabilities: [0. 1. 0. 0.]
[DEBUG]     Predicted trump: D
[DEBUG]     Confidence: 1.0000
[DEBUG]   Opponent Strength Analysis:
[DEBUG]     Opponent 0: 0.0434
[DEBUG]     Opponent 1: 0.0434
[DEBUG]     Opponent 3: 0.0434
[DEBUG]   Void Suit Analysis:
[DEBUG]     Opponent 0 void in: ['D', 'C', 'S']
[DEBUG]     Opponent 1 void in: ['D', 'C', 'S']
[DEBUG]     Opponent 3 void in: ['D', 'C', 'S']
[DEBUG]   Uncertainty: 0.0000
[DEBUG]     Strategy: Smart ISMCTS + Belief Model Bidding
[DEBUG]     Using ISMCTS for strategic bidding decision
[DEBUG]     Running ISMCTS with 1000 simulations...
[DEBUG]     ISMCTS completed, best action: 17
Pass: Player 2 (min_allowed=18)
[DEBUG] BIDDING ANALYSIS - Player 3 (Hybrid Agent 3)
[DEBUG]   Bidding hand: ['7C', 'AD', '7S', 'JD']
[DEBUG]   Hand strength: 0.143
[DEBUG]   Current bid: 17
[DEBUG]   Present suits: ['C', 'S', 'D']
[DEBUG]   Point prediction: 6.9 points
[DEBUG]     Updated beliefs for current game state
[DEBUG]     Game phase: GamePhase.BIDDING
[DEBUG]     Current trick: 0 cards
[DEBUG]     Completed tricks: 0

=== RAW OUTPUT: Belief Model Outputs - Player 3 ===
{'phase': 'GamePhase.BIDDING', 'trump_suit_probs': [0.0, 1.0, 0.0, 0.0], 'uncertainty': 0.0, 'void_suits': {0: [0.0, 1.0, 1.0, 1.0], 1: [0.0, 1.0, 1.0, 1.0], 2: [0.0, 1.0, 1.0, 1.0]}, 'opponent_hand_probs': {0: [0.0, 0.0, 0.06666667014360428, 0.06666667014360428, 0.06666667014360428, 0.0, 0.0, 0.06666667014360428, 0.06666667014360428, 0.06666667014360428, 0.06666667014360428, 0.0, 0.0, 0.0, 0.0, 0.0, 0.0, 0.06666667014360428, 0.0, 0.06666667014360428, 0.06666667014360428, 0.0, 0.0, 0.06666667014360428, 0.0, 0.06666667014360428, 0.0, 0.0, 0.0, 0.06666667014360428, 0.06666667014360428, 0.06666667014360428], 1: [0.0, 0.0, 0.06666667014360428, 0.06666667014360428, 0.06666667014360428, 0.0, 0.0, 0.06666667014360428, 0.06666667014360428, 0.06666667014360428, 0.06666667014360428, 0.0, 0.0, 0.0, 0.0, 0.0, 0.0, 0.06666667014360428, 0.0, 0.06666667014360428, 0.06666667014360428, 0.0, 0.0, 0.06666667014360428, 0.0, 0.06666667014360428, 0.0, 0.0, 0.0, 0.06666667014360428, 0.06666667014360428, 0.06666667014360428], 2: [0.0, 0.0, 0.06666667014360428, 0.06666667014360428, 0.06666667014360428, 0.0, 0.0, 0.06666667014360428, 0.06666667014360428, 0.06666667014360428, 0.06666667014360428, 0.0, 0.0, 0.0, 0.0, 0.0, 0.0, 0.06666667014360428, 0.0, 0.06666667014360428, 0.06666667014360428, 0.0, 0.0, 0.06666667014360428, 0.0, 0.06666667014360428, 0.0, 0.0, 0.0, 0.06666667014360428, 0.06666667014360428, 0.06666667014360428]}}
==================================================
[DEBUG]   Trump Analysis:
[DEBUG]     Probabilities: [0. 1. 0. 0.]
[DEBUG]     Predicted trump: D
[DEBUG]     Confidence: 1.0000
[DEBUG]   Opponent Strength Analysis:
[DEBUG]     Opponent 0: 0.0357
[DEBUG]     Opponent 1: 0.0357
[DEBUG]     Opponent 2: 0.0357
[DEBUG]   Void Suit Analysis:
[DEBUG]     Opponent 0 void in: ['D', 'C', 'S']
[DEBUG]     Opponent 1 void in: ['D', 'C', 'S']
[DEBUG]     Opponent 2 void in: ['D', 'C', 'S']
[DEBUG]   Uncertainty: 0.0000
[DEBUG]     Strategy: Smart ISMCTS + Belief Model Bidding
[DEBUG]     Using ISMCTS for strategic bidding decision
[DEBUG]     Running ISMCTS with 1000 simulations...
[DEBUG]     ISMCTS completed, best action: 17
Pass: Player 3 (min_allowed=18)
Auction winner: Player 0 with bid 17
[DEBUG] TRUMP SELECTION - Player 0 (Hybrid Agent 0)
[DEBUG]   Hand: ['JS', 'QS', '10C', 'AS']
[DEBUG]   Hybrid agent selected trump: D (method: belief_model)
[DEBUG]   Confidence: 1.000
[DEBUG]   Reasoning: Trump probabilities: {'H': np.float32(0.0), 'D': np.float32(1.0), 'C': np.float32(0.0), 'S': np.float32(0.0)}
[DEBUG]     Updating belief model with new information:
[DEBUG]       Action: trump_revealed
[DEBUG]         Trump suit set to D
[DEBUG]       Belief model updated successfully
Bidder sets concealed trump suit: D
Phase: concealed, bidder concealed card: [face-down trump]

Full hands (8 cards each):
Player 0 full hand: ['JS', 'QS', '10C', 'AS', 'KS', 'JC', 'QD', 'QC']
Player 1 full hand: ['9S', '8H', 'JH', '7H', '8S', 'QH', 'AH', '10D']
Player 2 full hand: ['7D', 'KH', '8C', '9H', '10S', 'AC', '9D', '10H']
Player 3 full hand: ['7C', 'AD', '7S', 'JD', 'KD', '8D', '9C', 'KC']

Player 0 (auction 4 cards): ['JS', 'QS', '10C', 'AS']
Player 1 (auction 4 cards): ['9S', '8H', 'JH', '7H']
Player 2 (auction 4 cards): ['7D', 'KH', '8C', '9H']
Player 3 (auction 4 cards): ['7C', 'AD', '7S', 'JD']
Auction winner (bidder): Player 0 with bid 17
Bidder sets concealed trump suit: D
Phase: concealed, bidder concealed card: [face-down trump]

[DEBUG]   Player 0 (Hybrid Agent 0) choosing card:
[DEBUG]     Remaining hand (8 cards): ['JS', 'QS', '10C', 'AS', 'KS', 'JC', 'QD', 'QC']
[DEBUG]     Legal cards (7): ['JS', 'QS', '10C', 'AS', 'KS', 'JC', 'QC']
[DEBUG]     Current trick: 0 cards played
[DEBUG]     Trump suit: D
[DEBUG]     Hybrid agent selected card: JS (method: belief_model)
[DEBUG]     Confidence: 0.650
[DEBUG]     Reasoning: Card evaluation score: 3.000
[DEBUG]     Updating belief model with new information:
[DEBUG]       Action: card_played
[DEBUG]       Belief model updated successfully
[DEBUG]   Player 1 (Hybrid Agent 1) choosing card:
[DEBUG]     Remaining hand (8 cards): ['9S', '8H', 'JH', '7H', '8S', 'QH', 'AH', '10D']
[DEBUG]     Legal cards (2): ['9S', '8S']
[DEBUG]     Current trick: 1 cards played
[DEBUG]     Lead suit: S
[DEBUG]     Trump suit: D
[DEBUG]     Hybrid agent selected card: 9S (method: belief_model)
[DEBUG]     Confidence: 0.600
[DEBUG]     Reasoning: Card evaluation score: 2.000
[DEBUG]     Updating belief model with new information:
[DEBUG]       Action: card_played
[DEBUG]       Belief model updated successfully
[DEBUG]   Player 2 (Hybrid Agent 2) choosing card:
[DEBUG]     Remaining hand (8 cards): ['7D', 'KH', '8C', '9H', '10S', 'AC', '9D', '10H']
[DEBUG]     Legal cards (1): ['10S']
[DEBUG]     Current trick: 2 cards played
[DEBUG]     Lead suit: S
[DEBUG]     Trump suit: D
[DEBUG]     Hybrid agent selected card: 10S (method: belief_model)
[DEBUG]     Confidence: 0.550
[DEBUG]     Reasoning: Card evaluation score: 1.000
[DEBUG]     Updating belief model with new information:
[DEBUG]       Action: card_played
[DEBUG]       Belief model updated successfully
[DEBUG]   Player 3 (Hybrid Agent 3) choosing card:
[DEBUG]     Remaining hand (8 cards): ['7C', 'AD', '7S', 'JD', 'KD', '8D', '9C', 'KC']
[DEBUG]     Legal cards (1): ['7S']
[DEBUG]     Current trick: 3 cards played
[DEBUG]     Lead suit: S
[DEBUG]     Trump suit: D
[DEBUG]     Hybrid agent selected card: 7S (method: belief_model)
[DEBUG]     Confidence: 0.500
[DEBUG]     Reasoning: Card evaluation score: 0.000
[DEBUG]     Updating belief model with new information:
[DEBUG]       Action: card_played
[DEBUG]       Belief model updated successfully
Trick 1 order: P0:JS, P1:9S, P2:10S, P3:7S
Player 0 won the hand: 6 points


[DEBUG]   Player 0 (Hybrid Agent 0) choosing card:
[DEBUG]     Remaining hand (7 cards): ['QS', '10C', 'AS', 'KS', 'JC', 'QD', 'QC']
[DEBUG]     Legal cards (6): ['QS', '10C', 'AS', 'KS', 'JC', 'QC']
[DEBUG]     Current trick: 0 cards played
[DEBUG]     Trump suit: D
[DEBUG]     Hybrid agent selected card: JC (method: belief_model)
[DEBUG]     Confidence: 0.650
[DEBUG]     Reasoning: Card evaluation score: 3.000
[DEBUG]     Updating belief model with new information:
[DEBUG]       Action: card_played
[DEBUG]       Belief model updated successfully
[DEBUG]   Player 1 (Hybrid Agent 1) choosing card:
[DEBUG]     Remaining hand (7 cards): ['8H', 'JH', '7H', '8S', 'QH', 'AH', '10D']
[DEBUG]     Legal cards (7): ['8H', 'JH', '7H', '8S', 'QH', 'AH', '10D']
[DEBUG]     Current trick: 1 cards played
[DEBUG]     Lead suit: C
[DEBUG]     Trump suit: D
[DEBUG]     Hybrid agent selected card: JH (method: belief_model)
[DEBUG]     Confidence: 0.650
[DEBUG]     Reasoning: Card evaluation score: 3.000
[DEBUG]     Updating belief model with new information:
[DEBUG]       Action: card_played
[DEBUG]         Player 1 void in C (played H)
[DEBUG]       Belief model updated successfully
[DEBUG]   Player 2 (Hybrid Agent 2) choosing card:
[DEBUG]     Remaining hand (7 cards): ['7D', 'KH', '8C', '9H', 'AC', '9D', '10H']
[DEBUG]     Legal cards (2): ['8C', 'AC']
[DEBUG]     Current trick: 2 cards played
[DEBUG]     Lead suit: C
[DEBUG]     Trump suit: D
[DEBUG]     Hybrid agent selected card: AC (method: belief_model)
[DEBUG]     Confidence: 0.550
[DEBUG]     Reasoning: Card evaluation score: 1.000
[DEBUG]     Updating belief model with new information:
[DEBUG]       Action: card_played
[DEBUG]       Belief model updated successfully
[DEBUG]   Player 3 (Hybrid Agent 3) choosing card:
[DEBUG]     Remaining hand (7 cards): ['7C', 'AD', 'JD', 'KD', '8D', '9C', 'KC']
[DEBUG]     Legal cards (3): ['7C', '9C', 'KC']
[DEBUG]     Current trick: 3 cards played
[DEBUG]     Lead suit: C
[DEBUG]     Trump suit: D
[DEBUG]     Hybrid agent selected card: 9C (method: belief_model)
[DEBUG]     Confidence: 0.600
[DEBUG]     Reasoning: Card evaluation score: 2.000
[DEBUG]     Updating belief model with new information:
[DEBUG]       Action: card_played
[DEBUG]       Belief model updated successfully
Trick 2 order: P0:JC, P1:JH, P2:AC, P3:9C
Player 0 won the hand: 9 points


[DEBUG]   Player 0 (Hybrid Agent 0) choosing card:
[DEBUG]     Remaining hand (6 cards): ['QS', '10C', 'AS', 'KS', 'QD', 'QC']
[DEBUG]     Legal cards (5): ['QS', '10C', 'AS', 'KS', 'QC']
[DEBUG]     Current trick: 0 cards played
[DEBUG]     Trump suit: D
[DEBUG]     Hybrid agent selected card: 10C (method: belief_model)
[DEBUG]     Confidence: 0.550
[DEBUG]     Reasoning: Card evaluation score: 1.000
[DEBUG]     Updating belief model with new information:
[DEBUG]       Action: card_played
[DEBUG]       Belief model updated successfully
[DEBUG]   Player 1 (Hybrid Agent 1) choosing card:
[DEBUG]     Remaining hand (6 cards): ['8H', '7H', '8S', 'QH', 'AH', '10D']
[DEBUG]     Legal cards (6): ['8H', '7H', '8S', 'QH', 'AH', '10D']
[DEBUG]     Current trick: 1 cards played
[DEBUG]     Lead suit: C
[DEBUG]     Trump suit: D
[DEBUG]     Hybrid agent selected card: 10D (method: belief_model)
[DEBUG]     Confidence: 0.600
[DEBUG]     Reasoning: Card evaluation score: 2.000
[DEBUG]     Updating belief model with new information:
[DEBUG]       Action: card_played
[DEBUG]         Trump revealed! Phase updated to REVEALED
[DEBUG]         Player 1 void in C (played D)
[DEBUG]       Belief model updated successfully
-- Phase 2 begins: Trump revealed as D by Player 1 on trick 3 --
[DEBUG] TRUMP REVEALED!
[DEBUG]   Player 1 revealed trump D
[DEBUG]   Trick number: 3
[DEBUG]   Card played: 10D
[DEBUG]   Game phase changed from CONCEALED to REVEALED
[DEBUG]   Player 2 (Hybrid Agent 2) choosing card:
[DEBUG]     Remaining hand (6 cards): ['7D', 'KH', '8C', '9H', '9D', '10H']
[DEBUG]     Legal cards (1): ['8C']
[DEBUG]     Current trick: 2 cards played
[DEBUG]     Lead suit: C
[DEBUG]     Trump suit: D
[DEBUG]     Hybrid agent selected card: 8C (method: belief_model)
[DEBUG]     Confidence: 0.500
[DEBUG]     Reasoning: Card evaluation score: 0.000
[DEBUG]     Updating belief model with new information:
[DEBUG]       Action: card_played
[DEBUG]       Belief model updated successfully
[DEBUG]   Player 3 (Hybrid Agent 3) choosing card:
[DEBUG]     Remaining hand (6 cards): ['7C', 'AD', 'JD', 'KD', '8D', 'KC']
[DEBUG]     Legal cards (2): ['7C', 'KC']
[DEBUG]     Current trick: 3 cards played
[DEBUG]     Lead suit: C
[DEBUG]     Trump suit: D
[DEBUG]     Hybrid agent selected card: 7C (method: belief_model)
[DEBUG]     Confidence: 0.500
[DEBUG]     Reasoning: Card evaluation score: 0.000
[DEBUG]     Updating belief model with new information:
[DEBUG]       Action: card_played
[DEBUG]       Belief model updated successfully
Trick 3 order: P0:10C, P1:10D, P2:8C, P3:7C
Player 1 won the hand: 2 points


[DEBUG]   Player 1 (Hybrid Agent 1) choosing card:
[DEBUG]     Remaining hand (5 cards): ['8H', '7H', '8S', 'QH', 'AH']
[DEBUG]     Legal cards (5): ['8H', '7H', '8S', 'QH', 'AH']
[DEBUG]     Current trick: 0 cards played
[DEBUG]     Trump suit: D
[DEBUG]     Hybrid agent selected card: AH (method: hybrid)
[DEBUG]     Confidence: 0.605
[DEBUG]     Reasoning: Hybrid card: Belief(AH, 0.550) vs ISMCTS(AH, 0.660)
[DEBUG]     Updating belief model with new information:
[DEBUG]       Action: card_played
[DEBUG]       Belief model updated successfully
[DEBUG]   Player 2 (Hybrid Agent 2) choosing card:
[DEBUG]     Remaining hand (5 cards): ['7D', 'KH', '9H', '9D', '10H']
[DEBUG]     Legal cards (3): ['KH', '9H', '10H']
[DEBUG]     Current trick: 1 cards played
[DEBUG]     Lead suit: H
[DEBUG]     Trump suit: D
[DEBUG]     Hybrid agent selected card: 9H (method: hybrid)
[DEBUG]     Confidence: 0.900
[DEBUG]     Reasoning: Hybrid card: Belief(9H, 0.850) vs ISMCTS(9H, 0.950)
[DEBUG]     Updating belief model with new information:
[DEBUG]       Action: card_played
[DEBUG]       Belief model updated successfully
[DEBUG]   Player 3 (Hybrid Agent 3) choosing card:
[DEBUG]     Remaining hand (5 cards): ['AD', 'JD', 'KD', '8D', 'KC']
[DEBUG]     Legal cards (5): ['AD', 'JD', 'KD', '8D', 'KC']
[DEBUG]     Current trick: 2 cards played
[DEBUG]     Lead suit: H
[DEBUG]     Trump suit: D
[DEBUG]     Hybrid agent selected card: JD (method: hybrid)
[DEBUG]     Confidence: 0.875
[DEBUG]     Reasoning: Hybrid card: Belief(JD, 0.800) vs ISMCTS(JD, 0.950)
[DEBUG]     Updating belief model with new information:
[DEBUG]       Action: card_played
[DEBUG]         Player 3 void in H (played D)
[DEBUG]       Belief model updated successfully
[DEBUG]   Player 0 (Hybrid Agent 0) choosing card:
[DEBUG]     Remaining hand (5 cards): ['QS', 'AS', 'KS', 'QD', 'QC']
[DEBUG]     Legal cards (5): ['QS', 'AS', 'KS', 'QD', 'QC']
[DEBUG]     Current trick: 3 cards played
[DEBUG]     Lead suit: H
[DEBUG]     Trump suit: D
[DEBUG]     Hybrid agent selected card: AS (method: hybrid)
[DEBUG]     Confidence: 0.605
[DEBUG]     Reasoning: Hybrid card: Belief(AS, 0.550) vs ISMCTS(AS, 0.660)
[DEBUG]     Updating belief model with new information:
[DEBUG]       Action: card_played
[DEBUG]         Player 0 void in H (played S)
[DEBUG]       Belief model updated successfully
Trick 4 order: P1:AH, P2:9H, P3:JD, P0:AS
Player 3 won the hand: 7 points


[DEBUG]   Player 3 (Hybrid Agent 3) choosing card:
[DEBUG]     Remaining hand (4 cards): ['AD', 'KD', '8D', 'KC']
[DEBUG]     Legal cards (4): ['AD', 'KD', '8D', 'KC']
[DEBUG]     Current trick: 0 cards played
[DEBUG]     Trump suit: D
[DEBUG]     Hybrid agent selected card: AD (method: hybrid)
[DEBUG]     Confidence: 0.660
[DEBUG]     Reasoning: Hybrid card: Belief(AD, 0.600) vs ISMCTS(AD, 0.720)
[DEBUG]     Updating belief model with new information:
[DEBUG]       Action: card_played
[DEBUG]       Belief model updated successfully
[DEBUG]   Player 0 (Hybrid Agent 0) choosing card:
[DEBUG]     Remaining hand (4 cards): ['QS', 'KS', 'QD', 'QC']
[DEBUG]     Legal cards (1): ['QD']
[DEBUG]     Current trick: 1 cards played
[DEBUG]     Lead suit: D
[DEBUG]     Trump suit: D
[DEBUG]     Hybrid agent selected card: QD (method: hybrid)
[DEBUG]     Confidence: 0.550
[DEBUG]     Reasoning: Hybrid card: Belief(QD, 0.500) vs ISMCTS(QD, 0.600)
[DEBUG]     Updating belief model with new information:
[DEBUG]       Action: card_played
[DEBUG]       Belief model updated successfully
[DEBUG]   Player 1 (Hybrid Agent 1) choosing card:
[DEBUG]     Remaining hand (4 cards): ['8H', '7H', '8S', 'QH']
[DEBUG]     Legal cards (4): ['8H', '7H', '8S', 'QH']
[DEBUG]     Current trick: 2 cards played
[DEBUG]     Lead suit: D
[DEBUG]     Trump suit: D
[DEBUG]     Hybrid agent selected card: 8H (method: hybrid)
[DEBUG]     Confidence: 0.550
[DEBUG]     Reasoning: Hybrid card: Belief(8H, 0.500) vs ISMCTS(8H, 0.600)
[DEBUG]     Updating belief model with new information:
[DEBUG]       Action: card_played
[DEBUG]         Player 1 void in D (played H)
[DEBUG]       Belief model updated successfully
[DEBUG]   Player 2 (Hybrid Agent 2) choosing card:
[DEBUG]     Remaining hand (4 cards): ['7D', 'KH', '9D', '10H']
[DEBUG]     Legal cards (2): ['7D', '9D']
[DEBUG]     Current trick: 3 cards played
[DEBUG]     Lead suit: D
[DEBUG]     Trump suit: D
[DEBUG]     Hybrid agent selected card: 9D (method: hybrid)
[DEBUG]     Confidence: 0.925
[DEBUG]     Reasoning: Hybrid card: Belief(9D, 0.900) vs ISMCTS(9D, 0.950)
[DEBUG]     Updating belief model with new information:
[DEBUG]       Action: card_played
[DEBUG]       Belief model updated successfully
Trick 5 order: P3:AD, P0:QD, P1:8H, P2:9D
Player 2 won the hand: 3 points


[DEBUG]   Player 2 (Hybrid Agent 2) choosing card:
[DEBUG]     Remaining hand (3 cards): ['7D', 'KH', '10H']
[DEBUG]     Legal cards (3): ['7D', 'KH', '10H']
[DEBUG]     Current trick: 0 cards played
[DEBUG]     Trump suit: D
[DEBUG]     Hybrid agent selected card: 10H (method: hybrid)
[DEBUG]     Confidence: 0.605
[DEBUG]     Reasoning: Hybrid card: Belief(10H, 0.550) vs ISMCTS(10H, 0.660)
[DEBUG]     Updating belief model with new information:
[DEBUG]       Action: card_played
[DEBUG]       Belief model updated successfully
[DEBUG]   Player 3 (Hybrid Agent 3) choosing card:
[DEBUG]     Remaining hand (3 cards): ['KD', '8D', 'KC']
[DEBUG]     Legal cards (3): ['KD', '8D', 'KC']
[DEBUG]     Current trick: 1 cards played
[DEBUG]     Lead suit: H
[DEBUG]     Trump suit: D
[DEBUG]     Hybrid agent selected card: KD (method: hybrid)
[DEBUG]     Confidence: 0.550
[DEBUG]     Reasoning: Hybrid card: Belief(KD, 0.500) vs ISMCTS(KD, 0.600)
[DEBUG]     Updating belief model with new information:
[DEBUG]       Action: card_played
[DEBUG]         Player 3 void in H (played D)
[DEBUG]       Belief model updated successfully
[DEBUG]   Player 0 (Hybrid Agent 0) choosing card:
[DEBUG]     Remaining hand (3 cards): ['QS', 'KS', 'QC']
[DEBUG]     Legal cards (3): ['QS', 'KS', 'QC']
[DEBUG]     Current trick: 2 cards played
[DEBUG]     Lead suit: H
[DEBUG]     Trump suit: D
[DEBUG]     Hybrid agent selected card: QS (method: hybrid)
[DEBUG]     Confidence: 0.550
[DEBUG]     Reasoning: Hybrid card: Belief(QS, 0.500) vs ISMCTS(QS, 0.600)
[DEBUG]     Updating belief model with new information:
[DEBUG]       Action: card_played
[DEBUG]         Player 0 void in H (played S)
[DEBUG]       Belief model updated successfully
[DEBUG]   Player 1 (Hybrid Agent 1) choosing card:
[DEBUG]     Remaining hand (3 cards): ['7H', '8S', 'QH']
[DEBUG]     Legal cards (2): ['7H', 'QH']
[DEBUG]     Current trick: 3 cards played
[DEBUG]     Lead suit: H
[DEBUG]     Trump suit: D
[DEBUG]     Hybrid agent selected card: 7H (method: hybrid)
[DEBUG]     Confidence: 0.550
[DEBUG]     Reasoning: Hybrid card: Belief(7H, 0.500) vs ISMCTS(7H, 0.600)
[DEBUG]     Updating belief model with new information:
[DEBUG]       Action: card_played
[DEBUG]       Belief model updated successfully
Trick 6 order: P2:10H, P3:KD, P0:QS, P1:7H
Player 3 won the hand: 1 points


[DEBUG]   Player 3 (Hybrid Agent 3) choosing card:
[DEBUG]     Remaining hand (2 cards): ['8D', 'KC']
[DEBUG]     Legal cards (2): ['8D', 'KC']
[DEBUG]     Current trick: 0 cards played
[DEBUG]     Trump suit: D
[DEBUG]     Hybrid agent selected card: 8D (method: ismcts)
[DEBUG]     Confidence: 0.600
[DEBUG]     Reasoning: Card evaluation score: 0.000
[DEBUG]     Updating belief model with new information:
[DEBUG]       Action: card_played
[DEBUG]       Belief model updated successfully
[DEBUG]   Player 0 (Hybrid Agent 0) choosing card:
[DEBUG]     Remaining hand (2 cards): ['KS', 'QC']
[DEBUG]     Legal cards (2): ['KS', 'QC']
[DEBUG]     Current trick: 1 cards played
[DEBUG]     Lead suit: D
[DEBUG]     Trump suit: D
[DEBUG]     Hybrid agent selected card: KS (method: ismcts)
[DEBUG]     Confidence: 0.600
[DEBUG]     Reasoning: Card evaluation score: 0.000
[DEBUG]     Updating belief model with new information:
[DEBUG]       Action: card_played
[DEBUG]         Player 0 void in D (played S)
[DEBUG]       Belief model updated successfully
[DEBUG]   Player 1 (Hybrid Agent 1) choosing card:
[DEBUG]     Remaining hand (2 cards): ['8S', 'QH']
[DEBUG]     Legal cards (2): ['8S', 'QH']
[DEBUG]     Current trick: 2 cards played
[DEBUG]     Lead suit: D
[DEBUG]     Trump suit: D
[DEBUG]     Hybrid agent selected card: 8S (method: ismcts)
[DEBUG]     Confidence: 0.600
[DEBUG]     Reasoning: Card evaluation score: 0.000
[DEBUG]     Updating belief model with new information:
[DEBUG]       Action: card_played
[DEBUG]         Player 1 void in D (played S)
[DEBUG]       Belief model updated successfully
[DEBUG]   Player 2 (Hybrid Agent 2) choosing card:
[DEBUG]     Remaining hand (2 cards): ['7D', 'KH']
[DEBUG]     Legal cards (1): ['7D']
[DEBUG]     Current trick: 3 cards played
[DEBUG]     Lead suit: D
[DEBUG]     Trump suit: D
[DEBUG]     Hybrid agent selected card: 7D (method: ismcts)
[DEBUG]     Confidence: 0.600
[DEBUG]     Reasoning: Card evaluation score: 0.000
[DEBUG]     Updating belief model with new information:
[DEBUG]       Action: card_played
[DEBUG]       Belief model updated successfully
Trick 7 order: P3:8D, P0:KS, P1:8S, P2:7D
Player 3 won the hand: 0 points


[DEBUG]   Player 3 (Hybrid Agent 3) choosing card:
[DEBUG]     Remaining hand (1 cards): ['KC']
[DEBUG]     Legal cards (1): ['KC']
[DEBUG]     Current trick: 0 cards played
[DEBUG]     Trump suit: D
[DEBUG]     Hybrid agent selected card: KC (method: ismcts)
[DEBUG]     Confidence: 0.600
[DEBUG]     Reasoning: Card evaluation score: 0.000
[DEBUG]     Updating belief model with new information:
[DEBUG]       Action: card_played
[DEBUG]       Belief model updated successfully
[DEBUG]   Player 0 (Hybrid Agent 0) choosing card:
[DEBUG]     Remaining hand (1 cards): ['QC']
[DEBUG]     Legal cards (1): ['QC']
[DEBUG]     Current trick: 1 cards played
[DEBUG]     Lead suit: C
[DEBUG]     Trump suit: D
[DEBUG]     Hybrid agent selected card: QC (method: ismcts)
[DEBUG]     Confidence: 0.600
[DEBUG]     Reasoning: Card evaluation score: 0.000
[DEBUG]     Updating belief model with new information:
[DEBUG]       Action: card_played
[DEBUG]       Belief model updated successfully
[DEBUG]   Player 1 (Hybrid Agent 1) choosing card:
[DEBUG]     Remaining hand (1 cards): ['QH']
[DEBUG]     Legal cards (1): ['QH']
[DEBUG]     Current trick: 2 cards played
[DEBUG]     Lead suit: C
[DEBUG]     Trump suit: D
[DEBUG]     Hybrid agent selected card: QH (method: ismcts)
[DEBUG]     Confidence: 0.600
[DEBUG]     Reasoning: Card evaluation score: 0.000
[DEBUG]     Updating belief model with new information:
[DEBUG]       Action: card_played
[DEBUG]         Player 1 void in C (played H)
[DEBUG]       Belief model updated successfully
[DEBUG]   Player 2 (Hybrid Agent 2) choosing card:
[DEBUG]     Remaining hand (1 cards): ['KH']
[DEBUG]     Legal cards (1): ['KH']
[DEBUG]     Current trick: 3 cards played
[DEBUG]     Lead suit: C
[DEBUG]     Trump suit: D
[DEBUG]     Hybrid agent selected card: KH (method: ismcts)
[DEBUG]     Confidence: 0.600
[DEBUG]     Reasoning: Card evaluation score: 0.000
[DEBUG]     Updating belief model with new information:
[DEBUG]       Action: card_played
[DEBUG]         Player 2 void in C (played H)
[DEBUG]       Belief model updated successfully
Trick 8 order: P3:KC, P0:QC, P1:QH, P2:KH
Player 3 won the hand: 0 points


=== GAME SUMMARY ===
Team A (Players 0 & 2): 18 points
Team B (Players 1 & 3): 10 points
Bidder: Player 0 (Team A)
Winning Bid: 17
Bid Success: YES
Game Winner: Team A (Players 0 & 2)
Total Tricks: 8